Archive member included to satisfy reference by file (symbol)

c:/st/stm32cubeide_1.9.0/stm32cubeide/plugins/com.st.stm32cube.ide.mcu.externaltools.gnu-tools-for-stm32.10.3-2021.10.win32_1.0.0.202111181127/tools/bin/../lib/gcc/arm-none-eabi/10.3.1/../../../../arm-none-eabi/lib/thumb/v6-m/nofp\libc.a(lib_a-atof.o)
                              BOS\BOS_CLI.o (atof)
c:/st/stm32cubeide_1.9.0/stm32cubeide/plugins/com.st.stm32cube.ide.mcu.externaltools.gnu-tools-for-stm32.10.3-2021.10.win32_1.0.0.202111181127/tools/bin/../lib/gcc/arm-none-eabi/10.3.1/../../../../arm-none-eabi/lib/thumb/v6-m/nofp\libc.a(lib_a-atoi.o)
                              BOS\BOS_CLI.o (atoi)
c:/st/stm32cubeide_1.9.0/stm32cubeide/plugins/com.st.stm32cube.ide.mcu.externaltools.gnu-tools-for-stm32.10.3-2021.10.win32_1.0.0.202111181127/tools/bin/../lib/gcc/arm-none-eabi/10.3.1/../../../../arm-none-eabi/lib/thumb/v6-m/nofp\libc.a(lib_a-atol.o)
                              BOS\BOS.o (atol)
c:/st/stm32cubeide_1.9.0/stm32cubeide/plugins/com.st.stm32cube.ide.mcu.externaltools.gnu-tools-for-stm32.10.3-2021.10.win32_1.0.0.202111181127/tools/bin/../lib/gcc/arm-none-eabi/10.3.1/../../../../arm-none-eabi/lib/thumb/v6-m/nofp\libc.a(lib_a-ctype_.o)
                              BOS\BOS_CLI.o (_ctype_)
c:/st/stm32cubeide_1.9.0/stm32cubeide/plugins/com.st.stm32cube.ide.mcu.externaltools.gnu-tools-for-stm32.10.3-2021.10.win32_1.0.0.202111181127/tools/bin/../lib/gcc/arm-none-eabi/10.3.1/../../../../arm-none-eabi/lib/thumb/v6-m/nofp\libc.a(lib_a-exit.o)
                              c:/st/stm32cubeide_1.9.0/stm32cubeide/plugins/com.st.stm32cube.ide.mcu.externaltools.gnu-tools-for-stm32.10.3-2021.10.win32_1.0.0.202111181127/tools/bin/../lib/gcc/arm-none-eabi/10.3.1/../../../../arm-none-eabi/lib/thumb/v6-m/nofp/crt0.o (exit)
c:/st/stm32cubeide_1.9.0/stm32cubeide/plugins/com.st.stm32cube.ide.mcu.externaltools.gnu-tools-for-stm32.10.3-2021.10.win32_1.0.0.202111181127/tools/bin/../lib/gcc/arm-none-eabi/10.3.1/../../../../arm-none-eabi/lib/thumb/v6-m/nofp\libc.a(lib_a-impure.o)
                              c:/st/stm32cubeide_1.9.0/stm32cubeide/plugins/com.st.stm32cube.ide.mcu.externaltools.gnu-tools-for-stm32.10.3-2021.10.win32_1.0.0.202111181127/tools/bin/../lib/gcc/arm-none-eabi/10.3.1/../../../../arm-none-eabi/lib/thumb/v6-m/nofp\libc.a(lib_a-exit.o) (_global_impure_ptr)
c:/st/stm32cubeide_1.9.0/stm32cubeide/plugins/com.st.stm32cube.ide.mcu.externaltools.gnu-tools-for-stm32.10.3-2021.10.win32_1.0.0.202111181127/tools/bin/../lib/gcc/arm-none-eabi/10.3.1/../../../../arm-none-eabi/lib/thumb/v6-m/nofp\libc.a(lib_a-init.o)
                              c:/st/stm32cubeide_1.9.0/stm32cubeide/plugins/com.st.stm32cube.ide.mcu.externaltools.gnu-tools-for-stm32.10.3-2021.10.win32_1.0.0.202111181127/tools/bin/../lib/gcc/arm-none-eabi/10.3.1/../../../../arm-none-eabi/lib/thumb/v6-m/nofp/crt0.o (__libc_init_array)
c:/st/stm32cubeide_1.9.0/stm32cubeide/plugins/com.st.stm32cube.ide.mcu.externaltools.gnu-tools-for-stm32.10.3-2021.10.win32_1.0.0.202111181127/tools/bin/../lib/gcc/arm-none-eabi/10.3.1/../../../../arm-none-eabi/lib/thumb/v6-m/nofp\libc.a(lib_a-malloc.o)
                              BOS\BOS.o (malloc)
c:/st/stm32cubeide_1.9.0/stm32cubeide/plugins/com.st.stm32cube.ide.mcu.externaltools.gnu-tools-for-stm32.10.3-2021.10.win32_1.0.0.202111181127/tools/bin/../lib/gcc/arm-none-eabi/10.3.1/../../../../arm-none-eabi/lib/thumb/v6-m/nofp\libc.a(lib_a-mallocr.o)
                              c:/st/stm32cubeide_1.9.0/stm32cubeide/plugins/com.st.stm32cube.ide.mcu.externaltools.gnu-tools-for-stm32.10.3-2021.10.win32_1.0.0.202111181127/tools/bin/../lib/gcc/arm-none-eabi/10.3.1/../../../../arm-none-eabi/lib/thumb/v6-m/nofp\libc.a(lib_a-malloc.o) (_malloc_r)
c:/st/stm32cubeide_1.9.0/stm32cubeide/plugins/com.st.stm32cube.ide.mcu.externaltools.gnu-tools-for-stm32.10.3-2021.10.win32_1.0.0.202111181127/tools/bin/../lib/gcc/arm-none-eabi/10.3.1/../../../../arm-none-eabi/lib/thumb/v6-m/nofp\libc.a(lib_a-memcpy-stub.o)
                              BOS\BOS.o (memcpy)
c:/st/stm32cubeide_1.9.0/stm32cubeide/plugins/com.st.stm32cube.ide.mcu.externaltools.gnu-tools-for-stm32.10.3-2021.10.win32_1.0.0.202111181127/tools/bin/../lib/gcc/arm-none-eabi/10.3.1/../../../../arm-none-eabi/lib/thumb/v6-m/nofp\libc.a(lib_a-memset.o)
                              c:/st/stm32cubeide_1.9.0/stm32cubeide/plugins/com.st.stm32cube.ide.mcu.externaltools.gnu-tools-for-stm32.10.3-2021.10.win32_1.0.0.202111181127/tools/bin/../lib/gcc/arm-none-eabi/10.3.1/../../../../arm-none-eabi/lib/thumb/v6-m/nofp/crt0.o (memset)
c:/st/stm32cubeide_1.9.0/stm32cubeide/plugins/com.st.stm32cube.ide.mcu.externaltools.gnu-tools-for-stm32.10.3-2021.10.win32_1.0.0.202111181127/tools/bin/../lib/gcc/arm-none-eabi/10.3.1/../../../../arm-none-eabi/lib/thumb/v6-m/nofp\libc.a(lib_a-mlock.o)
[...]
Memory Configuration

Name             Origin             Length             Attributes
RAM              0x0000000020000000 0x0000000000024000 xrw
FLASH            0x0000000008000000 0x0000000000080000 xr
*default*        0x0000000000000000 0xffffffffffffffff

Linker script and memory map

LOAD c:/st/stm32cubeide_1.9.0/stm32cubeide/plugins/com.st.stm32cube.ide.mcu.externaltools.gnu-tools-for-stm32.10.3-2021.10.win32_1.0.0.202111181127/tools/bin/../lib/gcc/arm-none-eabi/10.3.1/thumb/v6-m/nofp/crti.o
LOAD c:/st/stm32cubeide_1.9.0/stm32cubeide/plugins/com.st.stm32cube.ide.mcu.externaltools.gnu-tools-for-stm32.10.3-2021.10.win32_1.0.0.202111181127/tools/bin/../lib/gcc/arm-none-eabi/10.3.1/thumb/v6-m/nofp/crtbegin.o
LOAD c:/st/stm32cubeide_1.9.0/stm32cubeide/plugins/com.st.stm32cube.ide.mcu.externaltools.gnu-tools-for-stm32.10.3-2021.10.win32_1.0.0.202111181127/tools/bin/../lib/gcc/arm-none-eabi/10.3.1/../../../../arm-none-eabi/lib/thumb/v6-m/nofp/crt0.o
LOAD BOS\BOS.o
LOAD BOS\BOS_CLI.o
LOAD BOS\BOS_CLIcommands.o
LOAD BOS\BOS_dma.o
LOAD BOS\BOS_freertos.o
LOAD BOS\BOS_messaging.o
LOAD BOS\BOS_msgparser.o
LOAD H2BR1\H2BR1.o
LOAD H2BR1\H2BR1_dma.o
LOAD H2BR1\H2BR1_eeprom.o
LOAD H2BR1\H2BR1_gpio.o
LOAD H2BR1\H2BR1_i2c.o
LOAD H2BR1\H2BR1_inputs.o
LOAD H2BR1\H2BR1_it.o
LOAD H2BR1\H2BR1_rtc.o
LOAD H2BR1\H2BR1_timers.o
LOAD H2BR1\H2BR1_uart.o
LOAD H2BR1\startup_stm32g0b1ceuxn.o
LOAD Thirdparty\CMSIS\STM32G0xx\Device\ST\STM32G0xx\Source\Templates\system_stm32g0xx.o
LOAD Thirdparty\Middleware\STM32G0xx\FreeRTOS\Source\CMSIS_RTOS\cmsis_os.o
LOAD Thirdparty\Middleware\STM32G0xx\FreeRTOS\Source\FreeRTOS_CLI.o
LOAD Thirdparty\Middleware\STM32G0xx\FreeRTOS\Source\croutine.o
LOAD Thirdparty\Middleware\STM32G0xx\FreeRTOS\Source\event_groups.o
LOAD Thirdparty\Middleware\STM32G0xx\FreeRTOS\Source\list.o
LOAD Thirdparty\Middleware\STM32G0xx\FreeRTOS\Source\portable\GCC\ARM_CM0\port.o
LOAD Thirdparty\Middleware\STM32G0xx\FreeRTOS\Source\portable\MemMang\heap_4.o
LOAD Thirdparty\Middleware\STM32G0xx\FreeRTOS\Source\queue.o
LOAD Thirdparty\Middleware\STM32G0xx\FreeRTOS\Source\stream_buffer.o
LOAD Thirdparty\Middleware\STM32G0xx\FreeRTOS\Source\tasks.o
LOAD Thirdparty\Middleware\STM32G0xx\FreeRTOS\Source\timers.o
LOAD Thirdparty\STM32G0xx_HAL_Driver\Src\stm32g0xx_hal.o
LOAD Thirdparty\STM32G0xx_HAL_Driver\Src\stm32g0xx_hal_adc.o
LOAD Thirdparty\STM32G0xx_HAL_Driver\Src\stm32g0xx_hal_adc_ex.o
LOAD Thirdparty\STM32G0xx_HAL_Driver\Src\stm32g0xx_hal_cec.o
LOAD Thirdparty\STM32G0xx_HAL_Driver\Src\stm32g0xx_hal_comp.o
LOAD Thirdparty\STM32G0xx_HAL_Driver\Src\stm32g0xx_hal_cortex.o
LOAD Thirdparty\STM32G0xx_HAL_Driver\Src\stm32g0xx_hal_crc.o
LOAD Thirdparty\STM32G0xx_HAL_Driver\Src\stm32g0xx_hal_crc_ex.o
LOAD Thirdparty\STM32G0xx_HAL_Driver\Src\stm32g0xx_hal_cryp.o
LOAD Thirdparty\STM32G0xx_HAL_Driver\Src\stm32g0xx_hal_cryp_ex.o
LOAD Thirdparty\STM32G0xx_HAL_Driver\Src\stm32g0xx_hal_dac.o
LOAD Thirdparty\STM32G0xx_HAL_Driver\Src\stm32g0xx_hal_dac_ex.o
LOAD Thirdparty\STM32G0xx_HAL_Driver\Src\stm32g0xx_hal_dma.o
LOAD Thirdparty\STM32G0xx_HAL_Driver\Src\stm32g0xx_hal_dma_ex.o
LOAD Thirdparty\STM32G0xx_HAL_Driver\Src\stm32g0xx_hal_exti.o
LOAD Thirdparty\STM32G0xx_HAL_Driver\Src\stm32g0xx_hal_fdcan.o
LOAD Thirdparty\STM32G0xx_HAL_Driver\Src\stm32g0xx_hal_flash.o
LOAD Thirdparty\STM32G0xx_HAL_Driver\Src\stm32g0xx_hal_flash_ex.o
LOAD Thirdparty\STM32G0xx_HAL_Driver\Src\stm32g0xx_hal_gpio.o
LOAD Thirdparty\STM32G0xx_HAL_Driver\Src\stm32g0xx_hal_hcd.o
LOAD Thirdparty\STM32G0xx_HAL_Driver\Src\stm32g0xx_hal_i2c.o
LOAD Thirdparty\STM32G0xx_HAL_Driver\Src\stm32g0xx_hal_i2c_ex.o
LOAD Thirdparty\STM32G0xx_HAL_Driver\Src\stm32g0xx_hal_i2s.o
LOAD Thirdparty\STM32G0xx_HAL_Driver\Src\stm32g0xx_hal_irda.o
LOAD Thirdparty\STM32G0xx_HAL_Driver\Src\stm32g0xx_hal_iwdg.o
LOAD Thirdparty\STM32G0xx_HAL_Driver\Src\stm32g0xx_hal_lptim.o
LOAD Thirdparty\STM32G0xx_HAL_Driver\Src\stm32g0xx_hal_msp_template.o
LOAD Thirdparty\STM32G0xx_HAL_Driver\Src\stm32g0xx_hal_pcd.o
LOAD Thirdparty\STM32G0xx_HAL_Driver\Src\stm32g0xx_hal_pcd_ex.o
LOAD Thirdparty\STM32G0xx_HAL_Driver\Src\stm32g0xx_hal_pwr.o
LOAD Thirdparty\STM32G0xx_HAL_Driver\Src\stm32g0xx_hal_pwr_ex.o
LOAD Thirdparty\STM32G0xx_HAL_Driver\Src\stm32g0xx_hal_rcc.o
LOAD Thirdparty\STM32G0xx_HAL_Driver\Src\stm32g0xx_hal_rcc_ex.o
LOAD Thirdparty\STM32G0xx_HAL_Driver\Src\stm32g0xx_hal_rng.o
LOAD Thirdparty\STM32G0xx_HAL_Driver\Src\stm32g0xx_hal_rtc.o
LOAD Thirdparty\STM32G0xx_HAL_Driver\Src\stm32g0xx_hal_rtc_ex.o
LOAD Thirdparty\STM32G0xx_HAL_Driver\Src\stm32g0xx_hal_smartcard.o
LOAD Thirdparty\STM32G0xx_HAL_Driver\Src\stm32g0xx_hal_smartcard_ex.o
LOAD Thirdparty\STM32G0xx_HAL_Driver\Src\stm32g0xx_hal_smbus.o
LOAD Thirdparty\STM32G0xx_HAL_Driver\Src\stm32g0xx_hal_smbus_ex.o
LOAD Thirdparty\STM32G0xx_HAL_Driver\Src\stm32g0xx_hal_spi.o
LOAD Thirdparty\STM32G0xx_HAL_Driver\Src\stm32g0xx_hal_spi_ex.o
LOAD Thirdparty\STM32G0xx_HAL_Driver\Src\stm32g0xx_hal_tim.o
LOAD Thirdparty\STM32G0xx_HAL_Driver\Src\stm32g0xx_hal_tim_ex.o
LOAD Thirdparty\STM32G0xx_HAL_Driver\Src\stm32g0xx_hal_uart.o
LOAD Thirdparty\STM32G0xx_HAL_Driver\Src\stm32g0xx_hal_uart_ex.o
LOAD Thirdparty\STM32G0xx_HAL_Driver\Src\stm32g0xx_hal_usart.o
LOAD Thirdparty\STM32G0xx_HAL_Driver\Src\stm32g0xx_hal_usart_ex.o
LOAD Thirdparty\STM32G0xx_HAL_Driver\Src\stm32g0xx_hal_wwdg.o
LOAD Thirdparty\STM32G0xx_HAL_Driver\Src\stm32g0xx_ll_adc.o
LOAD Thirdparty\STM32G0xx_HAL_Driver\Src\stm32g0xx_ll_comp.o
LOAD Thirdparty\STM32G0xx_HAL_Driver\Src\stm32g0xx_ll_crc.o
LOAD Thirdparty\STM32G0xx_HAL_Driver\Src\stm32g0xx_ll_crs.o
LOAD Thirdparty\STM32G0xx_HAL_Driver\Src\stm32g0xx_ll_dac.o
LOAD Thirdparty\STM32G0xx_HAL_Driver\Src\stm32g0xx_ll_dma.o
LOAD Thirdparty\STM32G0xx_HAL_Driver\Src\stm32g0xx_ll_exti.o
LOAD Thirdparty\STM32G0xx_HAL_Driver\Src\stm32g0xx_ll_gpio.o
LOAD Thirdparty\STM32G0xx_HAL_Driver\Src\stm32g0xx_ll_i2c.o
LOAD Thirdparty\STM32G0xx_HAL_Driver\Src\stm32g0xx_ll_lptim.o
LOAD Thirdparty\STM32G0xx_HAL_Driver\Src\stm32g0xx_ll_lpuart.o
LOAD Thirdparty\STM32G0xx_HAL_Driver\Src\stm32g0xx_ll_pwr.o
LOAD Thirdparty\STM32G0xx_HAL_Driver\Src\stm32g0xx_ll_rcc.o
LOAD Thirdparty\STM32G0xx_HAL_Driver\Src\stm32g0xx_ll_rng.o
LOAD Thirdparty\STM32G0xx_HAL_Driver\Src\stm32g0xx_ll_rtc.o
LOAD Thirdparty\STM32G0xx_HAL_Driver\Src\stm32g0xx_ll_spi.o
LOAD Thirdparty\STM32G0xx_HAL_Driver\Src\stm32g0xx_ll_tim.o
LOAD Thirdparty\STM32G0xx_HAL_Driver\Src\stm32g0xx_ll_ucpd.o
LOAD Thirdparty\STM32G0xx_HAL_Driver\Src\stm32g0xx_ll_usart.o
LOAD Thirdparty\STM32G0xx_HAL_Driver\Src\stm32g0xx_ll_usb.o
LOAD Thirdparty\STM32G0xx_HAL_Driver\Src\stm32g0xx_ll_utils.o
LOAD User\main.o
START GROUP
LOAD c:/st/stm32cubeide_1.9.0/stm32cubeide/plugins/com.st.stm32cube.ide.mcu.externaltools.gnu-tools-for-stm32.10.3-2021.10.win32_1.0.0.202111181127/tools/bin/../lib/gcc/arm-none-eabi/10.3.1/../../../../arm-none-eabi/lib/thumb/v6-m/nofp\libc.a
LOAD c:/st/stm32cubeide_1.9.0/stm32cubeide/plugins/com.st.stm32cube.ide.mcu.externaltools.gnu-tools-for-stm32.10.3-2021.10.win32_1.0.0.202111181127/tools/bin/../lib/gcc/arm-none-eabi/10.3.1/../../../../arm-none-eabi/lib/thumb/v6-m/nofp\libm.a
END GROUP
START GROUP
LOAD c:/st/stm32cubeide_1.9.0/stm32cubeide/plugins/com.st.stm32cube.ide.mcu.externaltools.gnu-tools-for-stm32.10.3-2021.10.win32_1.0.0.202111181127/tools/bin/../lib/gcc/arm-none-eabi/10.3.1/thumb/v6-m/nofp\libgcc.a
LOAD c:/st/stm32cubeide_1.9.0/stm32cubeide/plugins/com.st.stm32cube.ide.mcu.externaltools.gnu-tools-for-stm32.10.3-2021.10.win32_1.0.0.202111181127/tools/bin/../lib/gcc/arm-none-eabi/10.3.1/../../../../arm-none-eabi/lib/thumb/v6-m/nofp\libc.a
END GROUP
START GROUP
LOAD c:/st/stm32cubeide_1.9.0/stm32cubeide/plugins/com.st.stm32cube.ide.mcu.externaltools.gnu-tools-for-stm32.10.3-2021.10.win32_1.0.0.202111181127/tools/bin/../lib/gcc/arm-none-eabi/10.3.1/thumb/v6-m/nofp\libgcc.a
LOAD c:/st/stm32cubeide_1.9.0/stm32cubeide/plugins/com.st.stm32cube.ide.mcu.externaltools.gnu-tools-for-stm32.10.3-2021.10.win32_1.0.0.202111181127/tools/bin/../lib/gcc/arm-none-eabi/10.3.1/../../../../arm-none-eabi/lib/thumb/v6-m/nofp\libc.a
LOAD c:/st/stm32cubeide_1.9.0/stm32cubeide/plugins/com.st.stm32cube.ide.mcu.externaltools.gnu-tools-for-stm32.10.3-2021.10.win32_1.0.0.202111181127/tools/bin/../lib/gcc/arm-none-eabi/10.3.1/../../../../arm-none-eabi/lib/thumb/v6-m/nofp\libnosys.a
END GROUP
LOAD c:/st/stm32cubeide_1.9.0/stm32cubeide/plugins/com.st.stm32cube.ide.mcu.externaltools.gnu-tools-for-stm32.10.3-2021.10.win32_1.0.0.202111181127/tools/bin/../lib/gcc/arm-none-eabi/10.3.1/thumb/v6-m/nofp/crtend.o
LOAD c:/st/stm32cubeide_1.9.0/stm32cubeide/plugins/com.st.stm32cube.ide.mcu.externaltools.gnu-tools-for-stm32.10.3-2021.10.win32_1.0.0.202111181127/tools/bin/../lib/gcc/arm-none-eabi/10.3.1/thumb/v6-m/nofp/crtn.o
                0x0000000020024000                _estack = (ORIGIN (RAM) + LENGTH (RAM))
                0x0000000000000200                _Min_Heap_Size = 0x200
                0x0000000000000400                _Min_Stack_Size = 0x400

.isr_vector     0x0000000008000000       0xbc
                0x0000000008000000                . = ALIGN (0x4)
 *(.isr_vector)
 .isr_vector    0x0000000008000000       0xbc H2BR1\startup_stm32g0b1ceuxn.o
                0x0000000008000000                g_pfnVectors
                0x00000000080000bc                . = ALIGN (0x4)

.text           0x00000000080000c0    0x29198
                0x00000000080000c0                . = ALIGN (0x4)
 *(.text)
 .text          0x00000000080000c0       0x48 c:/st/stm32cubeide_1.9.0/stm32cubeide/plugins/com.st.stm32cube.ide.mcu.externaltools.gnu-tools-for-stm32.10.3-2021.10.win32_1.0.0.202111181127/tools/bin/../lib/gcc/arm-none-eabi/10.3.1/thumb/v6-m/nofp/crtbegin.o
 .text          0x0000000008000108       0x14 c:/st/stm32cubeide_1.9.0/stm32cubeide/plugins/com.st.stm32cube.ide.mcu.externaltools.gnu-tools-for-stm32.10.3-2021.10.win32_1.0.0.202111181127/tools/bin/../lib/gcc/arm-none-eabi/10.3.1/../../../../arm-none-eabi/lib/thumb/v6-m/nofp\libc.a(lib_a-strcmp.o)
                0x0000000008000108                strcmp
 .text          0x000000000800011c        0xe c:/st/stm32cubeide_1.9.0/stm32cubeide/plugins/com.st.stm32cube.ide.mcu.externaltools.gnu-tools-for-stm32.10.3-2021.10.win32_1.0.0.202111181127/tools/bin/../lib/gcc/arm-none-eabi/10.3.1/../../../../arm-none-eabi/lib/thumb/v6-m/nofp\libc.a(lib_a-strlen.o)
                0x000000000800011c                strlen
 *fill*         0x000000000800012a        0x2 
 .text          0x000000000800012c       0x14 c:/st/stm32cubeide_1.9.0/stm32cubeide/plugins/com.st.stm32cube.ide.mcu.externaltools.gnu-tools-for-stm32.10.3-2021.10.win32_1.0.0.202111181127/tools/bin/../lib/gcc/arm-none-eabi/10.3.1/thumb/v6-m/nofp\libgcc.a(_thumb1_case_uqi.o)
                0x000000000800012c                __gnu_thumb1_case_uqi
 .text          0x0000000008000140       0x14 c:/st/stm32cubeide_1.9.0/stm32cubeide/plugins/com.st.stm32cube.ide.mcu.externaltools.gnu-tools-for-stm32.10.3-2021.10.win32_1.0.0.202111181127/tools/bin/../lib/gcc/arm-none-eabi/10.3.1/thumb/v6-m/nofp\libgcc.a(_thumb1_case_uhi.o)
                0x0000000008000140                __gnu_thumb1_case_uhi
 .text          0x0000000008000154      0x114 c:/st/stm32cubeide_1.9.0/stm32cubeide/plugins/com.st.stm32cube.ide.mcu.externaltools.gnu-tools-for-stm32.10.3-2021.10.win32_1.0.0.202111181127/tools/bin/../lib/gcc/arm-none-eabi/10.3.1/thumb/v6-m/nofp\libgcc.a(_udivsi3.o)
                0x0000000008000154                __aeabi_uidiv
                0x0000000008000154                __udivsi3
                0x0000000008000260                __aeabi_uidivmod
 .text          0x0000000008000268      0x1d4 c:/st/stm32cubeide_1.9.0/stm32cubeide/plugins/com.st.stm32cube.ide.mcu.externaltools.gnu-tools-for-stm32.10.3-2021.10.win32_1.0.0.202111181127/tools/bin/../lib/gcc/arm-none-eabi/10.3.1/thumb/v6-m/nofp\libgcc.a(_divsi3.o)
                0x0000000008000268                __divsi3
                0x0000000008000268                __aeabi_idiv
                0x0000000008000434                __aeabi_idivmod
 .text          0x000000000800043c        0x4 c:/st/stm32cubeide_1.9.0/stm32cubeide/plugins/com.st.stm32cube.ide.mcu.externaltools.gnu-tools-for-stm32.10.3-2021.10.win32_1.0.0.202111181127/tools/bin/../lib/gcc/arm-none-eabi/10.3.1/thumb/v6-m/nofp\libgcc.a(_dvmd_tls.o)
                0x000000000800043c                __aeabi_idiv0
                0x000000000800043c                __aeabi_ldiv0
 .text          0x0000000008000440       0x7c c:/st/stm32cubeide_1.9.0/stm32cubeide/plugins/com.st.stm32cube.ide.mcu.externaltools.gnu-tools-for-stm32.10.3-2021.10.win32_1.0.0.202111181127/tools/bin/../lib/gcc/arm-none-eabi/10.3.1/thumb/v6-m/nofp\libgcc.a(_arm_cmpdf2.o)
                0x0000000008000440                __aeabi_cdrcmple
                0x0000000008000450                __aeabi_cdcmple
                0x0000000008000450                __aeabi_cdcmpeq
                0x0000000008000460                __aeabi_dcmpeq
                0x000000000800046c                __aeabi_dcmplt
                0x0000000008000480                __aeabi_dcmple
                0x0000000008000494                __aeabi_dcmpgt
                0x00000000080004a8                __aeabi_dcmpge
 .text          0x00000000080004bc       0x74 c:/st/stm32cubeide_1.9.0/stm32cubeide/plugins/com.st.stm32cube.ide.mcu.externaltools.gnu-tools-for-stm32.10.3-2021.10.win32_1.0.0.202111181127/tools/bin/../lib/gcc/arm-none-eabi/10.3.1/thumb/v6-m/nofp\libgcc.a(_arm_cmpsf2.o)
                0x00000000080004bc                __aeabi_cfrcmple
                0x00000000080004c4                __aeabi_cfcmpeq
                0x00000000080004c4                __aeabi_cfcmple
                0x00000000080004d4                __aeabi_fcmpeq
                0x00000000080004e0                __aeabi_fcmplt
                0x00000000080004f4                __aeabi_fcmple
                0x0000000008000508                __aeabi_fcmpgt
                0x000000000800051c                __aeabi_fcmpge
 .text          0x0000000008000530       0x14 c:/st/stm32cubeide_1.9.0/stm32cubeide/plugins/com.st.stm32cube.ide.mcu.externaltools.gnu-tools-for-stm32.10.3-2021.10.win32_1.0.0.202111181127/tools/bin/../lib/gcc/arm-none-eabi/10.3.1/thumb/v6-m/nofp\libgcc.a(_aeabi_ulcmp.o)
                0x0000000008000530                __aeabi_ulcmp
 .text          0x0000000008000544       0x40 c:/st/stm32cubeide_1.9.0/stm32cubeide/plugins/com.st.stm32cube.ide.mcu.externaltools.gnu-tools-for-stm32.10.3-2021.10.win32_1.0.0.202111181127/tools/bin/../lib/gcc/arm-none-eabi/10.3.1/thumb/v6-m/nofp\libgcc.a(_aeabi_uldivmod.o)
                0x0000000008000544                __aeabi_uldivmod
 .text          0x0000000008000584       0x5c c:/st/stm32cubeide_1.9.0/stm32cubeide/plugins/com.st.stm32cube.ide.mcu.externaltools.gnu-tools-for-stm32.10.3-2021.10.win32_1.0.0.202111181127/tools/bin/../lib/gcc/arm-none-eabi/10.3.1/thumb/v6-m/nofp\libgcc.a(_muldi3.o)
                0x0000000008000584                __muldi3
                0x0000000008000584                __aeabi_lmul
 .text          0x00000000080005e0       0x30 c:/st/stm32cubeide_1.9.0/stm32cubeide/plugins/com.st.stm32cube.ide.mcu.externaltools.gnu-tools-for-stm32.10.3-2021.10.win32_1.0.0.202111181127/tools/bin/../lib/gcc/arm-none-eabi/10.3.1/thumb/v6-m/nofp\libgcc.a(_fixunssfsi.o)
                0x00000000080005e0                __fixunssfsi
                0x00000000080005e0                __aeabi_f2uiz
 .text          0x0000000008000610       0x3c c:/st/stm32cubeide_1.9.0/stm32cubeide/plugins/com.st.stm32cube.ide.mcu.externaltools.gnu-tools-for-stm32.10.3-2021.10.win32_1.0.0.202111181127/tools/bin/../lib/gcc/arm-none-eabi/10.3.1/thumb/v6-m/nofp\libgcc.a(_fixunsdfsi.o)
                0x0000000008000610                __aeabi_d2uiz
                0x0000000008000610                __fixunsdfsi
 .text          0x000000000800064c       0x3c c:/st/stm32cubeide_1.9.0/stm32cubeide/plugins/com.st.stm32cube.ide.mcu.externaltools.gnu-tools-for-stm32.10.3-2021.10.win32_1.0.0.202111181127/tools/bin/../lib/gcc/arm-none-eabi/10.3.1/thumb/v6-m/nofp\libgcc.a(_fixdfdi.o)
                0x000000000800064c                __fixdfdi
                0x000000000800064c                __aeabi_d2lz
 .text          0x0000000008000688       0x3c c:/st/stm32cubeide_1.9.0/stm32cubeide/plugins/com.st.stm32cube.ide.mcu.externaltools.gnu-tools-for-stm32.10.3-2021.10.win32_1.0.0.202111181127/tools/bin/../lib/gcc/arm-none-eabi/10.3.1/thumb/v6-m/nofp\libgcc.a(_fixunsdfdi.o)
                0x0000000008000688                __fixunsdfdi
                0x0000000008000688                __aeabi_d2ulz
 .text          0x00000000080006c4       0x2c c:/st/stm32cubeide_1.9.0/stm32cubeide/plugins/com.st.stm32cube.ide.mcu.externaltools.gnu-tools-for-stm32.10.3-2021.10.win32_1.0.0.202111181127/tools/bin/../lib/gcc/arm-none-eabi/10.3.1/thumb/v6-m/nofp\libgcc.a(_floatdidf.o)
                0x00000000080006c4                __aeabi_l2d
                0x00000000080006c4                __floatdidf
 .text          0x00000000080006f0      0x198 c:/st/stm32cubeide_1.9.0/stm32cubeide/plugins/com.st.stm32cube.ide.mcu.externaltools.gnu-tools-for-stm32.10.3-2021.10.win32_1.0.0.202111181127/tools/bin/../lib/gcc/arm-none-eabi/10.3.1/thumb/v6-m/nofp\libgcc.a(_udivmoddi4.o)
                0x00000000080006f0                __udivmoddi4
 .text          0x0000000008000888      0x33c c:/st/stm32cubeide_1.9.0/stm32cubeide/plugins/com.st.stm32cube.ide.mcu.externaltools.gnu-tools-for-stm32.10.3-2021.10.win32_1.0.0.202111181127/tools/bin/../lib/gcc/arm-none-eabi/10.3.1/thumb/v6-m/nofp\libgcc.a(addsf3.o)
                0x0000000008000888                __aeabi_fadd
 .text          0x0000000008000bc4      0x230 c:/st/stm32cubeide_1.9.0/stm32cubeide/plugins/com.st.stm32cube.ide.mcu.externaltools.gnu-tools-for-stm32.10.3-2021.10.win32_1.0.0.202111181127/tools/bin/../lib/gcc/arm-none-eabi/10.3.1/thumb/v6-m/nofp\libgcc.a(divsf3.o)
                0x0000000008000bc4                __aeabi_fdiv
 .text          0x0000000008000df4       0x4c c:/st/stm32cubeide_1.9.0/stm32cubeide/plugins/com.st.stm32cube.ide.mcu.externaltools.gnu-tools-for-stm32.10.3-2021.10.win32_1.0.0.202111181127/tools/bin/../lib/gcc/arm-none-eabi/10.3.1/thumb/v6-m/nofp\libgcc.a(eqsf2.o)
                0x0000000008000df4                __eqsf2
                0x0000000008000df4                __nesf2
 .text          0x0000000008000e40       0x8c c:/st/stm32cubeide_1.9.0/stm32cubeide/plugins/com.st.stm32cube.ide.mcu.externaltools.gnu-tools-for-stm32.10.3-2021.10.win32_1.0.0.202111181127/tools/bin/../lib/gcc/arm-none-eabi/10.3.1/thumb/v6-m/nofp\libgcc.a(gesf2.o)
                0x0000000008000e40                __gesf2
                0x0000000008000e40                __gtsf2
 .text          0x0000000008000ecc       0x88 c:/st/stm32cubeide_1.9.0/stm32cubeide/plugins/com.st.stm32cube.ide.mcu.externaltools.gnu-tools-for-stm32.10.3-2021.10.win32_1.0.0.202111181127/tools/bin/../lib/gcc/arm-none-eabi/10.3.1/thumb/v6-m/nofp\libgcc.a(lesf2.o)
                0x0000000008000ecc                __ltsf2
                0x0000000008000ecc                __lesf2
 .text          0x0000000008000f54      0x24c c:/st/stm32cubeide_1.9.0/stm32cubeide/plugins/com.st.stm32cube.ide.mcu.externaltools.gnu-tools-for-stm32.10.3-2021.10.win32_1.0.0.202111181127/tools/bin/../lib/gcc/arm-none-eabi/10.3.1/thumb/v6-m/nofp\libgcc.a(mulsf3.o)
                0x0000000008000f54                __aeabi_fmul
 .text          0x00000000080011a0      0x35c c:/st/stm32cubeide_1.9.0/stm32cubeide/plugins/com.st.stm32cube.ide.mcu.externaltools.gnu-tools-for-stm32.10.3-2021.10.win32_1.0.0.202111181127/tools/bin/../lib/gcc/arm-none-eabi/10.3.1/thumb/v6-m/nofp\libgcc.a(subsf3.o)
                0x00000000080011a0                __aeabi_fsub
 .text          0x00000000080014fc       0x40 c:/st/stm32cubeide_1.9.0/stm32cubeide/plugins/com.st.stm32cube.ide.mcu.externaltools.gnu-tools-for-stm32.10.3-2021.10.win32_1.0.0.202111181127/tools/bin/../lib/gcc/arm-none-eabi/10.3.1/thumb/v6-m/nofp\libgcc.a(fixsfsi.o)
                0x00000000080014fc                __aeabi_f2iz
 .text          0x000000000800153c       0x9c c:/st/stm32cubeide_1.9.0/stm32cubeide/plugins/com.st.stm32cube.ide.mcu.externaltools.gnu-tools-for-stm32.10.3-2021.10.win32_1.0.0.202111181127/tools/bin/../lib/gcc/arm-none-eabi/10.3.1/thumb/v6-m/nofp\libgcc.a(floatsisf.o)
                0x000000000800153c                __aeabi_i2f
 .text          0x00000000080015d8       0x84 c:/st/stm32cubeide_1.9.0/stm32cubeide/plugins/com.st.stm32cube.ide.mcu.externaltools.gnu-tools-for-stm32.10.3-2021.10.win32_1.0.0.202111181127/tools/bin/../lib/gcc/arm-none-eabi/10.3.1/thumb/v6-m/nofp\libgcc.a(floatunsisf.o)
                0x00000000080015d8                __aeabi_ui2f
 .text          0x000000000800165c      0x678 c:/st/stm32cubeide_1.9.0/stm32cubeide/plugins/com.st.stm32cube.ide.mcu.externaltools.gnu-tools-for-stm32.10.3-2021.10.win32_1.0.0.202111181127/tools/bin/../lib/gcc/arm-none-eabi/10.3.1/thumb/v6-m/nofp\libgcc.a(adddf3.o)
                0x000000000800165c                __aeabi_dadd
 .text          0x0000000008001cd4      0x5ec c:/st/stm32cubeide_1.9.0/stm32cubeide/plugins/com.st.stm32cube.ide.mcu.externaltools.gnu-tools-for-stm32.10.3-2021.10.win32_1.0.0.202111181127/tools/bin/../lib/gcc/arm-none-eabi/10.3.1/thumb/v6-m/nofp\libgcc.a(divdf3.o)
                0x0000000008001cd4                __aeabi_ddiv
 .text          0x00000000080022c0       0x84 c:/st/stm32cubeide_1.9.0/stm32cubeide/plugins/com.st.stm32cube.ide.mcu.externaltools.gnu-tools-for-stm32.10.3-2021.10.win32_1.0.0.202111181127/tools/bin/../lib/gcc/arm-none-eabi/10.3.1/thumb/v6-m/nofp\libgcc.a(eqdf2.o)
                0x00000000080022c0                __nedf2
                0x00000000080022c0                __eqdf2
 .text          0x0000000008002344       0xcc c:/st/stm32cubeide_1.9.0/stm32cubeide/plugins/com.st.stm32cube.ide.mcu.externaltools.gnu-tools-for-stm32.10.3-2021.10.win32_1.0.0.202111181127/tools/bin/../lib/gcc/arm-none-eabi/10.3.1/thumb/v6-m/nofp\libgcc.a(gedf2.o)
                0x0000000008002344                __gedf2
                0x0000000008002344                __gtdf2
 .text          0x0000000008002410       0xc8 c:/st/stm32cubeide_1.9.0/stm32cubeide/plugins/com.st.stm32cube.ide.mcu.externaltools.gnu-tools-for-stm32.10.3-2021.10.win32_1.0.0.202111181127/tools/bin/../lib/gcc/arm-none-eabi/10.3.1/thumb/v6-m/nofp\libgcc.a(ledf2.o)
                0x0000000008002410                __ledf2
                0x0000000008002410                __ltdf2
 .text          0x00000000080024d8      0x4d8 c:/st/stm32cubeide_1.9.0/stm32cubeide/plugins/com.st.stm32cube.ide.mcu.externaltools.gnu-tools-for-stm32.10.3-2021.10.win32_1.0.0.202111181127/tools/bin/../lib/gcc/arm-none-eabi/10.3.1/thumb/v6-m/nofp\libgcc.a(muldf3.o)
                0x00000000080024d8                __aeabi_dmul
 .text          0x00000000080029b0      0x724 c:/st/stm32cubeide_1.9.0/stm32cubeide/plugins/com.st.stm32cube.ide.mcu.externaltools.gnu-tools-for-stm32.10.3-2021.10.win32_1.0.0.202111181127/tools/bin/../lib/gcc/arm-none-eabi/10.3.1/thumb/v6-m/nofp\libgcc.a(subdf3.o)
                0x00000000080029b0                __aeabi_dsub
 .text          0x00000000080030d4       0x3c c:/st/stm32cubeide_1.9.0/stm32cubeide/plugins/com.st.stm32cube.ide.mcu.externaltools.gnu-tools-for-stm32.10.3-2021.10.win32_1.0.0.202111181127/tools/bin/../lib/gcc/arm-none-eabi/10.3.1/thumb/v6-m/nofp\libgcc.a(unorddf2.o)
                0x00000000080030d4                __aeabi_dcmpun
 .text          0x0000000008003110       0x6c c:/st/stm32cubeide_1.9.0/stm32cubeide/plugins/com.st.stm32cube.ide.mcu.externaltools.gnu-tools-for-stm32.10.3-2021.10.win32_1.0.0.202111181127/tools/bin/../lib/gcc/arm-none-eabi/10.3.1/thumb/v6-m/nofp\libgcc.a(fixdfsi.o)
                0x0000000008003110                __aeabi_d2iz
 .text          0x000000000800317c       0x60 c:/st/stm32cubeide_1.9.0/stm32cubeide/plugins/com.st.stm32cube.ide.mcu.externaltools.gnu-tools-for-stm32.10.3-2021.10.win32_1.0.0.202111181127/tools/bin/../lib/gcc/arm-none-eabi/10.3.1/thumb/v6-m/nofp\libgcc.a(floatsidf.o)
                0x000000000800317c                __aeabi_i2d
 .text          0x00000000080031dc       0x4c c:/st/stm32cubeide_1.9.0/stm32cubeide/plugins/com.st.stm32cube.ide.mcu.externaltools.gnu-tools-for-stm32.10.3-2021.10.win32_1.0.0.202111181127/tools/bin/../lib/gcc/arm-none-eabi/10.3.1/thumb/v6-m/nofp\libgcc.a(floatunsidf.o)
                0x00000000080031dc                __aeabi_ui2d
 .text          0x0000000008003228       0x90 c:/st/stm32cubeide_1.9.0/stm32cubeide/plugins/com.st.stm32cube.ide.mcu.externaltools.gnu-tools-for-stm32.10.3-2021.10.win32_1.0.0.202111181127/tools/bin/../lib/gcc/arm-none-eabi/10.3.1/thumb/v6-m/nofp\libgcc.a(extendsfdf2.o)
                0x0000000008003228                __aeabi_f2d
 .text          0x00000000080032b8      0x110 c:/st/stm32cubeide_1.9.0/stm32cubeide/plugins/com.st.stm32cube.ide.mcu.externaltools.gnu-tools-for-stm32.10.3-2021.10.win32_1.0.0.202111181127/tools/bin/../lib/gcc/arm-none-eabi/10.3.1/thumb/v6-m/nofp\libgcc.a(truncdfsf2.o)
                0x00000000080032b8                __aeabi_d2f
 .text          0x00000000080033c8       0x3c c:/st/stm32cubeide_1.9.0/stm32cubeide/plugins/com.st.stm32cube.ide.mcu.externaltools.gnu-tools-for-stm32.10.3-2021.10.win32_1.0.0.202111181127/tools/bin/../lib/gcc/arm-none-eabi/10.3.1/thumb/v6-m/nofp\libgcc.a(_clzsi2.o)
                0x00000000080033c8                __clzsi2
 .text          0x0000000008003404       0x18 c:/st/stm32cubeide_1.9.0/stm32cubeide/plugins/com.st.stm32cube.ide.mcu.externaltools.gnu-tools-for-stm32.10.3-2021.10.win32_1.0.0.202111181127/tools/bin/../lib/gcc/arm-none-eabi/10.3.1/thumb/v6-m/nofp\libgcc.a(_clzdi2.o)
                0x0000000008003404                __clzdi2
 *(.text*)
 .text.__NVIC_SystemReset
                0x000000000800341c       0x24 BOS\BOS.o
 .text.Processor_type
                0x0000000008003440       0x8a BOS\BOS.o
                0x0000000008003440                Processor_type
 *fill*         0x00000000080034ca        0x2 
 .text.Get_Module_Name
                0x00000000080034cc       0x28 BOS\BOS.o
                0x00000000080034cc                Get_Module_Name
 .text.Send_BOS_Message
                0x00000000080034f4       0xfc BOS\BOS.o
                0x00000000080034f4                Send_BOS_Message
 .text.LoadEEvars
                0x00000000080035f0       0x2a BOS\BOS.o
                0x00000000080035f0                LoadEEvars
 *fill*         0x000000000800361a        0x2 
 .text.LoadROtopology
                0x000000000800361c       0xfc BOS\BOS.o
                0x000000000800361c                LoadROtopology
 .text.LoadEEportsDir
                0x0000000008003718       0x68 BOS\BOS.o
                0x0000000008003718                LoadEEportsDir
 .text.LoadEEalias
                0x0000000008003780       0xd8 BOS\BOS.o
                0x0000000008003780                LoadEEalias
 .text.LoadEEgroup
                0x0000000008003858      0x120 BOS\BOS.o
                0x0000000008003858                LoadEEgroup
 .text.LoadEEstreams
                0x0000000008003978      0x21c BOS\BOS.o
                0x0000000008003978                LoadEEstreams
 .text.LoadEEparams
                0x0000000008003b94      0x260 BOS\BOS.o
                0x0000000008003b94                LoadEEparams
 .text.LoadEEbuttons
                0x0000000008003df4      0x2ec BOS\BOS.o
                0x0000000008003df4                LoadEEbuttons
 .text.LoadROsnippets
                0x00000000080040e0      0x1d8 BOS\BOS.o
                0x00000000080040e0                LoadROsnippets
 .text.SaveEEportsDir
                0x00000000080042b8       0x78 BOS\BOS.o
                0x00000000080042b8                SaveEEportsDir
 .text.SaveEEalias
                0x0000000008004330       0xd4 BOS\BOS.o
                0x0000000008004330                SaveEEalias
 .text.SaveEEstreams
                0x0000000008004404       0xdc BOS\BOS.o
                0x0000000008004404                SaveEEstreams
 .text.SaveEEparams
                0x00000000080044e0       0xf8 BOS\BOS.o
                0x00000000080044e0                SaveEEparams
 .text.ClearEEportsDir
                0x00000000080045d8       0x84 BOS\BOS.o
                0x00000000080045d8                ClearEEportsDir
 .text.EE_FormatForFactoryReset
                0x000000000800465c       0x2c BOS\BOS.o
                0x000000000800465c                EE_FormatForFactoryReset
 .text.IsLowerCLIbaud
                0x0000000008004688       0xe8 BOS\BOS.o
                0x0000000008004688                IsLowerCLIbaud
 .text.IsModuleParameter
                0x0000000008004770       0x64 BOS\BOS.o
                0x0000000008004770                IsModuleParameter
 .text.IsMathOperator
                0x00000000080047d4       0xc4 BOS\BOS.o
                0x00000000080047d4                IsMathOperator
 .text.BOS_Init
                0x0000000008004898      0x138 BOS\BOS.o
                0x0000000008004898                BOS_Init
 .text.Module_Init
                0x00000000080049d0       0x1e BOS\BOS.o
                0x00000000080049d0                Module_Init
 *fill*         0x00000000080049ee        0x2 
 .text.ExploreNeighbors
                0x00000000080049f0       0x90 BOS\BOS.o
                0x00000000080049f0                ExploreNeighbors
 .text.FindBroadcastRoutes
                0x0000000008004a80      0x3b0 BOS\BOS.o
                0x0000000008004a80                FindBroadcastRoutes
 .text.FindRoute
                0x0000000008004e30      0x2dc BOS\BOS.o
                0x0000000008004e30                FindRoute
 .text.minArr   0x000000000800510c       0x88 BOS\BOS.o
                0x000000000800510c                minArr
 .text.QnotEmpty
                0x0000000008005194       0x50 BOS\BOS.o
                0x0000000008005194                QnotEmpty
 .text.DisplayTopology
                0x00000000080051e4      0x258 BOS\BOS.o
                0x00000000080051e4                DisplayTopology
 .text.DisplayPortsDir
                0x000000000800543c      0x118 BOS\BOS.o
                0x000000000800543c                DisplayPortsDir
 .text.DisplayModuleStatus
                0x0000000008005554      0x3c0 BOS\BOS.o
                0x0000000008005554                DisplayModuleStatus
 .text.GetID    0x0000000008005914      0x15c BOS\BOS.o
                0x0000000008005914                GetID
 .text.NameModule
                0x0000000008005a70      0x140 BOS\BOS.o
                0x0000000008005a70                NameModule
 .text.AddModuleToGroup
                0x0000000008005bb0      0x1b8 BOS\BOS.o
                0x0000000008005bb0                AddModuleToGroup
 .text.WriteToRemote
                0x0000000008005d68      0x460 BOS\BOS.o
                0x0000000008005d68                WriteToRemote
 .text.GetDateString
                0x00000000080061c8       0x5c BOS\BOS.o
                0x00000000080061c8                GetDateString
 .text.Bridge   0x0000000008006224       0x4c BOS\BOS.o
                0x0000000008006224                Bridge
 .text.Unbridge
                0x0000000008006270       0xcc BOS\BOS.o
                0x0000000008006270                Unbridge
 .text.prvCLITask
                0x000000000800633c      0x278 BOS\BOS_CLI.o
                0x000000000800633c                prvCLITask
 .text.CLI_CommandParser
                0x00000000080065b4      0x574 BOS\BOS_CLI.o
                0x00000000080065b4                CLI_CommandParser
 .text.StringToLowerCase
                0x0000000008006b28       0x6c BOS\BOS_CLI.o
                0x0000000008006b28                StringToLowerCase
 .text.AddSnippet
                0x0000000008006b94      0x1b4 BOS\BOS_CLI.o
                0x0000000008006b94                AddSnippet
 .text.ParseSnippetCondition
                0x0000000008006d48      0x7f8 BOS\BOS_CLI.o
                0x0000000008006d48                ParseSnippetCondition
 .text.ParseSnippetCommand
                0x0000000008007540       0xc8 BOS\BOS_CLI.o
                0x0000000008007540                ParseSnippetCommand
 .text.CheckSnippetCondition
                0x0000000008007608      0x1b4 BOS\BOS_CLI.o
                0x0000000008007608                CheckSnippetCondition
 .text.ExecuteSnippet
                0x00000000080077bc       0xd0 BOS\BOS_CLI.o
                0x00000000080077bc                ExecuteSnippet
 .text.__NVIC_SystemReset
                0x000000000800788c       0x24 BOS\BOS_CLIcommands.o
 .text.RegisterUserCLICommands
                0x00000000080078b0        0xa BOS\BOS_CLIcommands.o
                0x00000000080078b0                RegisterUserCLICommands
 *fill*         0x00000000080078ba        0x2 
 .text.vRegisterCLICommands
                0x00000000080078bc      0x1b0 BOS\BOS_CLIcommands.o
                0x00000000080078bc                vRegisterCLICommands
 .text.prvTaskStatsCommand
                0x0000000008007a6c       0x40 BOS\BOS_CLIcommands.o
 .text.prvRunTimeStatsCommand
                0x0000000008007aac       0x40 BOS\BOS_CLIcommands.o
 .text.pingCommand
                0x0000000008007aec       0x98 BOS\BOS_CLIcommands.o
 .text.bootloaderUpdateCommand
                0x0000000008007b84      0x1fc BOS\BOS_CLIcommands.o
 .text.exploreCommand
                0x0000000008007d80       0x16 BOS\BOS_CLIcommands.o
 .text.resetCommand
                0x0000000008007d96       0x10 BOS\BOS_CLIcommands.o
 *fill*         0x0000000008007da6        0x2 
 .text.nameCommand
                0x0000000008007da8       0xe8 BOS\BOS_CLIcommands.o
 .text.groupCommand
                0x0000000008007e90      0x2fc BOS\BOS_CLIcommands.o
 .text.statusCommand
                0x000000000800818c       0x1c BOS\BOS_CLIcommands.o
 .text.infoCommand
                0x00000000080081a8       0xfc BOS\BOS_CLIcommands.o
 .text.scastCommand
                0x00000000080082a4      0x2dc BOS\BOS_CLIcommands.o
 .text.addbuttonCommand
                0x0000000008008580      0x150 BOS\BOS_CLIcommands.o
 .text.removebuttonCommand
                0x00000000080086d0       0x94 BOS\BOS_CLIcommands.o
 .text.setCommand
                0x0000000008008764      0xbf8 BOS\BOS_CLIcommands.o
 .text.getCommand
                0x000000000800935c      0x3b4 BOS\BOS_CLIcommands.o
 .text.defaultCommand
                0x0000000008009710       0xf8 BOS\BOS_CLIcommands.o
 .text.timeCommand
                0x0000000008009808       0xd8 BOS\BOS_CLIcommands.o
 .text.dateCommand
                0x00000000080098e0       0x34 BOS\BOS_CLIcommands.o
 .text.setBaudrateCommand
                0x0000000008009914       0xc0 BOS\BOS_CLIcommands.o
 .text.uuidCommand
                0x00000000080099d4       0x70 BOS\BOS_CLIcommands.o
 .text.idcodeCommand
                0x0000000008009a44       0xe0 BOS\BOS_CLIcommands.o
 .text.flashsizeCommand
                0x0000000008009b24       0x34 BOS\BOS_CLIcommands.o
 .text.snipCommand
                0x0000000008009b58      0x3ac BOS\BOS_CLIcommands.o
 .text.actSnipCommand
                0x0000000008009f04       0xb8 BOS\BOS_CLIcommands.o
 .text.pauseSnipCommand
                0x0000000008009fbc       0xb8 BOS\BOS_CLIcommands.o
 .text.delSnipCommand
                0x000000000800a074      0x1d4 BOS\BOS_CLIcommands.o
 .text.bridgeCommand
                0x000000000800a248      0x11c BOS\BOS_CLIcommands.o
 .text.unbridgeCommand
                0x000000000800a364      0x11c BOS\BOS_CLIcommands.o
 .text.testportCommand
                0x000000000800a480      0x2e8 BOS\BOS_CLIcommands.o
 .text.ADCReadCommand
                0x000000000800a768      0x134 BOS\BOS_CLIcommands.o
 .text.ReadTempCommand
                0x000000000800a89c       0x54 BOS\BOS_CLIcommands.o
 .text.ReadVrefCommand
                0x000000000800a8f0       0x54 BOS\BOS_CLIcommands.o
 .text.GetReadPrecentageCommand
                0x000000000800a944       0x98 BOS\BOS_CLIcommands.o
 .text.StartDMAstream
                0x000000000800a9dc       0xb0 BOS\BOS_dma.o
                0x000000000800a9dc                StartDMAstream
 .text.ResetUartORE
                0x000000000800aa8c       0x48 BOS\BOS_dma.o
                0x000000000800aa8c                ResetUartORE
 .text.MX_FREERTOS_Init
                0x000000000800aad4      0x214 BOS\BOS_freertos.o
                0x000000000800aad4                MX_FREERTOS_Init
 .text.StartDefaultTask
                0x000000000800ace8       0xd0 BOS\BOS_freertos.o
                0x000000000800ace8                StartDefaultTask
 .text.ExecuteMonitor
                0x000000000800adb8      0x4c8 BOS\BOS_freertos.o
                0x000000000800adb8                ExecuteMonitor
 .text.vMainConfigureTimerForRunTimeStats
                0x000000000800b280       0x2c BOS\BOS_freertos.o
                0x000000000800b280                vMainConfigureTimerForRunTimeStats
 .text.ulMainGetRunTimeCounterValue
                0x000000000800b2ac       0x90 BOS\BOS_freertos.o
                0x000000000800b2ac                ulMainGetRunTimeCounterValue
 .text.SetupDMAStreams
                0x000000000800b33c      0x27c BOS\BOS_messaging.o
                0x000000000800b33c                SetupDMAStreams
 .text.StreamTimerCallback
                0x000000000800b5b8       0x34 BOS\BOS_messaging.o
                0x000000000800b5b8                StreamTimerCallback
 .text.ForwardReceivedMessage
                0x000000000800b5ec       0x80 BOS\BOS_messaging.o
                0x000000000800b5ec                ForwardReceivedMessage
 .text.BroadcastReceivedMessage
                0x000000000800b66c       0x70 BOS\BOS_messaging.o
                0x000000000800b66c                BroadcastReceivedMessage
 .text.NotifyMessagingTask
                0x000000000800b6dc       0x90 BOS\BOS_messaging.o
                0x000000000800b6dc                NotifyMessagingTask
 .text.BroadcastMessage
                0x000000000800b76c       0x94 BOS\BOS_messaging.o
                0x000000000800b76c                BroadcastMessage
 .text.SendMessageToModule
                0x000000000800b800       0xa4 BOS\BOS_messaging.o
                0x000000000800b800                SendMessageToModule
 .text.SendMessageFromPort
                0x000000000800b8a4      0x6b4 BOS\BOS_messaging.o
                0x000000000800b8a4                SendMessageFromPort
 .text.StartScastDMAStream
                0x000000000800bf58      0x30c BOS\BOS_messaging.o
                0x000000000800bf58                StartScastDMAStream
 .text.__NVIC_SystemReset
                0x000000000800c264       0x24 BOS\BOS_msgparser.o
 .text.BackEndTask
                0x000000000800c288      0x858 BOS\BOS_msgparser.o
                0x000000000800c288                BackEndTask
 .text.PxMessagingTask
                0x000000000800cae0     0x4a90 BOS\BOS_msgparser.o
                0x000000000800cae0                PxMessagingTask
 .text.User_MessagingParser
                0x0000000008011570       0x3a BOS\BOS_msgparser.o
                0x0000000008011570                User_MessagingParser
 *fill*         0x00000000080115aa        0x2 
 .text.SystemClock_Config
                0x00000000080115ac      0x154 H2BR1\H2BR1.o
                0x00000000080115ac                SystemClock_Config
 .text.SaveToRO
                0x0000000008011700      0x408 H2BR1\H2BR1.o
                0x0000000008011700                SaveToRO
 .text.ClearROtopology
                0x0000000008011b08       0x38 H2BR1\H2BR1.o
                0x0000000008011b08                ClearROtopology
 .text.remoteBootloaderUpdate
                0x0000000008011b40      0x178 H2BR1\H2BR1.o
                0x0000000008011b40                remoteBootloaderUpdate
 .text.SetupPortForRemoteBootloaderUpdate
                0x0000000008011cb8       0x52 H2BR1\H2BR1.o
                0x0000000008011cb8                SetupPortForRemoteBootloaderUpdate
 *fill*         0x0000000008011d0a        0x2 
 .text.Module_Peripheral_Init
                0x0000000008011d0c      0x13c H2BR1\H2BR1.o
                0x0000000008011d0c                Module_Peripheral_Init
 .text.Module_MessagingTask
                0x0000000008011e48      0x184 H2BR1\H2BR1.o
                0x0000000008011e48                Module_MessagingTask
 .text.GetPort  0x0000000008011fcc       0x6c H2BR1\H2BR1.o
                0x0000000008011fcc                GetPort
 .text.RegisterModuleCLICommands
                0x0000000008012038       0x30 H2BR1\H2BR1.o
                0x0000000008012038                RegisterModuleCLICommands
 .text.MAX30100_Enable_Interrupt
                0x0000000008012068       0x6c H2BR1\H2BR1.o
                0x0000000008012068                MAX30100_Enable_Interrupt
 .text.MAX30100_Set_Mode
                0x00000000080120d4       0xb8 H2BR1\H2BR1.o
                0x00000000080120d4                MAX30100_Set_Mode
 .text.MAX30100_Set_SpO2_SampleRate
                0x000000000801218c       0x70 H2BR1\H2BR1.o
                0x000000000801218c                MAX30100_Set_SpO2_SampleRate
 .text.MAX30100_Set_Led_PulseWidth
                0x00000000080121fc       0x74 H2BR1\H2BR1.o
                0x00000000080121fc                MAX30100_Set_Led_PulseWidth
 .text.MAX30100_Set_Led_Current
                0x0000000008012270       0x5c H2BR1\H2BR1.o
                0x0000000008012270                MAX30100_Set_Led_Current
 .text.MAX30100_Read_FIFO
                0x00000000080122cc       0xd0 H2BR1\H2BR1.o
                0x00000000080122cc                MAX30100_Read_FIFO
 .text.Oxymeter_Add_Samples_To_Buffers
                0x000000000801239c       0xb4 H2BR1\H2BR1.o
                0x000000000801239c                Oxymeter_Add_Samples_To_Buffers
 .text.Oxymeter_Modify_Led_Current_Bias
                0x0000000008012450       0xd4 H2BR1\H2BR1.o
                0x0000000008012450                Oxymeter_Modify_Led_Current_Bias
 .text.Oxymeter_Detect_Finger
                0x0000000008012524       0x80 H2BR1\H2BR1.o
                0x0000000008012524                Oxymeter_Detect_Finger
 .text.Oxymeter_Signal_Processing
                0x00000000080125a4      0x9d4 H2BR1\H2BR1.o
                0x00000000080125a4                Oxymeter_Signal_Processing
 .text.Read_Data_When_Interrupt
                0x0000000008012f78       0x68 H2BR1\H2BR1.o
                0x0000000008012f78                Read_Data_When_Interrupt
 .text.Oxymeter_Calculating_HR_SPO2
                0x0000000008012fe0       0xb0 H2BR1\H2BR1.o
                0x0000000008012fe0                Oxymeter_Calculating_HR_SPO2
 .text.Init_MAX30100
                0x0000000008013090       0x60 H2BR1\H2BR1.o
                0x0000000008013090                Init_MAX30100
 .text.FingerState
                0x00000000080130f0       0x30 H2BR1\H2BR1.o
                0x00000000080130f0                FingerState
 .text.HR_Sample
                0x0000000008013120       0x2c H2BR1\H2BR1.o
                0x0000000008013120                HR_Sample
 .text.SPO2_Sample
                0x000000000801314c       0x2c H2BR1\H2BR1.o
                0x000000000801314c                SPO2_Sample
 .text.SampletoPort
                0x0000000008013178      0x110 H2BR1\H2BR1.o
                0x0000000008013178                SampletoPort
 .text.CLI_HR_SampleCommand
                0x0000000008013288       0x70 H2BR1\H2BR1.o
                0x0000000008013288                CLI_HR_SampleCommand
 .text.CLI_SPO2_SampleCommand
                0x00000000080132f8       0x70 H2BR1\H2BR1.o
                0x00000000080132f8                CLI_SPO2_SampleCommand
 .text.CLI_FingerStateCommand
                0x0000000008013368       0x70 H2BR1\H2BR1.o
                0x0000000008013368                CLI_FingerStateCommand
 .text.LL_DMAMUX_SetRequestID
                0x00000000080133d8       0x3c H2BR1\H2BR1_dma.o
 .text.DMA_Init
                0x0000000008013414       0xa8 H2BR1\H2BR1_dma.o
                0x0000000008013414                DMA_Init
 .text.DMA_MSG_RX_CH_Init
                0x00000000080134bc       0x4c H2BR1\H2BR1_dma.o
                0x00000000080134bc                DMA_MSG_RX_CH_Init
 .text.DMA_STREAM_CH_Init
                0x0000000008013508       0x4c H2BR1\H2BR1_dma.o
                0x0000000008013508                DMA_STREAM_CH_Init
 .text.SetupMessagingRxDMAs
                0x0000000008013554       0x9c H2BR1\H2BR1_dma.o
                0x0000000008013554                SetupMessagingRxDMAs
 .text.DMA_MSG_RX_Setup
                0x00000000080135f0       0x38 H2BR1\H2BR1_dma.o
                0x00000000080135f0                DMA_MSG_RX_Setup
 .text.DMA_MSG_TX_UnSetup
                0x0000000008013628       0x28 H2BR1\H2BR1_dma.o
                0x0000000008013628                DMA_MSG_TX_UnSetup
 .text.DMA_STREAM_Setup
                0x0000000008013650       0x68 H2BR1\H2BR1_dma.o
                0x0000000008013650                DMA_STREAM_Setup
 .text.StopStreamDMA
                0x00000000080136b8       0x70 H2BR1\H2BR1_dma.o
                0x00000000080136b8                StopStreamDMA
 .text.StopMsgDMA
                0x0000000008013728       0x4c H2BR1\H2BR1_dma.o
                0x0000000008013728                StopMsgDMA
 .text.SwitchMsgDMAToStream
                0x0000000008013774       0x50 H2BR1\H2BR1_dma.o
                0x0000000008013774                SwitchMsgDMAToStream
 .text.SwitchStreamDMAToMsg
                0x00000000080137c4       0xd8 H2BR1\H2BR1_dma.o
                0x00000000080137c4                SwitchStreamDMAToMsg
 .text.UnSetupDMAInterrupts
                0x000000000801389c       0xe4 H2BR1\H2BR1_dma.o
                0x000000000801389c                UnSetupDMAInterrupts
 .text.RemapAndLinkDMAtoUARTRx
                0x0000000008013980      0x134 H2BR1\H2BR1_dma.o
                0x0000000008013980                RemapAndLinkDMAtoUARTRx
 .text.CRC_Init
                0x0000000008013ab4       0x44 H2BR1\H2BR1_dma.o
                0x0000000008013ab4                CRC_Init
 .text.HAL_CRC_MspInit
                0x0000000008013af8       0x30 H2BR1\H2BR1_dma.o
                0x0000000008013af8                HAL_CRC_MspInit
 .text.CalculateCRC8
                0x0000000008013b28      0x154 H2BR1\H2BR1_dma.o
                0x0000000008013b28                CalculateCRC8
 .text.EE_Init  0x0000000008013c7c      0x684 H2BR1\H2BR1_eeprom.o
                0x0000000008013c7c                EE_Init
 .text.EE_ReadVariable
                0x0000000008014300       0xc0 H2BR1\H2BR1_eeprom.o
                0x0000000008014300                EE_ReadVariable
 .text.EE_WriteVariable
                0x00000000080143c0       0x64 H2BR1\H2BR1_eeprom.o
                0x00000000080143c0                EE_WriteVariable
 .text.EE_Format
                0x0000000008014424      0x14c H2BR1\H2BR1_eeprom.o
                0x0000000008014424                EE_Format
 .text.EE_FindValidPage
                0x0000000008014570       0x90 H2BR1\H2BR1_eeprom.o
 .text.EE_VerifyPageFullWriteVariable
                0x0000000008014600      0x160 H2BR1\H2BR1_eeprom.o
 .text.EE_PageTransfer
                0x0000000008014760      0x20c H2BR1\H2BR1_eeprom.o
 .text.EraseSector
                0x000000000801496c       0x60 H2BR1\H2BR1_eeprom.o
                0x000000000801496c                EraseSector
 .text.GPIO_Init
                0x00000000080149cc       0xd4 H2BR1\H2BR1_gpio.o
                0x00000000080149cc                GPIO_Init
 .text.IND_LED_Init
                0x0000000008014aa0       0x34 H2BR1\H2BR1_gpio.o
                0x0000000008014aa0                IND_LED_Init
 .text.IsFactoryReset
                0x0000000008014ad4      0x15c H2BR1\H2BR1_gpio.o
                0x0000000008014ad4                IsFactoryReset
 .text.GetPortGPIOs
                0x0000000008014c30      0x11c H2BR1\H2BR1_gpio.o
                0x0000000008014c30                GetPortGPIOs
 .text.MX_I2C2_Init
                0x0000000008014d4c       0x68 H2BR1\H2BR1_i2c.o
                0x0000000008014d4c                MX_I2C2_Init
 .text.HAL_I2C_MspInit
                0x0000000008014db4       0x98 H2BR1\H2BR1_i2c.o
                0x0000000008014db4                HAL_I2C_MspInit
 .text.MAX30100_Write
                0x0000000008014e4c       0x64 H2BR1\H2BR1_i2c.o
                0x0000000008014e4c                MAX30100_Write
 .text.MAX30100_Read
                0x0000000008014eb0       0x5c H2BR1\H2BR1_i2c.o
                0x0000000008014eb0                MAX30100_Read
 .text.buttonPressedCallback
                0x0000000008014f0c       0x14 H2BR1\H2BR1_inputs.o
                0x0000000008014f0c                buttonPressedCallback
 .text.CheckAttachedButtons
                0x0000000008014f20      0x7ac H2BR1\H2BR1_inputs.o
                0x0000000008014f20                CheckAttachedButtons
 .text.CheckForTimedButtonPress
                0x00000000080156cc       0xfc H2BR1\H2BR1_inputs.o
                0x00000000080156cc                CheckForTimedButtonPress
 .text.CheckForTimedButtonRelease
                0x00000000080157c8       0xfc H2BR1\H2BR1_inputs.o
                0x00000000080157c8                CheckForTimedButtonRelease
 .text.AddPortButton
                0x00000000080158c4      0x268 H2BR1\H2BR1_inputs.o
                0x00000000080158c4                AddPortButton
 .text.RemovePortButton
                0x0000000008015b2c      0x200 H2BR1\H2BR1_inputs.o
                0x0000000008015b2c                RemovePortButton
 .text.SetButtonEvents
                0x0000000008015d2c      0x77c H2BR1\H2BR1_inputs.o
                0x0000000008015d2c                SetButtonEvents
 .text.MX_ADC_Init
                0x00000000080164a8        0xa H2BR1\H2BR1_inputs.o
                0x00000000080164a8                MX_ADC_Init
 *fill*         0x00000000080164b2        0x2 
 .text.ADCSelectChannel
                0x00000000080164b4       0xa0 H2BR1\H2BR1_inputs.o
                0x00000000080164b4                ADCSelectChannel
 .text.ReadADCChannel
                0x0000000008016554      0x10c H2BR1\H2BR1_inputs.o
                0x0000000008016554                ReadADCChannel
 .text.ReadTempAndVref
                0x0000000008016660      0x1f0 H2BR1\H2BR1_inputs.o
                0x0000000008016660                ReadTempAndVref
 .text.GetReadPrecentage
                0x0000000008016850      0x220 H2BR1\H2BR1_inputs.o
                0x0000000008016850                GetReadPrecentage
 .text.Get_channel
                0x0000000008016a70       0x8c H2BR1\H2BR1_inputs.o
                0x0000000008016a70                Get_channel
 .text.Error_Handler
                0x0000000008016afc       0x10 H2BR1\H2BR1_inputs.o
                0x0000000008016afc                Error_Handler
 .text.Get_Rank
                0x0000000008016b0c       0x84 H2BR1\H2BR1_inputs.o
                0x0000000008016b0c                Get_Rank
 .text.buttonReleasedCallback
                0x0000000008016b90       0x14 H2BR1\H2BR1_inputs.o
                0x0000000008016b90                buttonReleasedCallback
 .text.buttonClickedCallback
                0x0000000008016ba4       0x14 H2BR1\H2BR1_inputs.o
                0x0000000008016ba4                buttonClickedCallback
 .text.buttonDblClickedCallback
                0x0000000008016bb8       0x14 H2BR1\H2BR1_inputs.o
                0x0000000008016bb8                buttonDblClickedCallback
 .text.buttonPressedForXCallback
                0x0000000008016bcc       0x1a H2BR1\H2BR1_inputs.o
                0x0000000008016bcc                buttonPressedForXCallback
 .text.buttonReleasedForYCallback
                0x0000000008016be6       0x1a H2BR1\H2BR1_inputs.o
                0x0000000008016be6                buttonReleasedForYCallback
 .text.__NVIC_SystemReset
                0x0000000008016c00       0x24 H2BR1\H2BR1_it.o
 .text.SysTick_Handler
                0x0000000008016c24       0x12 H2BR1\H2BR1_it.o
                0x0000000008016c24                SysTick_Handler
 *fill*         0x0000000008016c36        0x2 
 .text.HardFault_Handler
                0x0000000008016c38       0x40 H2BR1\H2BR1_it.o
                0x0000000008016c38                HardFault_Handler
 .text.USART1_IRQHandler
                0x0000000008016c78       0x30 H2BR1\H2BR1_it.o
                0x0000000008016c78                USART1_IRQHandler
 .text.USART2_LPUART2_IRQHandler
                0x0000000008016ca8       0x30 H2BR1\H2BR1_it.o
                0x0000000008016ca8                USART2_LPUART2_IRQHandler
 .text.USART3_4_5_6_LPUART1_IRQHandler
                0x0000000008016cd8       0x48 H2BR1\H2BR1_it.o
                0x0000000008016cd8                USART3_4_5_6_LPUART1_IRQHandler
 .text.HAL_UART_TxCpltCallback
                0x0000000008016d20       0x48 H2BR1\H2BR1_it.o
                0x0000000008016d20                HAL_UART_TxCpltCallback
 .text.HAL_UART_ErrorCallback
                0x0000000008016d68       0xd4 H2BR1\H2BR1_it.o
                0x0000000008016d68                HAL_UART_ErrorCallback
 .text.HAL_UART_RxCpltCallback
                0x0000000008016e3c       0x10 H2BR1\H2BR1_it.o
                0x0000000008016e3c                HAL_UART_RxCpltCallback
 .text.vApplicationStackOverflowHook
                0x0000000008016e4c       0x44 H2BR1\H2BR1_it.o
                0x0000000008016e4c                vApplicationStackOverflowHook
 .text.vApplicationMallocFailedHook
                0x0000000008016e90       0x40 H2BR1\H2BR1_it.o
                0x0000000008016e90                vApplicationMallocFailedHook
 .text.EXTI0_1_IRQHandler
                0x0000000008016ed0       0x18 H2BR1\H2BR1_it.o
                0x0000000008016ed0                EXTI0_1_IRQHandler
 .text.RTC_Init
                0x0000000008016ee8       0xc4 H2BR1\H2BR1_rtc.o
                0x0000000008016ee8                RTC_Init
 .text.RTC_CalendarConfig
                0x0000000008016fac      0x18c H2BR1\H2BR1_rtc.o
                0x0000000008016fac                RTC_CalendarConfig
 .text.BOS_CalendarConfig
                0x0000000008017138      0x128 H2BR1\H2BR1_rtc.o
                0x0000000008017138                BOS_CalendarConfig
 .text.GetTimeDate
                0x0000000008017260       0x90 H2BR1\H2BR1_rtc.o
                0x0000000008017260                GetTimeDate
 .text.TIM_USEC_Init
                0x00000000080172f0       0x74 H2BR1\H2BR1_timers.o
                0x00000000080172f0                TIM_USEC_Init
 .text.TIM_MSEC_Init
                0x0000000008017364       0x78 H2BR1\H2BR1_timers.o
                0x0000000008017364                TIM_MSEC_Init
 .text.StartMicroDelay
                0x00000000080173dc       0x48 H2BR1\H2BR1_timers.o
                0x00000000080173dc                StartMicroDelay
 .text.StartMilliDelay
                0x0000000008017424       0x48 H2BR1\H2BR1_timers.o
                0x0000000008017424                StartMilliDelay
 .text.MX_USART1_UART_Init
                0x000000000801746c       0x58 H2BR1\H2BR1_uart.o
                0x000000000801746c                MX_USART1_UART_Init
 .text.MX_USART2_UART_Init
                0x00000000080174c4       0x58 H2BR1\H2BR1_uart.o
                0x00000000080174c4                MX_USART2_UART_Init
 .text.MX_USART3_UART_Init
                0x000000000801751c       0x58 H2BR1\H2BR1_uart.o
                0x000000000801751c                MX_USART3_UART_Init
 .text.MX_USART5_UART_Init
                0x0000000008017574       0x58 H2BR1\H2BR1_uart.o
                0x0000000008017574                MX_USART5_UART_Init
 .text.MX_USART6_UART_Init
                0x00000000080175cc       0x58 H2BR1\H2BR1_uart.o
                0x00000000080175cc                MX_USART6_UART_Init
 .text.HAL_UART_MspInit
                0x0000000008017624      0x5b0 H2BR1\H2BR1_uart.o
                0x0000000008017624                HAL_UART_MspInit
 .text.writePxMutex
                0x0000000008017bd4       0xac H2BR1\H2BR1_uart.o
                0x0000000008017bd4                writePxMutex
 .text.writePxITMutex
                0x0000000008017c80       0x78 H2BR1\H2BR1_uart.o
                0x0000000008017c80                writePxITMutex
 .text.UpdateBaudrate
                0x0000000008017cf8       0x3e H2BR1\H2BR1_uart.o
                0x0000000008017cf8                UpdateBaudrate
 *fill*         0x0000000008017d36        0x2 
 .text.GetUart  0x0000000008017d38       0x54 H2BR1\H2BR1_uart.o
                0x0000000008017d38                GetUart
 .text.SwapUartPins
                0x0000000008017d8c       0xd0 H2BR1\H2BR1_uart.o
                0x0000000008017d8c                SwapUartPins
 .text.ReadPortsDir
                0x0000000008017e5c       0xa8 H2BR1\H2BR1_uart.o
                0x0000000008017e5c                ReadPortsDir
 .text.ReadPortsDirMSG
                0x0000000008017f04       0x80 H2BR1\H2BR1_uart.o
                0x0000000008017f04                ReadPortsDirMSG
 .text.UpdateMyPortsDir
                0x0000000008017f84       0x84 H2BR1\H2BR1_uart.o
                0x0000000008017f84                UpdateMyPortsDir
 .text.Reset_Handler
                0x0000000008018008       0x90 H2BR1\startup_stm32g0b1ceuxn.o
                0x0000000008018008                Reset_Handler
 .text.Default_Handler
                0x0000000008018098        0x2 H2BR1\startup_stm32g0b1ceuxn.o
                0x0000000008018098                I2C2_3_IRQHandler
                0x0000000008018098                TIM1_CC_IRQHandler
                0x0000000008018098                ADC1_COMP_IRQHandler
                0x0000000008018098                NMI_Handler
                0x0000000008018098                I2C1_IRQHandler
                0x0000000008018098                TIM7_LPTIM2_IRQHandler
                0x0000000008018098                TIM17_FDCAN_IT1_IRQHandler
                0x0000000008018098                DMA1_Ch4_7_DMA2_Ch1_5_DMAMUX1_OVR_IRQHandler
                0x0000000008018098                RCC_CRS_IRQHandler
                0x0000000008018098                RTC_TAMP_IRQHandler
                0x0000000008018098                SPI1_IRQHandler
                0x0000000008018098                USB_UCPD1_2_IRQHandler
                0x0000000008018098                EXTI2_3_IRQHandler
                0x0000000008018098                PVD_VDDIO2_IRQHandler
                0x0000000008018098                EXTI4_15_IRQHandler
                0x0000000008018098                DMA1_Channel1_IRQHandler
                0x0000000008018098                Default_Handler
                0x0000000008018098                CEC_IRQHandler
                0x0000000008018098                TIM14_IRQHandler
                0x0000000008018098                TIM15_IRQHandler
                0x0000000008018098                TIM3_TIM4_IRQHandler
                0x0000000008018098                SPI2_3_IRQHandler
                0x0000000008018098                TIM6_DAC_LPTIM1_IRQHandler
                0x0000000008018098                WWDG_IRQHandler
                0x0000000008018098                TIM2_IRQHandler
                0x0000000008018098                DMA1_Channel2_3_IRQHandler
                0x0000000008018098                FLASH_IRQHandler
                0x0000000008018098                TIM16_FDCAN_IT0_IRQHandler
                0x0000000008018098                TIM1_BRK_UP_TRG_COM_IRQHandler
 .text.SystemInit
                0x000000000801809a        0xa Thirdparty\CMSIS\STM32G0xx\Device\ST\STM32G0xx\Source\Templates\system_stm32g0xx.o
                0x000000000801809a                SystemInit
 .text.inHandlerMode
                0x00000000080180a4       0x1c Thirdparty\Middleware\STM32G0xx\FreeRTOS\Source\CMSIS_RTOS\cmsis_os.o
 .text.osKernelStart
                0x00000000080180c0       0x10 Thirdparty\Middleware\STM32G0xx\FreeRTOS\Source\CMSIS_RTOS\cmsis_os.o
                0x00000000080180c0                osKernelStart
 .text.osDelay  0x00000000080180d0       0x28 Thirdparty\Middleware\STM32G0xx\FreeRTOS\Source\CMSIS_RTOS\cmsis_os.o
                0x00000000080180d0                osDelay
 .text.osSemaphoreCreate
                0x00000000080180f8       0x4a Thirdparty\Middleware\STM32G0xx\FreeRTOS\Source\CMSIS_RTOS\cmsis_os.o
                0x00000000080180f8                osSemaphoreCreate
 *fill*         0x0000000008018142        0x2 
 .text.osSemaphoreWait
                0x0000000008018144       0x94 Thirdparty\Middleware\STM32G0xx\FreeRTOS\Source\CMSIS_RTOS\cmsis_os.o
                0x0000000008018144                osSemaphoreWait
 .text.osSemaphoreRelease
                0x00000000080181d8       0x64 Thirdparty\Middleware\STM32G0xx\FreeRTOS\Source\CMSIS_RTOS\cmsis_os.o
                0x00000000080181d8                osSemaphoreRelease
 .text.osSystickHandler
                0x000000000801823c       0x18 Thirdparty\Middleware\STM32G0xx\FreeRTOS\Source\CMSIS_RTOS\cmsis_os.o
                0x000000000801823c                osSystickHandler
 .text.FreeRTOS_CLIRegisterCommand
                0x0000000008018254       0x50 Thirdparty\Middleware\STM32G0xx\FreeRTOS\Source\FreeRTOS_CLI.o
                0x0000000008018254                FreeRTOS_CLIRegisterCommand
 .text.FreeRTOS_CLIProcessCommand
                0x00000000080182a4      0x11c Thirdparty\Middleware\STM32G0xx\FreeRTOS\Source\FreeRTOS_CLI.o
                0x00000000080182a4                FreeRTOS_CLIProcessCommand
 .text.FreeRTOS_CLIGetOutputBuffer
                0x00000000080183c0       0x10 Thirdparty\Middleware\STM32G0xx\FreeRTOS\Source\FreeRTOS_CLI.o
                0x00000000080183c0                FreeRTOS_CLIGetOutputBuffer
 .text.FreeRTOS_CLIGetParameter
                0x00000000080183d0       0xbc Thirdparty\Middleware\STM32G0xx\FreeRTOS\Source\FreeRTOS_CLI.o
                0x00000000080183d0                FreeRTOS_CLIGetParameter
 .text.prvHelpCommand
                0x000000000801848c      0x154 Thirdparty\Middleware\STM32G0xx\FreeRTOS\Source\FreeRTOS_CLI.o
 .text.prvGetNumberOfParameters
                0x00000000080185e0       0x7a Thirdparty\Middleware\STM32G0xx\FreeRTOS\Source\FreeRTOS_CLI.o
 .text.vListInitialise
                0x000000000801865a       0x3c Thirdparty\Middleware\STM32G0xx\FreeRTOS\Source\list.o
                0x000000000801865a                vListInitialise
 .text.vListInitialiseItem
                0x0000000008018696       0x16 Thirdparty\Middleware\STM32G0xx\FreeRTOS\Source\list.o
                0x0000000008018696                vListInitialiseItem
 .text.vListInsertEnd
                0x00000000080186ac       0x44 Thirdparty\Middleware\STM32G0xx\FreeRTOS\Source\list.o
                0x00000000080186ac                vListInsertEnd
 .text.vListInsert
                0x00000000080186f0       0x6c Thirdparty\Middleware\STM32G0xx\FreeRTOS\Source\list.o
                0x00000000080186f0                vListInsert
 .text.uxListRemove
                0x000000000801875c       0x50 Thirdparty\Middleware\STM32G0xx\FreeRTOS\Source\list.o
                0x000000000801875c                uxListRemove
 .text.pxPortInitialiseStack
                0x00000000080187ac       0x54 Thirdparty\Middleware\STM32G0xx\FreeRTOS\Source\portable\GCC\ARM_CM0\port.o
                0x00000000080187ac                pxPortInitialiseStack
 .text.prvTaskExitError
                0x0000000008018800       0x1e Thirdparty\Middleware\STM32G0xx\FreeRTOS\Source\portable\GCC\ARM_CM0\port.o
 .text.SVC_Handler
                0x000000000801881e        0xa Thirdparty\Middleware\STM32G0xx\FreeRTOS\Source\portable\GCC\ARM_CM0\port.o
                0x000000000801881e                SVC_Handler
 *fill*         0x0000000008018828        0x8 
 .text.vPortStartFirstTask
                0x0000000008018830       0x38 Thirdparty\Middleware\STM32G0xx\FreeRTOS\Source\portable\GCC\ARM_CM0\port.o
 .text.xPortStartScheduler
                0x0000000008018868       0x48 Thirdparty\Middleware\STM32G0xx\FreeRTOS\Source\portable\GCC\ARM_CM0\port.o
                0x0000000008018868                xPortStartScheduler
 .text.vPortYield
                0x00000000080188b0       0x20 Thirdparty\Middleware\STM32G0xx\FreeRTOS\Source\portable\GCC\ARM_CM0\port.o
                0x00000000080188b0                vPortYield
 .text.vPortEnterCritical
                0x00000000080188d0       0x24 Thirdparty\Middleware\STM32G0xx\FreeRTOS\Source\portable\GCC\ARM_CM0\port.o
                0x00000000080188d0                vPortEnterCritical
 .text.vPortExitCritical
                0x00000000080188f4       0x24 Thirdparty\Middleware\STM32G0xx\FreeRTOS\Source\portable\GCC\ARM_CM0\port.o
                0x00000000080188f4                vPortExitCritical
 .text.ulSetInterruptMaskFromISR
                0x0000000008018918        0xc Thirdparty\Middleware\STM32G0xx\FreeRTOS\Source\portable\GCC\ARM_CM0\port.o
                0x0000000008018918                ulSetInterruptMaskFromISR
 .text.vClearInterruptMaskFromISR
                0x0000000008018924        0x8 Thirdparty\Middleware\STM32G0xx\FreeRTOS\Source\portable\GCC\ARM_CM0\port.o
                0x0000000008018924                vClearInterruptMaskFromISR
 *fill*         0x000000000801892c        0x4 
 .text.PendSV_Handler
                0x0000000008018930       0x48 Thirdparty\Middleware\STM32G0xx\FreeRTOS\Source\portable\GCC\ARM_CM0\port.o
                0x0000000008018930                PendSV_Handler
 .text.xPortSysTickHandler
                0x0000000008018978       0x34 Thirdparty\Middleware\STM32G0xx\FreeRTOS\Source\portable\GCC\ARM_CM0\port.o
                0x0000000008018978                xPortSysTickHandler
 .text.vPortSetupTimerInterrupt
                0x00000000080189ac       0x44 Thirdparty\Middleware\STM32G0xx\FreeRTOS\Source\portable\GCC\ARM_CM0\port.o
                0x00000000080189ac                vPortSetupTimerInterrupt
 .text.pvPortMalloc
                0x00000000080189f0      0x140 Thirdparty\Middleware\STM32G0xx\FreeRTOS\Source\portable\MemMang\heap_4.o
                0x00000000080189f0                pvPortMalloc
 .text.vPortFree
                0x0000000008018b30       0x80 Thirdparty\Middleware\STM32G0xx\FreeRTOS\Source\portable\MemMang\heap_4.o
                0x0000000008018b30                vPortFree
 .text.prvHeapInit
                0x0000000008018bb0       0xc0 Thirdparty\Middleware\STM32G0xx\FreeRTOS\Source\portable\MemMang\heap_4.o
 .text.prvInsertBlockIntoFreeList
                0x0000000008018c70       0xb0 Thirdparty\Middleware\STM32G0xx\FreeRTOS\Source\portable\MemMang\heap_4.o
 .text.xQueueGenericReset
                0x0000000008018d20       0x9e Thirdparty\Middleware\STM32G0xx\FreeRTOS\Source\queue.o
                0x0000000008018d20                xQueueGenericReset
 .text.xQueueGenericCreate
                0x0000000008018dbe       0x52 Thirdparty\Middleware\STM32G0xx\FreeRTOS\Source\queue.o
                0x0000000008018dbe                xQueueGenericCreate
 .text.prvInitialiseNewQueue
                0x0000000008018e10       0x4e Thirdparty\Middleware\STM32G0xx\FreeRTOS\Source\queue.o
 .text.xQueueCreateCountingSemaphore
                0x0000000008018e5e       0x30 Thirdparty\Middleware\STM32G0xx\FreeRTOS\Source\queue.o
                0x0000000008018e5e                xQueueCreateCountingSemaphore
 .text.xQueueGenericSend
                0x0000000008018e8e      0x12a Thirdparty\Middleware\STM32G0xx\FreeRTOS\Source\queue.o
                0x0000000008018e8e                xQueueGenericSend
 .text.xQueueGenericSendFromISR
                0x0000000008018fb8       0xa6 Thirdparty\Middleware\STM32G0xx\FreeRTOS\Source\queue.o
                0x0000000008018fb8                xQueueGenericSendFromISR
 .text.xQueueGiveFromISR
                0x000000000801905e       0x96 Thirdparty\Middleware\STM32G0xx\FreeRTOS\Source\queue.o
                0x000000000801905e                xQueueGiveFromISR
 .text.xQueueReceive
                0x00000000080190f4      0x128 Thirdparty\Middleware\STM32G0xx\FreeRTOS\Source\queue.o
                0x00000000080190f4                xQueueReceive
 .text.xQueueSemaphoreTake
                0x000000000801921c      0x178 Thirdparty\Middleware\STM32G0xx\FreeRTOS\Source\queue.o
                0x000000000801921c                xQueueSemaphoreTake
 .text.xQueueReceiveFromISR
                0x0000000008019394       0xa0 Thirdparty\Middleware\STM32G0xx\FreeRTOS\Source\queue.o
                0x0000000008019394                xQueueReceiveFromISR
 .text.prvGetDisinheritPriorityAfterTimeout
                0x0000000008019434       0x2c Thirdparty\Middleware\STM32G0xx\FreeRTOS\Source\queue.o
 .text.prvCopyDataToQueue
                0x0000000008019460       0xd6 Thirdparty\Middleware\STM32G0xx\FreeRTOS\Source\queue.o
 .text.prvCopyDataFromQueue
                0x0000000008019536       0x4c Thirdparty\Middleware\STM32G0xx\FreeRTOS\Source\queue.o
 .text.prvUnlockQueue
                0x0000000008019582       0xbc Thirdparty\Middleware\STM32G0xx\FreeRTOS\Source\queue.o
 .text.prvIsQueueEmpty
                0x000000000801963e       0x2c Thirdparty\Middleware\STM32G0xx\FreeRTOS\Source\queue.o
 .text.prvIsQueueFull
                0x000000000801966a       0x30 Thirdparty\Middleware\STM32G0xx\FreeRTOS\Source\queue.o
 *fill*         0x000000000801969a        0x2 
 .text.vQueueAddToRegistry
                0x000000000801969c       0x50 Thirdparty\Middleware\STM32G0xx\FreeRTOS\Source\queue.o
                0x000000000801969c                vQueueAddToRegistry
 .text.vQueueWaitForMessageRestricted
                0x00000000080196ec       0x66 Thirdparty\Middleware\STM32G0xx\FreeRTOS\Source\queue.o
                0x00000000080196ec                vQueueWaitForMessageRestricted
 .text.xTaskCreate
                0x0000000008019752       0x90 Thirdparty\Middleware\STM32G0xx\FreeRTOS\Source\tasks.o
                0x0000000008019752                xTaskCreate
 *fill*         0x00000000080197e2        0x2 
 .text.prvInitialiseNewTask
                0x00000000080197e4      0x10c Thirdparty\Middleware\STM32G0xx\FreeRTOS\Source\tasks.o
 .text.prvAddNewTaskToReadyList
                0x00000000080198f0       0xd0 Thirdparty\Middleware\STM32G0xx\FreeRTOS\Source\tasks.o
 .text.vTaskDelay
                0x00000000080199c0       0x3a Thirdparty\Middleware\STM32G0xx\FreeRTOS\Source\tasks.o
                0x00000000080199c0                vTaskDelay
 *fill*         0x00000000080199fa        0x2 
 .text.eTaskGetState
                0x00000000080199fc       0xd0 Thirdparty\Middleware\STM32G0xx\FreeRTOS\Source\tasks.o
                0x00000000080199fc                eTaskGetState
 .text.uxTaskPriorityGet
                0x0000000008019acc       0x34 Thirdparty\Middleware\STM32G0xx\FreeRTOS\Source\tasks.o
                0x0000000008019acc                uxTaskPriorityGet
 .text.vTaskPrioritySet
                0x0000000008019b00      0x110 Thirdparty\Middleware\STM32G0xx\FreeRTOS\Source\tasks.o
                0x0000000008019b00                vTaskPrioritySet
 .text.vTaskStartScheduler
                0x0000000008019c10       0x74 Thirdparty\Middleware\STM32G0xx\FreeRTOS\Source\tasks.o
                0x0000000008019c10                vTaskStartScheduler
 .text.vTaskSuspendAll
                0x0000000008019c84       0x18 Thirdparty\Middleware\STM32G0xx\FreeRTOS\Source\tasks.o
                0x0000000008019c84                vTaskSuspendAll
 .text.xTaskResumeAll
                0x0000000008019c9c      0x10c Thirdparty\Middleware\STM32G0xx\FreeRTOS\Source\tasks.o
                0x0000000008019c9c                xTaskResumeAll
 .text.xTaskGetTickCount
                0x0000000008019da8       0x1c Thirdparty\Middleware\STM32G0xx\FreeRTOS\Source\tasks.o
                0x0000000008019da8                xTaskGetTickCount
 .text.xTaskGetTickCountFromISR
                0x0000000008019dc4       0x20 Thirdparty\Middleware\STM32G0xx\FreeRTOS\Source\tasks.o
                0x0000000008019dc4                xTaskGetTickCountFromISR
 .text.uxTaskGetSystemState
                0x0000000008019de4      0x120 Thirdparty\Middleware\STM32G0xx\FreeRTOS\Source\tasks.o
                0x0000000008019de4                uxTaskGetSystemState
 .text.xTaskIncrementTick
                0x0000000008019f04      0x150 Thirdparty\Middleware\STM32G0xx\FreeRTOS\Source\tasks.o
                0x0000000008019f04                xTaskIncrementTick
 .text.vTaskSwitchContext
                0x000000000801a054      0x124 Thirdparty\Middleware\STM32G0xx\FreeRTOS\Source\tasks.o
                0x000000000801a054                vTaskSwitchContext
 .text.vTaskPlaceOnEventList
                0x000000000801a178       0x34 Thirdparty\Middleware\STM32G0xx\FreeRTOS\Source\tasks.o
                0x000000000801a178                vTaskPlaceOnEventList
 .text.vTaskPlaceOnEventListRestricted
                0x000000000801a1ac       0x44 Thirdparty\Middleware\STM32G0xx\FreeRTOS\Source\tasks.o
                0x000000000801a1ac                vTaskPlaceOnEventListRestricted
 .text.xTaskRemoveFromEventList
                0x000000000801a1f0       0xb0 Thirdparty\Middleware\STM32G0xx\FreeRTOS\Source\tasks.o
                0x000000000801a1f0                xTaskRemoveFromEventList
 .text.vTaskInternalSetTimeOutState
                0x000000000801a2a0       0x28 Thirdparty\Middleware\STM32G0xx\FreeRTOS\Source\tasks.o
                0x000000000801a2a0                vTaskInternalSetTimeOutState
 .text.xTaskCheckForTimeOut
                0x000000000801a2c8       0x8c Thirdparty\Middleware\STM32G0xx\FreeRTOS\Source\tasks.o
                0x000000000801a2c8                xTaskCheckForTimeOut
 .text.vTaskMissedYield
                0x000000000801a354       0x14 Thirdparty\Middleware\STM32G0xx\FreeRTOS\Source\tasks.o
                0x000000000801a354                vTaskMissedYield
 .text.prvIdleTask
                0x000000000801a368       0x20 Thirdparty\Middleware\STM32G0xx\FreeRTOS\Source\tasks.o
 .text.prvInitialiseTaskLists
                0x000000000801a388       0x88 Thirdparty\Middleware\STM32G0xx\FreeRTOS\Source\tasks.o
 .text.prvCheckTasksWaitingTermination
                0x000000000801a410       0x5c Thirdparty\Middleware\STM32G0xx\FreeRTOS\Source\tasks.o
 .text.vTaskGetInfo
                0x000000000801a46c       0xd8 Thirdparty\Middleware\STM32G0xx\FreeRTOS\Source\tasks.o
                0x000000000801a46c                vTaskGetInfo
 .text.prvListTasksWithinSingleList
                0x000000000801a544       0xa6 Thirdparty\Middleware\STM32G0xx\FreeRTOS\Source\tasks.o
 .text.prvTaskCheckFreeStackSpace
                0x000000000801a5ea       0x34 Thirdparty\Middleware\STM32G0xx\FreeRTOS\Source\tasks.o
 .text.prvDeleteTCB
                0x000000000801a61e       0x22 Thirdparty\Middleware\STM32G0xx\FreeRTOS\Source\tasks.o
 .text.prvResetNextTaskUnblockTime
                0x000000000801a640       0x3c Thirdparty\Middleware\STM32G0xx\FreeRTOS\Source\tasks.o
 .text.xTaskGetSchedulerState
                0x000000000801a67c       0x38 Thirdparty\Middleware\STM32G0xx\FreeRTOS\Source\tasks.o
                0x000000000801a67c                xTaskGetSchedulerState
 .text.xTaskPriorityInherit
                0x000000000801a6b4       0xd0 Thirdparty\Middleware\STM32G0xx\FreeRTOS\Source\tasks.o
                0x000000000801a6b4                xTaskPriorityInherit
 .text.xTaskPriorityDisinherit
                0x000000000801a784       0x98 Thirdparty\Middleware\STM32G0xx\FreeRTOS\Source\tasks.o
                0x000000000801a784                xTaskPriorityDisinherit
 .text.vTaskPriorityDisinheritAfterTimeout
                0x000000000801a81c       0xc0 Thirdparty\Middleware\STM32G0xx\FreeRTOS\Source\tasks.o
                0x000000000801a81c                vTaskPriorityDisinheritAfterTimeout
 .text.prvWriteNameToBuffer
                0x000000000801a8dc       0x52 Thirdparty\Middleware\STM32G0xx\FreeRTOS\Source\tasks.o
 *fill*         0x000000000801a92e        0x2 
 .text.vTaskList
                0x000000000801a930      0x14c Thirdparty\Middleware\STM32G0xx\FreeRTOS\Source\tasks.o
                0x000000000801a930                vTaskList
 .text.vTaskGetRunTimeStats
                0x000000000801aa7c      0x118 Thirdparty\Middleware\STM32G0xx\FreeRTOS\Source\tasks.o
                0x000000000801aa7c                vTaskGetRunTimeStats
 .text.pvTaskIncrementMutexHeldCount
                0x000000000801ab94       0x24 Thirdparty\Middleware\STM32G0xx\FreeRTOS\Source\tasks.o
                0x000000000801ab94                pvTaskIncrementMutexHeldCount
 .text.ulTaskNotifyTake
                0x000000000801abb8       0x84 Thirdparty\Middleware\STM32G0xx\FreeRTOS\Source\tasks.o
                0x000000000801abb8                ulTaskNotifyTake
 .text.xTaskGenericNotify
                0x000000000801ac3c      0x104 Thirdparty\Middleware\STM32G0xx\FreeRTOS\Source\tasks.o
                0x000000000801ac3c                xTaskGenericNotify
 .text.xTaskGenericNotifyFromISR
                0x000000000801ad40      0x140 Thirdparty\Middleware\STM32G0xx\FreeRTOS\Source\tasks.o
                0x000000000801ad40                xTaskGenericNotifyFromISR
 .text.prvAddCurrentTaskToDelayedList
                0x000000000801ae80       0xa8 Thirdparty\Middleware\STM32G0xx\FreeRTOS\Source\tasks.o
 .text.xTimerCreateTimerTask
                0x000000000801af28       0x4c Thirdparty\Middleware\STM32G0xx\FreeRTOS\Source\timers.o
                0x000000000801af28                xTimerCreateTimerTask
 .text.xTimerCreate
                0x000000000801af74       0x46 Thirdparty\Middleware\STM32G0xx\FreeRTOS\Source\timers.o
                0x000000000801af74                xTimerCreate
 .text.prvInitialiseNewTimer
                0x000000000801afba       0x5a Thirdparty\Middleware\STM32G0xx\FreeRTOS\Source\timers.o
 .text.xTimerGenericCommand
                0x000000000801b014       0x8c Thirdparty\Middleware\STM32G0xx\FreeRTOS\Source\timers.o
                0x000000000801b014                xTimerGenericCommand
 .text.prvProcessExpiredTimer
                0x000000000801b0a0       0x80 Thirdparty\Middleware\STM32G0xx\FreeRTOS\Source\timers.o
 .text.prvTimerTask
                0x000000000801b120       0x28 Thirdparty\Middleware\STM32G0xx\FreeRTOS\Source\timers.o
 .text.prvProcessTimerOrBlockTask
                0x000000000801b148       0x90 Thirdparty\Middleware\STM32G0xx\FreeRTOS\Source\timers.o
 .text.prvGetNextExpireTime
                0x000000000801b1d8       0x44 Thirdparty\Middleware\STM32G0xx\FreeRTOS\Source\timers.o
 .text.prvSampleTimeNow
                0x000000000801b21c       0x40 Thirdparty\Middleware\STM32G0xx\FreeRTOS\Source\timers.o
 .text.prvInsertTimerInActiveList
                0x000000000801b25c       0x84 Thirdparty\Middleware\STM32G0xx\FreeRTOS\Source\timers.o
 .text.prvProcessReceivedCommands
                0x000000000801b2e0      0x16c Thirdparty\Middleware\STM32G0xx\FreeRTOS\Source\timers.o
 .text.prvSwitchTimerLists
                0x000000000801b44c       0xb0 Thirdparty\Middleware\STM32G0xx\FreeRTOS\Source\timers.o
 .text.prvCheckForValidListAndQueue
                0x000000000801b4fc       0x74 Thirdparty\Middleware\STM32G0xx\FreeRTOS\Source\timers.o
 .text.pvTimerGetTimerID
                0x000000000801b570       0x24 Thirdparty\Middleware\STM32G0xx\FreeRTOS\Source\timers.o
                0x000000000801b570                pvTimerGetTimerID
 .text.HAL_Init
                0x000000000801b594       0x40 Thirdparty\STM32G0xx_HAL_Driver\Src\stm32g0xx_hal.o
                0x000000000801b594                HAL_Init
 .text.HAL_InitTick
                0x000000000801b5d4       0x94 Thirdparty\STM32G0xx_HAL_Driver\Src\stm32g0xx_hal.o
                0x000000000801b5d4                HAL_InitTick
 .text.HAL_IncTick
                0x000000000801b668       0x24 Thirdparty\STM32G0xx_HAL_Driver\Src\stm32g0xx_hal.o
                0x000000000801b668                HAL_IncTick
 .text.HAL_GetTick
                0x000000000801b68c       0x14 Thirdparty\STM32G0xx_HAL_Driver\Src\stm32g0xx_hal.o
                0x000000000801b68c                HAL_GetTick
 .text.HAL_Delay
                0x000000000801b6a0       0x48 Thirdparty\STM32G0xx_HAL_Driver\Src\stm32g0xx_hal.o
                0x000000000801b6a0                HAL_Delay
 .text.HAL_GetREVID
                0x000000000801b6e8       0x18 Thirdparty\STM32G0xx_HAL_Driver\Src\stm32g0xx_hal.o
                0x000000000801b6e8                HAL_GetREVID
 .text.HAL_GetDEVID
                0x000000000801b700       0x18 Thirdparty\STM32G0xx_HAL_Driver\Src\stm32g0xx_hal.o
                0x000000000801b700                HAL_GetDEVID
 .text.LL_ADC_SetCommonPathInternalCh
                0x000000000801b718       0x28 Thirdparty\STM32G0xx_HAL_Driver\Src\stm32g0xx_hal_adc.o
 .text.LL_ADC_GetCommonPathInternalCh
                0x000000000801b740       0x1a Thirdparty\STM32G0xx_HAL_Driver\Src\stm32g0xx_hal_adc.o
 .text.LL_ADC_REG_IsTriggerSourceSWStart
                0x000000000801b75a       0x22 Thirdparty\STM32G0xx_HAL_Driver\Src\stm32g0xx_hal_adc.o
 .text.LL_ADC_REG_SetSequencerRanks
                0x000000000801b77c       0x40 Thirdparty\STM32G0xx_HAL_Driver\Src\stm32g0xx_hal_adc.o
 .text.LL_ADC_REG_SetSequencerChAdd
                0x000000000801b7bc       0x22 Thirdparty\STM32G0xx_HAL_Driver\Src\stm32g0xx_hal_adc.o
 .text.LL_ADC_REG_SetSequencerChRem
                0x000000000801b7de       0x24 Thirdparty\STM32G0xx_HAL_Driver\Src\stm32g0xx_hal_adc.o
 *fill*         0x000000000801b802        0x2 
 .text.LL_ADC_SetChannelSamplingTime
                0x000000000801b804       0x38 Thirdparty\STM32G0xx_HAL_Driver\Src\stm32g0xx_hal_adc.o
 .text.LL_ADC_Enable
                0x000000000801b83c       0x24 Thirdparty\STM32G0xx_HAL_Driver\Src\stm32g0xx_hal_adc.o
 .text.LL_ADC_Disable
                0x000000000801b860       0x24 Thirdparty\STM32G0xx_HAL_Driver\Src\stm32g0xx_hal_adc.o
 .text.LL_ADC_IsEnabled
                0x000000000801b884       0x22 Thirdparty\STM32G0xx_HAL_Driver\Src\stm32g0xx_hal_adc.o
 .text.LL_ADC_IsDisableOngoing
                0x000000000801b8a6       0x22 Thirdparty\STM32G0xx_HAL_Driver\Src\stm32g0xx_hal_adc.o
 .text.LL_ADC_REG_StartConversion
                0x000000000801b8c8       0x24 Thirdparty\STM32G0xx_HAL_Driver\Src\stm32g0xx_hal_adc.o
 .text.LL_ADC_REG_StopConversion
                0x000000000801b8ec       0x24 Thirdparty\STM32G0xx_HAL_Driver\Src\stm32g0xx_hal_adc.o
 .text.LL_ADC_REG_IsConversionOngoing
                0x000000000801b910       0x22 Thirdparty\STM32G0xx_HAL_Driver\Src\stm32g0xx_hal_adc.o
 *fill*         0x000000000801b932        0x2 
 .text.HAL_ADC_Start
                0x000000000801b934       0x9c Thirdparty\STM32G0xx_HAL_Driver\Src\stm32g0xx_hal_adc.o
                0x000000000801b934                HAL_ADC_Start
 .text.HAL_ADC_Stop
                0x000000000801b9d0       0x78 Thirdparty\STM32G0xx_HAL_Driver\Src\stm32g0xx_hal_adc.o
                0x000000000801b9d0                HAL_ADC_Stop
 .text.HAL_ADC_PollForConversion
                0x000000000801ba48      0x128 Thirdparty\STM32G0xx_HAL_Driver\Src\stm32g0xx_hal_adc.o
                0x000000000801ba48                HAL_ADC_PollForConversion
 .text.HAL_ADC_GetValue
                0x000000000801bb70       0x16 Thirdparty\STM32G0xx_HAL_Driver\Src\stm32g0xx_hal_adc.o
                0x000000000801bb70                HAL_ADC_GetValue
 *fill*         0x000000000801bb86        0x2 
 .text.HAL_ADC_ConfigChannel
                0x000000000801bb88      0x3b0 Thirdparty\STM32G0xx_HAL_Driver\Src\stm32g0xx_hal_adc.o
                0x000000000801bb88                HAL_ADC_ConfigChannel
 .text.ADC_ConversionStop
                0x000000000801bf38       0x84 Thirdparty\STM32G0xx_HAL_Driver\Src\stm32g0xx_hal_adc.o
                0x000000000801bf38                ADC_ConversionStop
 .text.ADC_Enable
                0x000000000801bfbc      0x10c Thirdparty\STM32G0xx_HAL_Driver\Src\stm32g0xx_hal_adc.o
                0x000000000801bfbc                ADC_Enable
 .text.ADC_Disable
                0x000000000801c0c8       0xbc Thirdparty\STM32G0xx_HAL_Driver\Src\stm32g0xx_hal_adc.o
                0x000000000801c0c8                ADC_Disable
 .text.__NVIC_EnableIRQ
                0x000000000801c184       0x34 Thirdparty\STM32G0xx_HAL_Driver\Src\stm32g0xx_hal_cortex.o
 .text.__NVIC_DisableIRQ
                0x000000000801c1b8       0x44 Thirdparty\STM32G0xx_HAL_Driver\Src\stm32g0xx_hal_cortex.o
 .text.__NVIC_SetPriority
                0x000000000801c1fc       0xdc Thirdparty\STM32G0xx_HAL_Driver\Src\stm32g0xx_hal_cortex.o
 .text.SysTick_Config
                0x000000000801c2d8       0x48 Thirdparty\STM32G0xx_HAL_Driver\Src\stm32g0xx_hal_cortex.o
 .text.HAL_NVIC_SetPriority
                0x000000000801c320       0x2a Thirdparty\STM32G0xx_HAL_Driver\Src\stm32g0xx_hal_cortex.o
                0x000000000801c320                HAL_NVIC_SetPriority
 .text.HAL_NVIC_EnableIRQ
                0x000000000801c34a       0x20 Thirdparty\STM32G0xx_HAL_Driver\Src\stm32g0xx_hal_cortex.o
                0x000000000801c34a                HAL_NVIC_EnableIRQ
 .text.HAL_NVIC_DisableIRQ
                0x000000000801c36a       0x20 Thirdparty\STM32G0xx_HAL_Driver\Src\stm32g0xx_hal_cortex.o
                0x000000000801c36a                HAL_NVIC_DisableIRQ
 .text.HAL_SYSTICK_Config
                0x000000000801c38a       0x1a Thirdparty\STM32G0xx_HAL_Driver\Src\stm32g0xx_hal_cortex.o
                0x000000000801c38a                HAL_SYSTICK_Config
 .text.HAL_SYSTICK_CLKSourceConfig
                0x000000000801c3a4       0x34 Thirdparty\STM32G0xx_HAL_Driver\Src\stm32g0xx_hal_cortex.o
                0x000000000801c3a4                HAL_SYSTICK_CLKSourceConfig
 .text.HAL_CRC_Init
                0x000000000801c3d8       0xcc Thirdparty\STM32G0xx_HAL_Driver\Src\stm32g0xx_hal_crc.o
                0x000000000801c3d8                HAL_CRC_Init
 .text.HAL_CRC_Accumulate
                0x000000000801c4a4       0x8e Thirdparty\STM32G0xx_HAL_Driver\Src\stm32g0xx_hal_crc.o
                0x000000000801c4a4                HAL_CRC_Accumulate
 .text.HAL_CRC_Calculate
                0x000000000801c532       0x9e Thirdparty\STM32G0xx_HAL_Driver\Src\stm32g0xx_hal_crc.o
                0x000000000801c532                HAL_CRC_Calculate
 .text.CRC_Handle_8
                0x000000000801c5d0      0x122 Thirdparty\STM32G0xx_HAL_Driver\Src\stm32g0xx_hal_crc.o
 .text.CRC_Handle_16
                0x000000000801c6f2       0x6e Thirdparty\STM32G0xx_HAL_Driver\Src\stm32g0xx_hal_crc.o
 .text.HAL_CRCEx_Polynomial_Set
                0x000000000801c760       0xda Thirdparty\STM32G0xx_HAL_Driver\Src\stm32g0xx_hal_crc_ex.o
                0x000000000801c760                HAL_CRCEx_Polynomial_Set
 *fill*         0x000000000801c83a        0x2 
 .text.HAL_DMA_Init
                0x000000000801c83c      0x158 Thirdparty\STM32G0xx_HAL_Driver\Src\stm32g0xx_hal_dma.o
                0x000000000801c83c                HAL_DMA_Init
 .text.HAL_DMA_Start_IT
                0x000000000801c994      0x10c Thirdparty\STM32G0xx_HAL_Driver\Src\stm32g0xx_hal_dma.o
                0x000000000801c994                HAL_DMA_Start_IT
 .text.HAL_DMA_Abort
                0x000000000801caa0       0xc0 Thirdparty\STM32G0xx_HAL_Driver\Src\stm32g0xx_hal_dma.o
                0x000000000801caa0                HAL_DMA_Abort
 .text.HAL_DMA_Abort_IT
                0x000000000801cb60       0xd0 Thirdparty\STM32G0xx_HAL_Driver\Src\stm32g0xx_hal_dma.o
                0x000000000801cb60                HAL_DMA_Abort_IT
 .text.HAL_DMA_GetError
                0x000000000801cc30       0x14 Thirdparty\STM32G0xx_HAL_Driver\Src\stm32g0xx_hal_dma.o
                0x000000000801cc30                HAL_DMA_GetError
 .text.DMA_SetConfig
                0x000000000801cc44       0x78 Thirdparty\STM32G0xx_HAL_Driver\Src\stm32g0xx_hal_dma.o
 .text.DMA_CalcDMAMUXChannelBaseAndMask
                0x000000000801ccbc       0x94 Thirdparty\STM32G0xx_HAL_Driver\Src\stm32g0xx_hal_dma.o
 .text.DMA_CalcDMAMUXRequestGenBaseAndMask
                0x000000000801cd50       0x48 Thirdparty\STM32G0xx_HAL_Driver\Src\stm32g0xx_hal_dma.o
 .text.HAL_FLASH_Program
                0x000000000801cd98       0x9c Thirdparty\STM32G0xx_HAL_Driver\Src\stm32g0xx_hal_flash.o
                0x000000000801cd98                HAL_FLASH_Program
 .text.HAL_FLASH_Unlock
                0x000000000801ce34       0x48 Thirdparty\STM32G0xx_HAL_Driver\Src\stm32g0xx_hal_flash.o
                0x000000000801ce34                HAL_FLASH_Unlock
 .text.HAL_FLASH_Lock
                0x000000000801ce7c       0x38 Thirdparty\STM32G0xx_HAL_Driver\Src\stm32g0xx_hal_flash.o
                0x000000000801ce7c                HAL_FLASH_Lock
 .text.FLASH_WaitForLastOperation
                0x000000000801ceb4       0x9c Thirdparty\STM32G0xx_HAL_Driver\Src\stm32g0xx_hal_flash.o
                0x000000000801ceb4                FLASH_WaitForLastOperation
 .text.FLASH_Program_DoubleWord
                0x000000000801cf50       0x40 Thirdparty\STM32G0xx_HAL_Driver\Src\stm32g0xx_hal_flash.o
 .text.HAL_FLASHEx_Erase
                0x000000000801cf90       0xe0 Thirdparty\STM32G0xx_HAL_Driver\Src\stm32g0xx_hal_flash_ex.o
                0x000000000801cf90                HAL_FLASHEx_Erase
 .text.FLASH_MassErase
                0x000000000801d070       0x28 Thirdparty\STM32G0xx_HAL_Driver\Src\stm32g0xx_hal_flash_ex.o
 .text.FLASH_PageErase
                0x000000000801d098      0x198 Thirdparty\STM32G0xx_HAL_Driver\Src\stm32g0xx_hal_flash_ex.o
                0x000000000801d098                FLASH_PageErase
 .text.HAL_GPIO_Init
                0x000000000801d230      0x2d8 Thirdparty\STM32G0xx_HAL_Driver\Src\stm32g0xx_hal_gpio.o
                0x000000000801d230                HAL_GPIO_Init
 .text.HAL_GPIO_DeInit
                0x000000000801d508      0x1b0 Thirdparty\STM32G0xx_HAL_Driver\Src\stm32g0xx_hal_gpio.o
                0x000000000801d508                HAL_GPIO_DeInit
 .text.HAL_GPIO_ReadPin
                0x000000000801d6b8       0x3a Thirdparty\STM32G0xx_HAL_Driver\Src\stm32g0xx_hal_gpio.o
                0x000000000801d6b8                HAL_GPIO_ReadPin
 .text.HAL_GPIO_WritePin
                0x000000000801d6f2       0x3a Thirdparty\STM32G0xx_HAL_Driver\Src\stm32g0xx_hal_gpio.o
                0x000000000801d6f2                HAL_GPIO_WritePin
 .text.HAL_GPIO_TogglePin
                0x000000000801d72c       0x36 Thirdparty\STM32G0xx_HAL_Driver\Src\stm32g0xx_hal_gpio.o
                0x000000000801d72c                HAL_GPIO_TogglePin
 *fill*         0x000000000801d762        0x2 
 .text.HAL_GPIO_EXTI_IRQHandler
                0x000000000801d764       0x54 Thirdparty\STM32G0xx_HAL_Driver\Src\stm32g0xx_hal_gpio.o
                0x000000000801d764                HAL_GPIO_EXTI_IRQHandler
 .text.HAL_GPIO_EXTI_Rising_Callback
                0x000000000801d7b8       0x14 Thirdparty\STM32G0xx_HAL_Driver\Src\stm32g0xx_hal_gpio.o
                0x000000000801d7b8                HAL_GPIO_EXTI_Rising_Callback
 .text.HAL_GPIO_EXTI_Falling_Callback
                0x000000000801d7cc       0x14 Thirdparty\STM32G0xx_HAL_Driver\Src\stm32g0xx_hal_gpio.o
                0x000000000801d7cc                HAL_GPIO_EXTI_Falling_Callback
 .text.HAL_I2C_Init
                0x000000000801d7e0      0x12c Thirdparty\STM32G0xx_HAL_Driver\Src\stm32g0xx_hal_i2c.o
                0x000000000801d7e0                HAL_I2C_Init
 .text.HAL_I2C_Master_Transmit
                0x000000000801d90c      0x210 Thirdparty\STM32G0xx_HAL_Driver\Src\stm32g0xx_hal_i2c.o
                0x000000000801d90c                HAL_I2C_Master_Transmit
 .text.HAL_I2C_Master_Receive
                0x000000000801db1c      0x210 Thirdparty\STM32G0xx_HAL_Driver\Src\stm32g0xx_hal_i2c.o
                0x000000000801db1c                HAL_I2C_Master_Receive
 .text.I2C_Flush_TXDR
                0x000000000801dd2c       0x44 Thirdparty\STM32G0xx_HAL_Driver\Src\stm32g0xx_hal_i2c.o
 .text.I2C_WaitOnFlagUntilTimeout
                0x000000000801dd70       0x7e Thirdparty\STM32G0xx_HAL_Driver\Src\stm32g0xx_hal_i2c.o
 .text.I2C_WaitOnTXISFlagUntilTimeout
                0x000000000801ddee       0x7e Thirdparty\STM32G0xx_HAL_Driver\Src\stm32g0xx_hal_i2c.o
 .text.I2C_WaitOnSTOPFlagUntilTimeout
                0x000000000801de6c       0x78 Thirdparty\STM32G0xx_HAL_Driver\Src\stm32g0xx_hal_i2c.o
 .text.I2C_WaitOnRXNEFlagUntilTimeout
                0x000000000801dee4       0xf4 Thirdparty\STM32G0xx_HAL_Driver\Src\stm32g0xx_hal_i2c.o
 .text.I2C_IsErrorOccurred
                0x000000000801dfd8      0x200 Thirdparty\STM32G0xx_HAL_Driver\Src\stm32g0xx_hal_i2c.o
 .text.I2C_TransferConfig
                0x000000000801e1d8       0x74 Thirdparty\STM32G0xx_HAL_Driver\Src\stm32g0xx_hal_i2c.o
 .text.HAL_I2CEx_ConfigAnalogFilter
                0x000000000801e24c       0x98 Thirdparty\STM32G0xx_HAL_Driver\Src\stm32g0xx_hal_i2c_ex.o
                0x000000000801e24c                HAL_I2CEx_ConfigAnalogFilter
 .text.HAL_I2CEx_ConfigDigitalFilter
                0x000000000801e2e4       0x98 Thirdparty\STM32G0xx_HAL_Driver\Src\stm32g0xx_hal_i2c_ex.o
                0x000000000801e2e4                HAL_I2CEx_ConfigDigitalFilter
 .text.HAL_MspInit
                0x000000000801e37c        0xa Thirdparty\STM32G0xx_HAL_Driver\Src\stm32g0xx_hal_msp_template.o
                0x000000000801e37c                HAL_MspInit
 *fill*         0x000000000801e386        0x2 
 .text.HAL_PWR_EnableBkUpAccess
                0x000000000801e388       0x1c Thirdparty\STM32G0xx_HAL_Driver\Src\stm32g0xx_hal_pwr.o
                0x000000000801e388                HAL_PWR_EnableBkUpAccess
 .text.HAL_PWREx_ControlVoltageScaling
                0x000000000801e3a4       0x80 Thirdparty\STM32G0xx_HAL_Driver\Src\stm32g0xx_hal_pwr_ex.o
                0x000000000801e3a4                HAL_PWREx_ControlVoltageScaling
 .text.LL_RCC_GetAPB1Prescaler
                0x000000000801e424       0x18 Thirdparty\STM32G0xx_HAL_Driver\Src\stm32g0xx_hal_rcc.o
 .text.HAL_RCC_OscConfig
                0x000000000801e43c      0x6c0 Thirdparty\STM32G0xx_HAL_Driver\Src\stm32g0xx_hal_rcc.o
                0x000000000801e43c                HAL_RCC_OscConfig
 .text.HAL_RCC_ClockConfig
                0x000000000801eafc      0x210 Thirdparty\STM32G0xx_HAL_Driver\Src\stm32g0xx_hal_rcc.o