Archive member included to satisfy reference by file (symbol)

C:/ST/STM32CubeIDE_1.12.0/STM32CubeIDE/plugins/com.st.stm32cube.ide.mcu.externaltools.gnu-tools-for-stm32.11.3.rel1.win32_1.1.100.202309141235/tools/bin/../lib/gcc/arm-none-eabi/11.3.1/../../../../arm-none-eabi/lib/thumb/v6-m/nofp\libc.a(libc_a-atof.o)
                              BOS\BOS_CLI.o (atof)
C:/ST/STM32CubeIDE_1.12.0/STM32CubeIDE/plugins/com.st.stm32cube.ide.mcu.externaltools.gnu-tools-for-stm32.11.3.rel1.win32_1.1.100.202309141235/tools/bin/../lib/gcc/arm-none-eabi/11.3.1/../../../../arm-none-eabi/lib/thumb/v6-m/nofp\libc.a(libc_a-atoi.o)
                              BOS\BOS_CLI.o (atoi)
C:/ST/STM32CubeIDE_1.12.0/STM32CubeIDE/plugins/com.st.stm32cube.ide.mcu.externaltools.gnu-tools-for-stm32.11.3.rel1.win32_1.1.100.202309141235/tools/bin/../lib/gcc/arm-none-eabi/11.3.1/../../../../arm-none-eabi/lib/thumb/v6-m/nofp\libc.a(libc_a-atol.o)
                              BOS\BOS.o (atol)
C:/ST/STM32CubeIDE_1.12.0/STM32CubeIDE/plugins/com.st.stm32cube.ide.mcu.externaltools.gnu-tools-for-stm32.11.3.rel1.win32_1.1.100.202309141235/tools/bin/../lib/gcc/arm-none-eabi/11.3.1/../../../../arm-none-eabi/lib/thumb/v6-m/nofp\libc.a(libc_a-exit.o)
                              C:/ST/STM32CubeIDE_1.12.0/STM32CubeIDE/plugins/com.st.stm32cube.ide.mcu.externaltools.gnu-tools-for-stm32.11.3.rel1.win32_1.1.100.202309141235/tools/bin/../lib/gcc/arm-none-eabi/11.3.1/../../../../arm-none-eabi/lib/thumb/v6-m/nofp/crt0.o (exit)
C:/ST/STM32CubeIDE_1.12.0/STM32CubeIDE/plugins/com.st.stm32cube.ide.mcu.externaltools.gnu-tools-for-stm32.11.3.rel1.win32_1.1.100.202309141235/tools/bin/../lib/gcc/arm-none-eabi/11.3.1/../../../../arm-none-eabi/lib/thumb/v6-m/nofp\libc.a(libc_a-malloc.o)
                              BOS\BOS.o (malloc)
C:/ST/STM32CubeIDE_1.12.0/STM32CubeIDE/plugins/com.st.stm32cube.ide.mcu.externaltools.gnu-tools-for-stm32.11.3.rel1.win32_1.1.100.202309141235/tools/bin/../lib/gcc/arm-none-eabi/11.3.1/../../../../arm-none-eabi/lib/thumb/v6-m/nofp\libc.a(libc_a-mallocr.o)
                              C:/ST/STM32CubeIDE_1.12.0/STM32CubeIDE/plugins/com.st.stm32cube.ide.mcu.externaltools.gnu-tools-for-stm32.11.3.rel1.win32_1.1.100.202309141235/tools/bin/../lib/gcc/arm-none-eabi/11.3.1/../../../../arm-none-eabi/lib/thumb/v6-m/nofp\libc.a(libc_a-malloc.o) (_malloc_r)
C:/ST/STM32CubeIDE_1.12.0/STM32CubeIDE/plugins/com.st.stm32cube.ide.mcu.externaltools.gnu-tools-for-stm32.11.3.rel1.win32_1.1.100.202309141235/tools/bin/../lib/gcc/arm-none-eabi/11.3.1/../../../../arm-none-eabi/lib/thumb/v6-m/nofp\libc.a(libc_a-mlock.o)
                              C:/ST/STM32CubeIDE_1.12.0/STM32CubeIDE/plugins/com.st.stm32cube.ide.mcu.externaltools.gnu-tools-for-stm32.11.3.rel1.win32_1.1.100.202309141235/tools/bin/../lib/gcc/arm-none-eabi/11.3.1/../../../../arm-none-eabi/lib/thumb/v6-m/nofp\libc.a(libc_a-mallocr.o) (__malloc_lock)
C:/ST/STM32CubeIDE_1.12.0/STM32CubeIDE/plugins/com.st.stm32cube.ide.mcu.externaltools.gnu-tools-for-stm32.11.3.rel1.win32_1.1.100.202309141235/tools/bin/../lib/gcc/arm-none-eabi/11.3.1/../../../../arm-none-eabi/lib/thumb/v6-m/nofp\libc.a(libc_a-rand.o)
                              BOS\BOS_CLIcommands.o (rand)
C:/ST/STM32CubeIDE_1.12.0/STM32CubeIDE/plugins/com.st.stm32cube.ide.mcu.externaltools.gnu-tools-for-stm32.11.3.rel1.win32_1.1.100.202309141235/tools/bin/../lib/gcc/arm-none-eabi/11.3.1/../../../../arm-none-eabi/lib/thumb/v6-m/nofp\libc.a(libc_a-realloc.o)
                              BOS\BOS_CLI.o (realloc)
C:/ST/STM32CubeIDE_1.12.0/STM32CubeIDE/plugins/com.st.stm32cube.ide.mcu.externaltools.gnu-tools-for-stm32.11.3.rel1.win32_1.1.100.202309141235/tools/bin/../lib/gcc/arm-none-eabi/11.3.1/../../../../arm-none-eabi/lib/thumb/v6-m/nofp\libc.a(libc_a-reallocr.o)
                              C:/ST/STM32CubeIDE_1.12.0/STM32CubeIDE/plugins/com.st.stm32cube.ide.mcu.externaltools.gnu-tools-for-stm32.11.3.rel1.win32_1.1.100.202309141235/tools/bin/../lib/gcc/arm-none-eabi/11.3.1/../../../../arm-none-eabi/lib/thumb/v6-m/nofp\libc.a(libc_a-realloc.o) (_realloc_r)
C:/ST/STM32CubeIDE_1.12.0/STM32CubeIDE/plugins/com.st.stm32cube.ide.mcu.externaltools.gnu-tools-for-stm32.11.3.rel1.win32_1.1.100.202309141235/tools/bin/../lib/gcc/arm-none-eabi/11.3.1/../../../../arm-none-eabi/lib/thumb/v6-m/nofp\libc.a(libc_a-strtod.o)
                              C:/ST/STM32CubeIDE_1.12.0/STM32CubeIDE/plugins/com.st.stm32cube.ide.mcu.externaltools.gnu-tools-for-stm32.11.3.rel1.win32_1.1.100.202309141235/tools/bin/../lib/gcc/arm-none-eabi/11.3.1/../../../../arm-none-eabi/lib/thumb/v6-m/nofp\libc.a(libc_a-atof.o) (strtod)
C:/ST/STM32CubeIDE_1.12.0/STM32CubeIDE/plugins/com.st.stm32cube.ide.mcu.externaltools.gnu-tools-for-stm32.11.3.rel1.win32_1.1.100.202309141235/tools/bin/../lib/gcc/arm-none-eabi/11.3.1/../../../../arm-none-eabi/lib/thumb/v6-m/nofp\libc.a(libc_a-strtol.o)
[...]
Memory Configuration

Name             Origin             Length             Attributes
RAM              0x0000000020000000 0x0000000000024000 xrw
FLASH            0x0000000008000000 0x0000000000080000 xr
*default*        0x0000000000000000 0xffffffffffffffff

Linker script and memory map

LOAD C:/ST/STM32CubeIDE_1.12.0/STM32CubeIDE/plugins/com.st.stm32cube.ide.mcu.externaltools.gnu-tools-for-stm32.11.3.rel1.win32_1.1.100.202309141235/tools/bin/../lib/gcc/arm-none-eabi/11.3.1/thumb/v6-m/nofp/crti.o
LOAD C:/ST/STM32CubeIDE_1.12.0/STM32CubeIDE/plugins/com.st.stm32cube.ide.mcu.externaltools.gnu-tools-for-stm32.11.3.rel1.win32_1.1.100.202309141235/tools/bin/../lib/gcc/arm-none-eabi/11.3.1/thumb/v6-m/nofp/crtbegin.o
LOAD C:/ST/STM32CubeIDE_1.12.0/STM32CubeIDE/plugins/com.st.stm32cube.ide.mcu.externaltools.gnu-tools-for-stm32.11.3.rel1.win32_1.1.100.202309141235/tools/bin/../lib/gcc/arm-none-eabi/11.3.1/../../../../arm-none-eabi/lib/thumb/v6-m/nofp/crt0.o
LOAD BOS\BOS.o
LOAD BOS\BOS_CLI.o
LOAD BOS\BOS_CLIcommands.o
LOAD BOS\BOS_dma.o
LOAD BOS\BOS_freertos.o
LOAD BOS\BOS_messaging.o
LOAD BOS\BOS_msgparser.o
LOAD H2BR1\H2BR1.o
LOAD H2BR1\H2BR1_dma.o
LOAD H2BR1\H2BR1_eeprom.o
LOAD H2BR1\H2BR1_gpio.o
LOAD H2BR1\H2BR1_i2c.o
LOAD H2BR1\H2BR1_inputs.o
LOAD H2BR1\H2BR1_it.o
LOAD H2BR1\H2BR1_rtc.o
LOAD H2BR1\H2BR1_timers.o
LOAD H2BR1\H2BR1_uart.o
LOAD H2BR1\startup_stm32g0b1ceuxn.o
LOAD Thirdparty\CMSIS\STM32G0xx\Device\ST\STM32G0xx\Source\Templates\system_stm32g0xx.o
LOAD Thirdparty\Middleware\STM32G0xx\FreeRTOS\Source\CMSIS_RTOS\cmsis_os.o
LOAD Thirdparty\Middleware\STM32G0xx\FreeRTOS\Source\FreeRTOS_CLI.o
LOAD Thirdparty\Middleware\STM32G0xx\FreeRTOS\Source\croutine.o
LOAD Thirdparty\Middleware\STM32G0xx\FreeRTOS\Source\event_groups.o
LOAD Thirdparty\Middleware\STM32G0xx\FreeRTOS\Source\list.o
LOAD Thirdparty\Middleware\STM32G0xx\FreeRTOS\Source\portable\GCC\ARM_CM0\port.o
LOAD Thirdparty\Middleware\STM32G0xx\FreeRTOS\Source\portable\MemMang\heap_4.o
LOAD Thirdparty\Middleware\STM32G0xx\FreeRTOS\Source\queue.o
LOAD Thirdparty\Middleware\STM32G0xx\FreeRTOS\Source\stream_buffer.o
LOAD Thirdparty\Middleware\STM32G0xx\FreeRTOS\Source\tasks.o
LOAD Thirdparty\Middleware\STM32G0xx\FreeRTOS\Source\timers.o
LOAD Thirdparty\STM32G0xx_HAL_Driver\Src\stm32g0xx_hal.o
LOAD Thirdparty\STM32G0xx_HAL_Driver\Src\stm32g0xx_hal_adc.o
LOAD Thirdparty\STM32G0xx_HAL_Driver\Src\stm32g0xx_hal_adc_ex.o
LOAD Thirdparty\STM32G0xx_HAL_Driver\Src\stm32g0xx_hal_cec.o
LOAD Thirdparty\STM32G0xx_HAL_Driver\Src\stm32g0xx_hal_comp.o
LOAD Thirdparty\STM32G0xx_HAL_Driver\Src\stm32g0xx_hal_cortex.o
LOAD Thirdparty\STM32G0xx_HAL_Driver\Src\stm32g0xx_hal_crc.o
LOAD Thirdparty\STM32G0xx_HAL_Driver\Src\stm32g0xx_hal_crc_ex.o
LOAD Thirdparty\STM32G0xx_HAL_Driver\Src\stm32g0xx_hal_cryp.o
LOAD Thirdparty\STM32G0xx_HAL_Driver\Src\stm32g0xx_hal_cryp_ex.o
LOAD Thirdparty\STM32G0xx_HAL_Driver\Src\stm32g0xx_hal_dac.o
LOAD Thirdparty\STM32G0xx_HAL_Driver\Src\stm32g0xx_hal_dac_ex.o
LOAD Thirdparty\STM32G0xx_HAL_Driver\Src\stm32g0xx_hal_dma.o
LOAD Thirdparty\STM32G0xx_HAL_Driver\Src\stm32g0xx_hal_dma_ex.o
LOAD Thirdparty\STM32G0xx_HAL_Driver\Src\stm32g0xx_hal_exti.o
LOAD Thirdparty\STM32G0xx_HAL_Driver\Src\stm32g0xx_hal_fdcan.o
LOAD Thirdparty\STM32G0xx_HAL_Driver\Src\stm32g0xx_hal_flash.o
LOAD Thirdparty\STM32G0xx_HAL_Driver\Src\stm32g0xx_hal_flash_ex.o
LOAD Thirdparty\STM32G0xx_HAL_Driver\Src\stm32g0xx_hal_gpio.o
LOAD Thirdparty\STM32G0xx_HAL_Driver\Src\stm32g0xx_hal_hcd.o
LOAD Thirdparty\STM32G0xx_HAL_Driver\Src\stm32g0xx_hal_i2c.o
LOAD Thirdparty\STM32G0xx_HAL_Driver\Src\stm32g0xx_hal_i2c_ex.o
LOAD Thirdparty\STM32G0xx_HAL_Driver\Src\stm32g0xx_hal_i2s.o
LOAD Thirdparty\STM32G0xx_HAL_Driver\Src\stm32g0xx_hal_irda.o
LOAD Thirdparty\STM32G0xx_HAL_Driver\Src\stm32g0xx_hal_iwdg.o
LOAD Thirdparty\STM32G0xx_HAL_Driver\Src\stm32g0xx_hal_lptim.o
LOAD Thirdparty\STM32G0xx_HAL_Driver\Src\stm32g0xx_hal_msp_template.o
LOAD Thirdparty\STM32G0xx_HAL_Driver\Src\stm32g0xx_hal_pcd.o
LOAD Thirdparty\STM32G0xx_HAL_Driver\Src\stm32g0xx_hal_pcd_ex.o
LOAD Thirdparty\STM32G0xx_HAL_Driver\Src\stm32g0xx_hal_pwr.o
LOAD Thirdparty\STM32G0xx_HAL_Driver\Src\stm32g0xx_hal_pwr_ex.o
LOAD Thirdparty\STM32G0xx_HAL_Driver\Src\stm32g0xx_hal_rcc.o
LOAD Thirdparty\STM32G0xx_HAL_Driver\Src\stm32g0xx_hal_rcc_ex.o
LOAD Thirdparty\STM32G0xx_HAL_Driver\Src\stm32g0xx_hal_rng.o
LOAD Thirdparty\STM32G0xx_HAL_Driver\Src\stm32g0xx_hal_rtc.o
LOAD Thirdparty\STM32G0xx_HAL_Driver\Src\stm32g0xx_hal_rtc_ex.o
LOAD Thirdparty\STM32G0xx_HAL_Driver\Src\stm32g0xx_hal_smartcard.o
LOAD Thirdparty\STM32G0xx_HAL_Driver\Src\stm32g0xx_hal_smartcard_ex.o
LOAD Thirdparty\STM32G0xx_HAL_Driver\Src\stm32g0xx_hal_smbus.o
LOAD Thirdparty\STM32G0xx_HAL_Driver\Src\stm32g0xx_hal_smbus_ex.o
LOAD Thirdparty\STM32G0xx_HAL_Driver\Src\stm32g0xx_hal_spi.o
LOAD Thirdparty\STM32G0xx_HAL_Driver\Src\stm32g0xx_hal_spi_ex.o
LOAD Thirdparty\STM32G0xx_HAL_Driver\Src\stm32g0xx_hal_tim.o
LOAD Thirdparty\STM32G0xx_HAL_Driver\Src\stm32g0xx_hal_tim_ex.o
LOAD Thirdparty\STM32G0xx_HAL_Driver\Src\stm32g0xx_hal_uart.o
LOAD Thirdparty\STM32G0xx_HAL_Driver\Src\stm32g0xx_hal_uart_ex.o
LOAD Thirdparty\STM32G0xx_HAL_Driver\Src\stm32g0xx_hal_usart.o
LOAD Thirdparty\STM32G0xx_HAL_Driver\Src\stm32g0xx_hal_usart_ex.o
LOAD Thirdparty\STM32G0xx_HAL_Driver\Src\stm32g0xx_hal_wwdg.o
LOAD Thirdparty\STM32G0xx_HAL_Driver\Src\stm32g0xx_ll_adc.o
LOAD Thirdparty\STM32G0xx_HAL_Driver\Src\stm32g0xx_ll_comp.o
LOAD Thirdparty\STM32G0xx_HAL_Driver\Src\stm32g0xx_ll_crc.o
LOAD Thirdparty\STM32G0xx_HAL_Driver\Src\stm32g0xx_ll_crs.o
LOAD Thirdparty\STM32G0xx_HAL_Driver\Src\stm32g0xx_ll_dac.o
LOAD Thirdparty\STM32G0xx_HAL_Driver\Src\stm32g0xx_ll_dma.o
LOAD Thirdparty\STM32G0xx_HAL_Driver\Src\stm32g0xx_ll_exti.o
LOAD Thirdparty\STM32G0xx_HAL_Driver\Src\stm32g0xx_ll_gpio.o
LOAD Thirdparty\STM32G0xx_HAL_Driver\Src\stm32g0xx_ll_i2c.o
LOAD Thirdparty\STM32G0xx_HAL_Driver\Src\stm32g0xx_ll_lptim.o
LOAD Thirdparty\STM32G0xx_HAL_Driver\Src\stm32g0xx_ll_lpuart.o
LOAD Thirdparty\STM32G0xx_HAL_Driver\Src\stm32g0xx_ll_pwr.o
LOAD Thirdparty\STM32G0xx_HAL_Driver\Src\stm32g0xx_ll_rcc.o
LOAD Thirdparty\STM32G0xx_HAL_Driver\Src\stm32g0xx_ll_rng.o
LOAD Thirdparty\STM32G0xx_HAL_Driver\Src\stm32g0xx_ll_rtc.o
LOAD Thirdparty\STM32G0xx_HAL_Driver\Src\stm32g0xx_ll_spi.o
LOAD Thirdparty\STM32G0xx_HAL_Driver\Src\stm32g0xx_ll_tim.o
LOAD Thirdparty\STM32G0xx_HAL_Driver\Src\stm32g0xx_ll_ucpd.o
LOAD Thirdparty\STM32G0xx_HAL_Driver\Src\stm32g0xx_ll_usart.o
LOAD Thirdparty\STM32G0xx_HAL_Driver\Src\stm32g0xx_ll_usb.o
LOAD Thirdparty\STM32G0xx_HAL_Driver\Src\stm32g0xx_ll_utils.o
LOAD User\main.o
START GROUP
LOAD C:/ST/STM32CubeIDE_1.12.0/STM32CubeIDE/plugins/com.st.stm32cube.ide.mcu.externaltools.gnu-tools-for-stm32.11.3.rel1.win32_1.1.100.202309141235/tools/bin/../lib/gcc/arm-none-eabi/11.3.1/../../../../arm-none-eabi/lib/thumb/v6-m/nofp\libc.a
LOAD C:/ST/STM32CubeIDE_1.12.0/STM32CubeIDE/plugins/com.st.stm32cube.ide.mcu.externaltools.gnu-tools-for-stm32.11.3.rel1.win32_1.1.100.202309141235/tools/bin/../lib/gcc/arm-none-eabi/11.3.1/../../../../arm-none-eabi/lib/thumb/v6-m/nofp\libm.a
END GROUP
START GROUP
LOAD C:/ST/STM32CubeIDE_1.12.0/STM32CubeIDE/plugins/com.st.stm32cube.ide.mcu.externaltools.gnu-tools-for-stm32.11.3.rel1.win32_1.1.100.202309141235/tools/bin/../lib/gcc/arm-none-eabi/11.3.1/thumb/v6-m/nofp\libgcc.a
LOAD C:/ST/STM32CubeIDE_1.12.0/STM32CubeIDE/plugins/com.st.stm32cube.ide.mcu.externaltools.gnu-tools-for-stm32.11.3.rel1.win32_1.1.100.202309141235/tools/bin/../lib/gcc/arm-none-eabi/11.3.1/../../../../arm-none-eabi/lib/thumb/v6-m/nofp\libc.a
END GROUP
START GROUP
LOAD C:/ST/STM32CubeIDE_1.12.0/STM32CubeIDE/plugins/com.st.stm32cube.ide.mcu.externaltools.gnu-tools-for-stm32.11.3.rel1.win32_1.1.100.202309141235/tools/bin/../lib/gcc/arm-none-eabi/11.3.1/thumb/v6-m/nofp\libgcc.a
LOAD C:/ST/STM32CubeIDE_1.12.0/STM32CubeIDE/plugins/com.st.stm32cube.ide.mcu.externaltools.gnu-tools-for-stm32.11.3.rel1.win32_1.1.100.202309141235/tools/bin/../lib/gcc/arm-none-eabi/11.3.1/../../../../arm-none-eabi/lib/thumb/v6-m/nofp\libc.a
LOAD C:/ST/STM32CubeIDE_1.12.0/STM32CubeIDE/plugins/com.st.stm32cube.ide.mcu.externaltools.gnu-tools-for-stm32.11.3.rel1.win32_1.1.100.202309141235/tools/bin/../lib/gcc/arm-none-eabi/11.3.1/../../../../arm-none-eabi/lib/thumb/v6-m/nofp\libnosys.a
END GROUP
LOAD C:/ST/STM32CubeIDE_1.12.0/STM32CubeIDE/plugins/com.st.stm32cube.ide.mcu.externaltools.gnu-tools-for-stm32.11.3.rel1.win32_1.1.100.202309141235/tools/bin/../lib/gcc/arm-none-eabi/11.3.1/thumb/v6-m/nofp/crtend.o
LOAD C:/ST/STM32CubeIDE_1.12.0/STM32CubeIDE/plugins/com.st.stm32cube.ide.mcu.externaltools.gnu-tools-for-stm32.11.3.rel1.win32_1.1.100.202309141235/tools/bin/../lib/gcc/arm-none-eabi/11.3.1/thumb/v6-m/nofp/crtn.o
                0x0000000020024000                _estack = (ORIGIN (RAM) + LENGTH (RAM))
                0x0000000000000200                _Min_Heap_Size = 0x200
                0x0000000000000400                _Min_Stack_Size = 0x400

.isr_vector     0x0000000008000000       0xbc
                0x0000000008000000                . = ALIGN (0x4)
 *(.isr_vector)
 .isr_vector    0x0000000008000000       0xbc H2BR1\startup_stm32g0b1ceuxn.o
                0x0000000008000000                g_pfnVectors
                0x00000000080000bc                . = ALIGN (0x4)

.text           0x00000000080000c0    0x28d30
                0x00000000080000c0                . = ALIGN (0x4)
 *(.text)
 .text          0x00000000080000c0       0x48 C:/ST/STM32CubeIDE_1.12.0/STM32CubeIDE/plugins/com.st.stm32cube.ide.mcu.externaltools.gnu-tools-for-stm32.11.3.rel1.win32_1.1.100.202309141235/tools/bin/../lib/gcc/arm-none-eabi/11.3.1/thumb/v6-m/nofp/crtbegin.o
 .text          0x0000000008000108       0x14 C:/ST/STM32CubeIDE_1.12.0/STM32CubeIDE/plugins/com.st.stm32cube.ide.mcu.externaltools.gnu-tools-for-stm32.11.3.rel1.win32_1.1.100.202309141235/tools/bin/../lib/gcc/arm-none-eabi/11.3.1/../../../../arm-none-eabi/lib/thumb/v6-m/nofp\libc.a(libc_a-strcmp.o)
                0x0000000008000108                strcmp
 .text          0x000000000800011c        0xe C:/ST/STM32CubeIDE_1.12.0/STM32CubeIDE/plugins/com.st.stm32cube.ide.mcu.externaltools.gnu-tools-for-stm32.11.3.rel1.win32_1.1.100.202309141235/tools/bin/../lib/gcc/arm-none-eabi/11.3.1/../../../../arm-none-eabi/lib/thumb/v6-m/nofp\libc.a(libc_a-strlen.o)
                0x000000000800011c                strlen
 *fill*         0x000000000800012a        0x2 
 .text          0x000000000800012c       0x14 C:/ST/STM32CubeIDE_1.12.0/STM32CubeIDE/plugins/com.st.stm32cube.ide.mcu.externaltools.gnu-tools-for-stm32.11.3.rel1.win32_1.1.100.202309141235/tools/bin/../lib/gcc/arm-none-eabi/11.3.1/thumb/v6-m/nofp\libgcc.a(_thumb1_case_uqi.o)
                0x000000000800012c                __gnu_thumb1_case_uqi
 .text          0x0000000008000140       0x14 C:/ST/STM32CubeIDE_1.12.0/STM32CubeIDE/plugins/com.st.stm32cube.ide.mcu.externaltools.gnu-tools-for-stm32.11.3.rel1.win32_1.1.100.202309141235/tools/bin/../lib/gcc/arm-none-eabi/11.3.1/thumb/v6-m/nofp\libgcc.a(_thumb1_case_uhi.o)
                0x0000000008000140                __gnu_thumb1_case_uhi
 .text          0x0000000008000154      0x114 C:/ST/STM32CubeIDE_1.12.0/STM32CubeIDE/plugins/com.st.stm32cube.ide.mcu.externaltools.gnu-tools-for-stm32.11.3.rel1.win32_1.1.100.202309141235/tools/bin/../lib/gcc/arm-none-eabi/11.3.1/thumb/v6-m/nofp\libgcc.a(_udivsi3.o)
                0x0000000008000154                __aeabi_uidiv
                0x0000000008000154                __udivsi3
                0x0000000008000260                __aeabi_uidivmod
 .text          0x0000000008000268      0x1d4 C:/ST/STM32CubeIDE_1.12.0/STM32CubeIDE/plugins/com.st.stm32cube.ide.mcu.externaltools.gnu-tools-for-stm32.11.3.rel1.win32_1.1.100.202309141235/tools/bin/../lib/gcc/arm-none-eabi/11.3.1/thumb/v6-m/nofp\libgcc.a(_divsi3.o)
                0x0000000008000268                __divsi3
                0x0000000008000268                __aeabi_idiv
                0x0000000008000434                __aeabi_idivmod
 .text          0x000000000800043c        0x4 C:/ST/STM32CubeIDE_1.12.0/STM32CubeIDE/plugins/com.st.stm32cube.ide.mcu.externaltools.gnu-tools-for-stm32.11.3.rel1.win32_1.1.100.202309141235/tools/bin/../lib/gcc/arm-none-eabi/11.3.1/thumb/v6-m/nofp\libgcc.a(_dvmd_tls.o)
                0x000000000800043c                __aeabi_idiv0
                0x000000000800043c                __aeabi_ldiv0
 .text          0x0000000008000440       0x7c C:/ST/STM32CubeIDE_1.12.0/STM32CubeIDE/plugins/com.st.stm32cube.ide.mcu.externaltools.gnu-tools-for-stm32.11.3.rel1.win32_1.1.100.202309141235/tools/bin/../lib/gcc/arm-none-eabi/11.3.1/thumb/v6-m/nofp\libgcc.a(_arm_cmpdf2.o)
                0x0000000008000440                __aeabi_cdrcmple
                0x0000000008000450                __aeabi_cdcmple
                0x0000000008000450                __aeabi_cdcmpeq
                0x0000000008000460                __aeabi_dcmpeq
                0x000000000800046c                __aeabi_dcmplt
                0x0000000008000480                __aeabi_dcmple
                0x0000000008000494                __aeabi_dcmpgt
                0x00000000080004a8                __aeabi_dcmpge
 .text          0x00000000080004bc       0x74 C:/ST/STM32CubeIDE_1.12.0/STM32CubeIDE/plugins/com.st.stm32cube.ide.mcu.externaltools.gnu-tools-for-stm32.11.3.rel1.win32_1.1.100.202309141235/tools/bin/../lib/gcc/arm-none-eabi/11.3.1/thumb/v6-m/nofp\libgcc.a(_arm_cmpsf2.o)
                0x00000000080004bc                __aeabi_cfrcmple
                0x00000000080004c4                __aeabi_cfcmpeq
                0x00000000080004c4                __aeabi_cfcmple
                0x00000000080004d4                __aeabi_fcmpeq
                0x00000000080004e0                __aeabi_fcmplt
                0x00000000080004f4                __aeabi_fcmple
                0x0000000008000508                __aeabi_fcmpgt
                0x000000000800051c                __aeabi_fcmpge
 .text          0x0000000008000530       0x14 C:/ST/STM32CubeIDE_1.12.0/STM32CubeIDE/plugins/com.st.stm32cube.ide.mcu.externaltools.gnu-tools-for-stm32.11.3.rel1.win32_1.1.100.202309141235/tools/bin/../lib/gcc/arm-none-eabi/11.3.1/thumb/v6-m/nofp\libgcc.a(_aeabi_ulcmp.o)
                0x0000000008000530                __aeabi_ulcmp
 .text          0x0000000008000544       0x40 C:/ST/STM32CubeIDE_1.12.0/STM32CubeIDE/plugins/com.st.stm32cube.ide.mcu.externaltools.gnu-tools-for-stm32.11.3.rel1.win32_1.1.100.202309141235/tools/bin/../lib/gcc/arm-none-eabi/11.3.1/thumb/v6-m/nofp\libgcc.a(_aeabi_uldivmod.o)
                0x0000000008000544                __aeabi_uldivmod
 .text          0x0000000008000584       0x5c C:/ST/STM32CubeIDE_1.12.0/STM32CubeIDE/plugins/com.st.stm32cube.ide.mcu.externaltools.gnu-tools-for-stm32.11.3.rel1.win32_1.1.100.202309141235/tools/bin/../lib/gcc/arm-none-eabi/11.3.1/thumb/v6-m/nofp\libgcc.a(_muldi3.o)
                0x0000000008000584                __muldi3
                0x0000000008000584                __aeabi_lmul
 .text          0x00000000080005e0       0x30 C:/ST/STM32CubeIDE_1.12.0/STM32CubeIDE/plugins/com.st.stm32cube.ide.mcu.externaltools.gnu-tools-for-stm32.11.3.rel1.win32_1.1.100.202309141235/tools/bin/../lib/gcc/arm-none-eabi/11.3.1/thumb/v6-m/nofp\libgcc.a(_fixunssfsi.o)
                0x00000000080005e0                __fixunssfsi
                0x00000000080005e0                __aeabi_f2uiz
 .text          0x0000000008000610       0x3c C:/ST/STM32CubeIDE_1.12.0/STM32CubeIDE/plugins/com.st.stm32cube.ide.mcu.externaltools.gnu-tools-for-stm32.11.3.rel1.win32_1.1.100.202309141235/tools/bin/../lib/gcc/arm-none-eabi/11.3.1/thumb/v6-m/nofp\libgcc.a(_fixunsdfsi.o)
                0x0000000008000610                __aeabi_d2uiz
                0x0000000008000610                __fixunsdfsi
 .text          0x000000000800064c       0x3c C:/ST/STM32CubeIDE_1.12.0/STM32CubeIDE/plugins/com.st.stm32cube.ide.mcu.externaltools.gnu-tools-for-stm32.11.3.rel1.win32_1.1.100.202309141235/tools/bin/../lib/gcc/arm-none-eabi/11.3.1/thumb/v6-m/nofp\libgcc.a(_fixdfdi.o)
                0x000000000800064c                __fixdfdi
                0x000000000800064c                __aeabi_d2lz
 .text          0x0000000008000688       0x3c C:/ST/STM32CubeIDE_1.12.0/STM32CubeIDE/plugins/com.st.stm32cube.ide.mcu.externaltools.gnu-tools-for-stm32.11.3.rel1.win32_1.1.100.202309141235/tools/bin/../lib/gcc/arm-none-eabi/11.3.1/thumb/v6-m/nofp\libgcc.a(_fixunsdfdi.o)
                0x0000000008000688                __fixunsdfdi
                0x0000000008000688                __aeabi_d2ulz
 .text          0x00000000080006c4       0x2c C:/ST/STM32CubeIDE_1.12.0/STM32CubeIDE/plugins/com.st.stm32cube.ide.mcu.externaltools.gnu-tools-for-stm32.11.3.rel1.win32_1.1.100.202309141235/tools/bin/../lib/gcc/arm-none-eabi/11.3.1/thumb/v6-m/nofp\libgcc.a(_floatdidf.o)
                0x00000000080006c4                __aeabi_l2d
                0x00000000080006c4                __floatdidf
 .text          0x00000000080006f0      0x198 C:/ST/STM32CubeIDE_1.12.0/STM32CubeIDE/plugins/com.st.stm32cube.ide.mcu.externaltools.gnu-tools-for-stm32.11.3.rel1.win32_1.1.100.202309141235/tools/bin/../lib/gcc/arm-none-eabi/11.3.1/thumb/v6-m/nofp\libgcc.a(_udivmoddi4.o)
                0x00000000080006f0                __udivmoddi4
 .text          0x0000000008000888      0x340 C:/ST/STM32CubeIDE_1.12.0/STM32CubeIDE/plugins/com.st.stm32cube.ide.mcu.externaltools.gnu-tools-for-stm32.11.3.rel1.win32_1.1.100.202309141235/tools/bin/../lib/gcc/arm-none-eabi/11.3.1/thumb/v6-m/nofp\libgcc.a(addsf3.o)
                0x0000000008000888                __aeabi_fadd
 .text          0x0000000008000bc8      0x234 C:/ST/STM32CubeIDE_1.12.0/STM32CubeIDE/plugins/com.st.stm32cube.ide.mcu.externaltools.gnu-tools-for-stm32.11.3.rel1.win32_1.1.100.202309141235/tools/bin/../lib/gcc/arm-none-eabi/11.3.1/thumb/v6-m/nofp\libgcc.a(divsf3.o)
                0x0000000008000bc8                __aeabi_fdiv
 .text          0x0000000008000dfc       0x4c C:/ST/STM32CubeIDE_1.12.0/STM32CubeIDE/plugins/com.st.stm32cube.ide.mcu.externaltools.gnu-tools-for-stm32.11.3.rel1.win32_1.1.100.202309141235/tools/bin/../lib/gcc/arm-none-eabi/11.3.1/thumb/v6-m/nofp\libgcc.a(eqsf2.o)
                0x0000000008000dfc                __eqsf2
                0x0000000008000dfc                __nesf2
 .text          0x0000000008000e48       0x8c C:/ST/STM32CubeIDE_1.12.0/STM32CubeIDE/plugins/com.st.stm32cube.ide.mcu.externaltools.gnu-tools-for-stm32.11.3.rel1.win32_1.1.100.202309141235/tools/bin/../lib/gcc/arm-none-eabi/11.3.1/thumb/v6-m/nofp\libgcc.a(gesf2.o)
                0x0000000008000e48                __gesf2
                0x0000000008000e48                __gtsf2
 .text          0x0000000008000ed4       0x88 C:/ST/STM32CubeIDE_1.12.0/STM32CubeIDE/plugins/com.st.stm32cube.ide.mcu.externaltools.gnu-tools-for-stm32.11.3.rel1.win32_1.1.100.202309141235/tools/bin/../lib/gcc/arm-none-eabi/11.3.1/thumb/v6-m/nofp\libgcc.a(lesf2.o)
                0x0000000008000ed4                __ltsf2
                0x0000000008000ed4                __lesf2
 .text          0x0000000008000f5c      0x29c C:/ST/STM32CubeIDE_1.12.0/STM32CubeIDE/plugins/com.st.stm32cube.ide.mcu.externaltools.gnu-tools-for-stm32.11.3.rel1.win32_1.1.100.202309141235/tools/bin/../lib/gcc/arm-none-eabi/11.3.1/thumb/v6-m/nofp\libgcc.a(mulsf3.o)
                0x0000000008000f5c                __aeabi_fmul
 .text          0x00000000080011f8      0x340 C:/ST/STM32CubeIDE_1.12.0/STM32CubeIDE/plugins/com.st.stm32cube.ide.mcu.externaltools.gnu-tools-for-stm32.11.3.rel1.win32_1.1.100.202309141235/tools/bin/../lib/gcc/arm-none-eabi/11.3.1/thumb/v6-m/nofp\libgcc.a(subsf3.o)
                0x00000000080011f8                __aeabi_fsub
 .text          0x0000000008001538       0x40 C:/ST/STM32CubeIDE_1.12.0/STM32CubeIDE/plugins/com.st.stm32cube.ide.mcu.externaltools.gnu-tools-for-stm32.11.3.rel1.win32_1.1.100.202309141235/tools/bin/../lib/gcc/arm-none-eabi/11.3.1/thumb/v6-m/nofp\libgcc.a(fixsfsi.o)
                0x0000000008001538                __aeabi_f2iz
 .text          0x0000000008001578       0xa4 C:/ST/STM32CubeIDE_1.12.0/STM32CubeIDE/plugins/com.st.stm32cube.ide.mcu.externaltools.gnu-tools-for-stm32.11.3.rel1.win32_1.1.100.202309141235/tools/bin/../lib/gcc/arm-none-eabi/11.3.1/thumb/v6-m/nofp\libgcc.a(floatsisf.o)
                0x0000000008001578                __aeabi_i2f
 .text          0x000000000800161c       0x90 C:/ST/STM32CubeIDE_1.12.0/STM32CubeIDE/plugins/com.st.stm32cube.ide.mcu.externaltools.gnu-tools-for-stm32.11.3.rel1.win32_1.1.100.202309141235/tools/bin/../lib/gcc/arm-none-eabi/11.3.1/thumb/v6-m/nofp\libgcc.a(floatunsisf.o)
                0x000000000800161c                __aeabi_ui2f
 .text          0x00000000080016ac      0x6c0 C:/ST/STM32CubeIDE_1.12.0/STM32CubeIDE/plugins/com.st.stm32cube.ide.mcu.externaltools.gnu-tools-for-stm32.11.3.rel1.win32_1.1.100.202309141235/tools/bin/../lib/gcc/arm-none-eabi/11.3.1/thumb/v6-m/nofp\libgcc.a(adddf3.o)
                0x00000000080016ac                __aeabi_dadd
 .text          0x0000000008001d6c      0x5dc C:/ST/STM32CubeIDE_1.12.0/STM32CubeIDE/plugins/com.st.stm32cube.ide.mcu.externaltools.gnu-tools-for-stm32.11.3.rel1.win32_1.1.100.202309141235/tools/bin/../lib/gcc/arm-none-eabi/11.3.1/thumb/v6-m/nofp\libgcc.a(divdf3.o)
                0x0000000008001d6c                __aeabi_ddiv
 .text          0x0000000008002348       0x84 C:/ST/STM32CubeIDE_1.12.0/STM32CubeIDE/plugins/com.st.stm32cube.ide.mcu.externaltools.gnu-tools-for-stm32.11.3.rel1.win32_1.1.100.202309141235/tools/bin/../lib/gcc/arm-none-eabi/11.3.1/thumb/v6-m/nofp\libgcc.a(eqdf2.o)
                0x0000000008002348                __nedf2
                0x0000000008002348                __eqdf2
 .text          0x00000000080023cc       0xcc C:/ST/STM32CubeIDE_1.12.0/STM32CubeIDE/plugins/com.st.stm32cube.ide.mcu.externaltools.gnu-tools-for-stm32.11.3.rel1.win32_1.1.100.202309141235/tools/bin/../lib/gcc/arm-none-eabi/11.3.1/thumb/v6-m/nofp\libgcc.a(gedf2.o)
                0x00000000080023cc                __gedf2
                0x00000000080023cc                __gtdf2
 .text          0x0000000008002498       0xc8 C:/ST/STM32CubeIDE_1.12.0/STM32CubeIDE/plugins/com.st.stm32cube.ide.mcu.externaltools.gnu-tools-for-stm32.11.3.rel1.win32_1.1.100.202309141235/tools/bin/../lib/gcc/arm-none-eabi/11.3.1/thumb/v6-m/nofp\libgcc.a(ledf2.o)
                0x0000000008002498                __ledf2
                0x0000000008002498                __ltdf2
 .text          0x0000000008002560      0x584 C:/ST/STM32CubeIDE_1.12.0/STM32CubeIDE/plugins/com.st.stm32cube.ide.mcu.externaltools.gnu-tools-for-stm32.11.3.rel1.win32_1.1.100.202309141235/tools/bin/../lib/gcc/arm-none-eabi/11.3.1/thumb/v6-m/nofp\libgcc.a(muldf3.o)
                0x0000000008002560                __aeabi_dmul
 .text          0x0000000008002ae4      0x704 C:/ST/STM32CubeIDE_1.12.0/STM32CubeIDE/plugins/com.st.stm32cube.ide.mcu.externaltools.gnu-tools-for-stm32.11.3.rel1.win32_1.1.100.202309141235/tools/bin/../lib/gcc/arm-none-eabi/11.3.1/thumb/v6-m/nofp\libgcc.a(subdf3.o)
                0x0000000008002ae4                __aeabi_dsub
 .text          0x00000000080031e8       0x3c C:/ST/STM32CubeIDE_1.12.0/STM32CubeIDE/plugins/com.st.stm32cube.ide.mcu.externaltools.gnu-tools-for-stm32.11.3.rel1.win32_1.1.100.202309141235/tools/bin/../lib/gcc/arm-none-eabi/11.3.1/thumb/v6-m/nofp\libgcc.a(unorddf2.o)
                0x00000000080031e8                __aeabi_dcmpun
 .text          0x0000000008003224       0x6c C:/ST/STM32CubeIDE_1.12.0/STM32CubeIDE/plugins/com.st.stm32cube.ide.mcu.externaltools.gnu-tools-for-stm32.11.3.rel1.win32_1.1.100.202309141235/tools/bin/../lib/gcc/arm-none-eabi/11.3.1/thumb/v6-m/nofp\libgcc.a(fixdfsi.o)
                0x0000000008003224                __aeabi_d2iz
 .text          0x0000000008003290       0x60 C:/ST/STM32CubeIDE_1.12.0/STM32CubeIDE/plugins/com.st.stm32cube.ide.mcu.externaltools.gnu-tools-for-stm32.11.3.rel1.win32_1.1.100.202309141235/tools/bin/../lib/gcc/arm-none-eabi/11.3.1/thumb/v6-m/nofp\libgcc.a(floatsidf.o)
                0x0000000008003290                __aeabi_i2d
 .text          0x00000000080032f0       0x4c C:/ST/STM32CubeIDE_1.12.0/STM32CubeIDE/plugins/com.st.stm32cube.ide.mcu.externaltools.gnu-tools-for-stm32.11.3.rel1.win32_1.1.100.202309141235/tools/bin/../lib/gcc/arm-none-eabi/11.3.1/thumb/v6-m/nofp\libgcc.a(floatunsidf.o)
                0x00000000080032f0                __aeabi_ui2d
 .text          0x000000000800333c       0x90 C:/ST/STM32CubeIDE_1.12.0/STM32CubeIDE/plugins/com.st.stm32cube.ide.mcu.externaltools.gnu-tools-for-stm32.11.3.rel1.win32_1.1.100.202309141235/tools/bin/../lib/gcc/arm-none-eabi/11.3.1/thumb/v6-m/nofp\libgcc.a(extendsfdf2.o)
                0x000000000800333c                __aeabi_f2d
 .text          0x00000000080033cc      0x10c C:/ST/STM32CubeIDE_1.12.0/STM32CubeIDE/plugins/com.st.stm32cube.ide.mcu.externaltools.gnu-tools-for-stm32.11.3.rel1.win32_1.1.100.202309141235/tools/bin/../lib/gcc/arm-none-eabi/11.3.1/thumb/v6-m/nofp\libgcc.a(truncdfsf2.o)
                0x00000000080033cc                __aeabi_d2f
 .text          0x00000000080034d8       0x3c C:/ST/STM32CubeIDE_1.12.0/STM32CubeIDE/plugins/com.st.stm32cube.ide.mcu.externaltools.gnu-tools-for-stm32.11.3.rel1.win32_1.1.100.202309141235/tools/bin/../lib/gcc/arm-none-eabi/11.3.1/thumb/v6-m/nofp\libgcc.a(_clzsi2.o)
                0x00000000080034d8                __clzsi2
 .text          0x0000000008003514       0x18 C:/ST/STM32CubeIDE_1.12.0/STM32CubeIDE/plugins/com.st.stm32cube.ide.mcu.externaltools.gnu-tools-for-stm32.11.3.rel1.win32_1.1.100.202309141235/tools/bin/../lib/gcc/arm-none-eabi/11.3.1/thumb/v6-m/nofp\libgcc.a(_clzdi2.o)
                0x0000000008003514                __clzdi2
 *(.text*)
 .text.__NVIC_SystemReset
                0x000000000800352c       0x24 BOS\BOS.o
 .text.Processor_type
                0x0000000008003550       0x92 BOS\BOS.o
                0x0000000008003550                Processor_type
 *fill*         0x00000000080035e2        0x2 
 .text.Get_Module_Name
                0x00000000080035e4       0x28 BOS\BOS.o
                0x00000000080035e4                Get_Module_Name
 .text.Send_BOS_Message
                0x000000000800360c       0xfc BOS\BOS.o
                0x000000000800360c                Send_BOS_Message
 .text.LoadEEvars
                0x0000000008003708       0x2a BOS\BOS.o
                0x0000000008003708                LoadEEvars
 *fill*         0x0000000008003732        0x2 
 .text.LoadROtopology
                0x0000000008003734       0xfc BOS\BOS.o
                0x0000000008003734                LoadROtopology
 .text.LoadEEportsDir
                0x0000000008003830       0x68 BOS\BOS.o
                0x0000000008003830                LoadEEportsDir
 .text.LoadEEalias
                0x0000000008003898       0xd8 BOS\BOS.o
                0x0000000008003898                LoadEEalias
 .text.LoadEEgroup
                0x0000000008003970      0x120 BOS\BOS.o
                0x0000000008003970                LoadEEgroup
 .text.LoadEEstreams
                0x0000000008003a90      0x21c BOS\BOS.o
                0x0000000008003a90                LoadEEstreams
 .text.LoadEEparams
                0x0000000008003cac      0x260 BOS\BOS.o
                0x0000000008003cac                LoadEEparams
 .text.LoadEEbuttons
                0x0000000008003f0c      0x2ec BOS\BOS.o
                0x0000000008003f0c                LoadEEbuttons
 .text.LoadROsnippets
                0x00000000080041f8      0x1d8 BOS\BOS.o
                0x00000000080041f8                LoadROsnippets
 .text.SaveEEportsDir
                0x00000000080043d0       0x78 BOS\BOS.o
                0x00000000080043d0                SaveEEportsDir
 .text.SaveEEalias
                0x0000000008004448       0xd4 BOS\BOS.o
                0x0000000008004448                SaveEEalias
 .text.SaveEEstreams
                0x000000000800451c       0xdc BOS\BOS.o
                0x000000000800451c                SaveEEstreams
 .text.SaveEEparams
                0x00000000080045f8       0xf8 BOS\BOS.o
                0x00000000080045f8                SaveEEparams
 .text.ClearEEportsDir
                0x00000000080046f0       0x84 BOS\BOS.o
                0x00000000080046f0                ClearEEportsDir
 .text.EE_FormatForFactoryReset
                0x0000000008004774       0x2c BOS\BOS.o
                0x0000000008004774                EE_FormatForFactoryReset
 .text.IsLowerCLIbaud
                0x00000000080047a0       0xe8 BOS\BOS.o
                0x00000000080047a0                IsLowerCLIbaud
 .text.IsModuleParameter
                0x0000000008004888       0x64 BOS\BOS.o
                0x0000000008004888                IsModuleParameter
 .text.IsMathOperator
                0x00000000080048ec       0xc4 BOS\BOS.o
                0x00000000080048ec                IsMathOperator
 .text.BOS_Init
                0x00000000080049b0      0x138 BOS\BOS.o
                0x00000000080049b0                BOS_Init
 .text.Module_Init
                0x0000000008004ae8       0x1e BOS\BOS.o
                0x0000000008004ae8                Module_Init
 *fill*         0x0000000008004b06        0x2 
 .text.ExploreNeighbors
                0x0000000008004b08       0x90 BOS\BOS.o
                0x0000000008004b08                ExploreNeighbors
 .text.FindBroadcastRoutes
                0x0000000008004b98      0x3b0 BOS\BOS.o
                0x0000000008004b98                FindBroadcastRoutes
 .text.FindRoute
                0x0000000008004f48      0x2dc BOS\BOS.o
                0x0000000008004f48                FindRoute
 .text.minArr   0x0000000008005224       0x88 BOS\BOS.o
                0x0000000008005224                minArr
 .text.QnotEmpty
                0x00000000080052ac       0x50 BOS\BOS.o
                0x00000000080052ac                QnotEmpty
 .text.DisplayTopology
                0x00000000080052fc      0x258 BOS\BOS.o
                0x00000000080052fc                DisplayTopology
 .text.DisplayPortsDir
                0x0000000008005554      0x118 BOS\BOS.o
                0x0000000008005554                DisplayPortsDir
 .text.DisplayModuleStatus
                0x000000000800566c      0x3c0 BOS\BOS.o
                0x000000000800566c                DisplayModuleStatus
 .text.GetID    0x0000000008005a2c      0x15c BOS\BOS.o
                0x0000000008005a2c                GetID
 .text.NameModule
                0x0000000008005b88      0x140 BOS\BOS.o
                0x0000000008005b88                NameModule
 .text.AddModuleToGroup
                0x0000000008005cc8      0x1b8 BOS\BOS.o
                0x0000000008005cc8                AddModuleToGroup
 .text.WriteToRemote
                0x0000000008005e80      0x460 BOS\BOS.o
                0x0000000008005e80                WriteToRemote
 .text.GetDateString
                0x00000000080062e0       0x5c BOS\BOS.o
                0x00000000080062e0                GetDateString
 .text.Bridge   0x000000000800633c       0x4c BOS\BOS.o
                0x000000000800633c                Bridge
 .text.Unbridge
                0x0000000008006388       0xcc BOS\BOS.o
                0x0000000008006388                Unbridge
 .text.prvCLITask
                0x0000000008006454      0x278 BOS\BOS_CLI.o
                0x0000000008006454                prvCLITask
 .text.CLI_CommandParser
                0x00000000080066cc      0x574 BOS\BOS_CLI.o
                0x00000000080066cc                CLI_CommandParser
 .text.StringToLowerCase
                0x0000000008006c40       0x6c BOS\BOS_CLI.o
                0x0000000008006c40                StringToLowerCase
 .text.AddSnippet
                0x0000000008006cac      0x1b4 BOS\BOS_CLI.o
                0x0000000008006cac                AddSnippet
 .text.ParseSnippetCondition
                0x0000000008006e60      0x7f8 BOS\BOS_CLI.o
                0x0000000008006e60                ParseSnippetCondition
 .text.ParseSnippetCommand
                0x0000000008007658       0xc8 BOS\BOS_CLI.o
                0x0000000008007658                ParseSnippetCommand
 .text.CheckSnippetCondition
                0x0000000008007720      0x1b4 BOS\BOS_CLI.o
                0x0000000008007720                CheckSnippetCondition
 .text.ExecuteSnippet
                0x00000000080078d4       0xd0 BOS\BOS_CLI.o
                0x00000000080078d4                ExecuteSnippet
 .text.__NVIC_SystemReset
                0x00000000080079a4       0x24 BOS\BOS_CLIcommands.o
 .text.RegisterUserCLICommands
                0x00000000080079c8        0xa BOS\BOS_CLIcommands.o
                0x00000000080079c8                RegisterUserCLICommands
 *fill*         0x00000000080079d2        0x2 
 .text.vRegisterCLICommands
                0x00000000080079d4      0x1b0 BOS\BOS_CLIcommands.o
                0x00000000080079d4                vRegisterCLICommands
 .text.prvTaskStatsCommand
                0x0000000008007b84       0x40 BOS\BOS_CLIcommands.o
 .text.prvRunTimeStatsCommand
                0x0000000008007bc4       0x40 BOS\BOS_CLIcommands.o
 .text.pingCommand
                0x0000000008007c04       0x98 BOS\BOS_CLIcommands.o
 .text.bootloaderUpdateCommand
                0x0000000008007c9c      0x1fc BOS\BOS_CLIcommands.o
 .text.exploreCommand
                0x0000000008007e98       0x16 BOS\BOS_CLIcommands.o
 .text.resetCommand
                0x0000000008007eae       0x10 BOS\BOS_CLIcommands.o
 *fill*         0x0000000008007ebe        0x2 
 .text.nameCommand
                0x0000000008007ec0       0xe8 BOS\BOS_CLIcommands.o
 .text.groupCommand
                0x0000000008007fa8      0x2fc BOS\BOS_CLIcommands.o
 .text.statusCommand
                0x00000000080082a4       0x1c BOS\BOS_CLIcommands.o
 .text.infoCommand
                0x00000000080082c0       0xfc BOS\BOS_CLIcommands.o
 .text.scastCommand
                0x00000000080083bc      0x2dc BOS\BOS_CLIcommands.o
 .text.addbuttonCommand
                0x0000000008008698      0x150 BOS\BOS_CLIcommands.o
 .text.removebuttonCommand
                0x00000000080087e8       0x94 BOS\BOS_CLIcommands.o
 .text.setCommand
                0x000000000800887c      0xbf8 BOS\BOS_CLIcommands.o
 .text.getCommand
                0x0000000008009474      0x3b4 BOS\BOS_CLIcommands.o
 .text.defaultCommand
                0x0000000008009828       0xf8 BOS\BOS_CLIcommands.o
 .text.timeCommand
                0x0000000008009920       0xd8 BOS\BOS_CLIcommands.o
 .text.dateCommand
                0x00000000080099f8       0x34 BOS\BOS_CLIcommands.o
 .text.setBaudrateCommand
                0x0000000008009a2c       0xc0 BOS\BOS_CLIcommands.o
 .text.uuidCommand
                0x0000000008009aec       0x70 BOS\BOS_CLIcommands.o
 .text.idcodeCommand
                0x0000000008009b5c       0xe0 BOS\BOS_CLIcommands.o
 .text.flashsizeCommand
                0x0000000008009c3c       0x34 BOS\BOS_CLIcommands.o
 .text.snipCommand
                0x0000000008009c70      0x3ac BOS\BOS_CLIcommands.o
 .text.actSnipCommand
                0x000000000800a01c       0xb8 BOS\BOS_CLIcommands.o
 .text.pauseSnipCommand
                0x000000000800a0d4       0xb8 BOS\BOS_CLIcommands.o
 .text.delSnipCommand
                0x000000000800a18c      0x1d4 BOS\BOS_CLIcommands.o
 .text.bridgeCommand
                0x000000000800a360      0x11c BOS\BOS_CLIcommands.o
 .text.unbridgeCommand
                0x000000000800a47c      0x11c BOS\BOS_CLIcommands.o
 .text.testportCommand
                0x000000000800a598      0x2e8 BOS\BOS_CLIcommands.o
 .text.ADCReadCommand
                0x000000000800a880      0x134 BOS\BOS_CLIcommands.o
 .text.ReadTempCommand
                0x000000000800a9b4       0x54 BOS\BOS_CLIcommands.o
 .text.ReadVrefCommand
                0x000000000800aa08       0x54 BOS\BOS_CLIcommands.o
 .text.GetReadPrecentageCommand
                0x000000000800aa5c       0x98 BOS\BOS_CLIcommands.o
 .text.StartDMAstream
                0x000000000800aaf4       0xb0 BOS\BOS_dma.o
                0x000000000800aaf4                StartDMAstream
 .text.ResetUartORE
                0x000000000800aba4       0x54 BOS\BOS_dma.o
                0x000000000800aba4                ResetUartORE
 .text.MX_FREERTOS_Init
                0x000000000800abf8      0x260 BOS\BOS_freertos.o
                0x000000000800abf8                MX_FREERTOS_Init
 .text.StartDefaultTask
                0x000000000800ae58       0xd0 BOS\BOS_freertos.o
                0x000000000800ae58                StartDefaultTask
 .text.ExecuteMonitor
                0x000000000800af28      0x4c8 BOS\BOS_freertos.o
                0x000000000800af28                ExecuteMonitor
 .text.vMainConfigureTimerForRunTimeStats
                0x000000000800b3f0       0x2c BOS\BOS_freertos.o
                0x000000000800b3f0                vMainConfigureTimerForRunTimeStats
 .text.ulMainGetRunTimeCounterValue
                0x000000000800b41c       0x90 BOS\BOS_freertos.o
                0x000000000800b41c                ulMainGetRunTimeCounterValue
 .text.SetupDMAStreams
                0x000000000800b4ac      0x27c BOS\BOS_messaging.o
                0x000000000800b4ac                SetupDMAStreams
 .text.StreamTimerCallback
                0x000000000800b728       0x34 BOS\BOS_messaging.o
                0x000000000800b728                StreamTimerCallback
 .text.ForwardReceivedMessage
                0x000000000800b75c       0x80 BOS\BOS_messaging.o
                0x000000000800b75c                ForwardReceivedMessage
 .text.BroadcastReceivedMessage
                0x000000000800b7dc       0x70 BOS\BOS_messaging.o
                0x000000000800b7dc                BroadcastReceivedMessage
 .text.NotifyMessagingTask
                0x000000000800b84c       0xa4 BOS\BOS_messaging.o
                0x000000000800b84c                NotifyMessagingTask
 .text.BroadcastMessage
                0x000000000800b8f0       0x94 BOS\BOS_messaging.o
                0x000000000800b8f0                BroadcastMessage
 .text.SendMessageToModule
                0x000000000800b984       0xa4 BOS\BOS_messaging.o
                0x000000000800b984                SendMessageToModule
 .text.SendMessageFromPort
                0x000000000800ba28      0x6b4 BOS\BOS_messaging.o
                0x000000000800ba28                SendMessageFromPort
 .text.StartScastDMAStream
                0x000000000800c0dc      0x30c BOS\BOS_messaging.o
                0x000000000800c0dc                StartScastDMAStream
 .text.__NVIC_SystemReset
                0x000000000800c3e8       0x24 BOS\BOS_msgparser.o
 .text.BackEndTask
                0x000000000800c40c      0x858 BOS\BOS_msgparser.o
                0x000000000800c40c                BackEndTask
 .text.PxMessagingTask
                0x000000000800cc64     0x4a88 BOS\BOS_msgparser.o
                0x000000000800cc64                PxMessagingTask
 .text.User_MessagingParser
                0x00000000080116ec       0x3a BOS\BOS_msgparser.o
                0x00000000080116ec                User_MessagingParser
 *fill*         0x0000000008011726        0x2 
 .text.SystemClock_Config
                0x0000000008011728      0x154 H2BR1\H2BR1.o
                0x0000000008011728                SystemClock_Config
 .text.SaveToRO
                0x000000000801187c      0x408 H2BR1\H2BR1.o
                0x000000000801187c                SaveToRO
 .text.ClearROtopology
                0x0000000008011c84       0x38 H2BR1\H2BR1.o
                0x0000000008011c84                ClearROtopology
 .text.remoteBootloaderUpdate
                0x0000000008011cbc      0x178 H2BR1\H2BR1.o
                0x0000000008011cbc                remoteBootloaderUpdate
 .text.SetupPortForRemoteBootloaderUpdate
                0x0000000008011e34       0x52 H2BR1\H2BR1.o
                0x0000000008011e34                SetupPortForRemoteBootloaderUpdate
 *fill*         0x0000000008011e86        0x2 
 .text.Module_Peripheral_Init
                0x0000000008011e88      0x160 H2BR1\H2BR1.o
                0x0000000008011e88                Module_Peripheral_Init
 .text.Module_MessagingTask
                0x0000000008011fe8       0x42 H2BR1\H2BR1.o
                0x0000000008011fe8                Module_MessagingTask
 *fill*         0x000000000801202a        0x2 
 .text.GetPort  0x000000000801202c       0x80 H2BR1\H2BR1.o
                0x000000000801202c                GetPort
 .text.RegisterModuleCLICommands
                0x00000000080120ac        0xa H2BR1\H2BR1.o
                0x00000000080120ac                RegisterModuleCLICommands
 *fill*         0x00000000080120b6        0x2 
 .text.MAX30100_Set_Led_Current
                0x00000000080120b8       0x5c H2BR1\H2BR1.o
                0x00000000080120b8                MAX30100_Set_Led_Current
 .text.MAX30100_Read_FIFO
                0x0000000008012114       0xd0 H2BR1\H2BR1.o
                0x0000000008012114                MAX30100_Read_FIFO
 .text.Oxymeter_Add_Samples_To_Buffers
                0x00000000080121e4       0xb4 H2BR1\H2BR1.o
                0x00000000080121e4                Oxymeter_Add_Samples_To_Buffers
 .text.Oxymeter_Modify_Led_Current_Bias
                0x0000000008012298       0xd4 H2BR1\H2BR1.o
                0x0000000008012298                Oxymeter_Modify_Led_Current_Bias
 .text.Oxymeter_Detect_Finger
                0x000000000801236c       0x80 H2BR1\H2BR1.o
                0x000000000801236c                Oxymeter_Detect_Finger
 .text.Oxymeter_Signal_Processing
                0x00000000080123ec      0x9d4 H2BR1\H2BR1.o
                0x00000000080123ec                Oxymeter_Signal_Processing
 .text.Read_Data_When_Interrupt
                0x0000000008012dc0       0x68 H2BR1\H2BR1.o
                0x0000000008012dc0                Read_Data_When_Interrupt
 .text.Oxymeter_Calculating_HR_SPO2
                0x0000000008012e28       0xb0 H2BR1\H2BR1.o
                0x0000000008012e28                Oxymeter_Calculating_HR_SPO2
 .text.LL_DMAMUX_SetRequestID
                0x0000000008012ed8       0x3c H2BR1\H2BR1_dma.o
 .text.DMA_Init
                0x0000000008012f14       0xbc H2BR1\H2BR1_dma.o
                0x0000000008012f14                DMA_Init
 .text.DMA_MSG_RX_CH_Init
                0x0000000008012fd0       0x4c H2BR1\H2BR1_dma.o
                0x0000000008012fd0                DMA_MSG_RX_CH_Init
 .text.DMA_STREAM_CH_Init
                0x000000000801301c       0x4c H2BR1\H2BR1_dma.o
                0x000000000801301c                DMA_STREAM_CH_Init
 .text.SetupMessagingRxDMAs
                0x0000000008013068       0xb8 H2BR1\H2BR1_dma.o
                0x0000000008013068                SetupMessagingRxDMAs
 .text.DMA_MSG_RX_Setup
                0x0000000008013120       0x38 H2BR1\H2BR1_dma.o
                0x0000000008013120                DMA_MSG_RX_Setup
 .text.DMA_MSG_TX_UnSetup
                0x0000000008013158       0x28 H2BR1\H2BR1_dma.o
                0x0000000008013158                DMA_MSG_TX_UnSetup
 .text.DMA_STREAM_Setup
                0x0000000008013180       0x68 H2BR1\H2BR1_dma.o
                0x0000000008013180                DMA_STREAM_Setup
 .text.StopStreamDMA
                0x00000000080131e8       0x70 H2BR1\H2BR1_dma.o
                0x00000000080131e8                StopStreamDMA
 .text.StopMsgDMA
                0x0000000008013258       0x4c H2BR1\H2BR1_dma.o
                0x0000000008013258                StopMsgDMA
 .text.SwitchMsgDMAToStream
                0x00000000080132a4       0x50 H2BR1\H2BR1_dma.o
                0x00000000080132a4                SwitchMsgDMAToStream
 .text.SwitchStreamDMAToMsg
                0x00000000080132f4       0xd8 H2BR1\H2BR1_dma.o
                0x00000000080132f4                SwitchStreamDMAToMsg
 .text.UnSetupDMAInterrupts
                0x00000000080133cc       0xe4 H2BR1\H2BR1_dma.o
                0x00000000080133cc                UnSetupDMAInterrupts
 .text.RemapAndLinkDMAtoUARTRx
                0x00000000080134b0      0x134 H2BR1\H2BR1_dma.o
                0x00000000080134b0                RemapAndLinkDMAtoUARTRx
 .text.CRC_Init
                0x00000000080135e4       0x44 H2BR1\H2BR1_dma.o
                0x00000000080135e4                CRC_Init
 .text.HAL_CRC_MspInit
                0x0000000008013628       0x30 H2BR1\H2BR1_dma.o
                0x0000000008013628                HAL_CRC_MspInit
 .text.CalculateCRC8
                0x0000000008013658      0x154 H2BR1\H2BR1_dma.o
                0x0000000008013658                CalculateCRC8
 .text.EE_Init  0x00000000080137ac      0x684 H2BR1\H2BR1_eeprom.o
                0x00000000080137ac                EE_Init
 .text.EE_ReadVariable
                0x0000000008013e30       0xc0 H2BR1\H2BR1_eeprom.o
                0x0000000008013e30                EE_ReadVariable
 .text.EE_WriteVariable
                0x0000000008013ef0       0x64 H2BR1\H2BR1_eeprom.o
                0x0000000008013ef0                EE_WriteVariable
 .text.EE_Format
                0x0000000008013f54      0x14c H2BR1\H2BR1_eeprom.o
                0x0000000008013f54                EE_Format
 .text.EE_FindValidPage
                0x00000000080140a0       0x90 H2BR1\H2BR1_eeprom.o
 .text.EE_VerifyPageFullWriteVariable
                0x0000000008014130      0x160 H2BR1\H2BR1_eeprom.o
 .text.EE_PageTransfer
                0x0000000008014290      0x20c H2BR1\H2BR1_eeprom.o
 .text.EraseSector
                0x000000000801449c       0x60 H2BR1\H2BR1_eeprom.o
                0x000000000801449c                EraseSector
 .text.GPIO_Init
                0x00000000080144fc       0xd4 H2BR1\H2BR1_gpio.o
                0x00000000080144fc                GPIO_Init
 .text.IND_LED_Init
                0x00000000080145d0       0x34 H2BR1\H2BR1_gpio.o
                0x00000000080145d0                IND_LED_Init
 .text.IsFactoryReset
                0x0000000008014604      0x15c H2BR1\H2BR1_gpio.o
                0x0000000008014604                IsFactoryReset
 .text.GetPortGPIOs
                0x0000000008014760      0x144 H2BR1\H2BR1_gpio.o
                0x0000000008014760                GetPortGPIOs
 .text.MX_I2C2_Init
                0x00000000080148a4       0x68 H2BR1\H2BR1_i2c.o
                0x00000000080148a4                MX_I2C2_Init
 .text.HAL_I2C_MspInit
                0x000000000801490c       0x98 H2BR1\H2BR1_i2c.o
                0x000000000801490c                HAL_I2C_MspInit
 .text.MAX30100_Write
                0x00000000080149a4       0x64 H2BR1\H2BR1_i2c.o
                0x00000000080149a4                MAX30100_Write
 .text.MAX30100_Read
                0x0000000008014a08       0x5c H2BR1\H2BR1_i2c.o
                0x0000000008014a08                MAX30100_Read
 .text.buttonPressedCallback
                0x0000000008014a64       0x14 H2BR1\H2BR1_inputs.o
                0x0000000008014a64                buttonPressedCallback
 .text.CheckAttachedButtons
                0x0000000008014a78      0x7a8 H2BR1\H2BR1_inputs.o
                0x0000000008014a78                CheckAttachedButtons
 .text.CheckForTimedButtonPress
                0x0000000008015220       0xfc H2BR1\H2BR1_inputs.o
                0x0000000008015220                CheckForTimedButtonPress
 .text.CheckForTimedButtonRelease
                0x000000000801531c       0xfc H2BR1\H2BR1_inputs.o
                0x000000000801531c                CheckForTimedButtonRelease
 .text.AddPortButton
                0x0000000008015418      0x268 H2BR1\H2BR1_inputs.o
                0x0000000008015418                AddPortButton
 .text.RemovePortButton
                0x0000000008015680      0x208 H2BR1\H2BR1_inputs.o
                0x0000000008015680                RemovePortButton
 .text.SetButtonEvents
                0x0000000008015888      0x77c H2BR1\H2BR1_inputs.o
                0x0000000008015888                SetButtonEvents
 .text.MX_ADC_Init
                0x0000000008016004        0xa H2BR1\H2BR1_inputs.o
                0x0000000008016004                MX_ADC_Init
 *fill*         0x000000000801600e        0x2 
 .text.ADCSelectChannel
                0x0000000008016010       0xa0 H2BR1\H2BR1_inputs.o
                0x0000000008016010                ADCSelectChannel
 .text.ReadADCChannel
                0x00000000080160b0      0x10c H2BR1\H2BR1_inputs.o
                0x00000000080160b0                ReadADCChannel
 .text.ReadTempAndVref
                0x00000000080161bc      0x1f0 H2BR1\H2BR1_inputs.o
                0x00000000080161bc                ReadTempAndVref
 .text.GetReadPrecentage
                0x00000000080163ac      0x220 H2BR1\H2BR1_inputs.o
                0x00000000080163ac                GetReadPrecentage
 .text.Get_channel
                0x00000000080165cc       0x8c H2BR1\H2BR1_inputs.o
                0x00000000080165cc                Get_channel
 .text.Error_Handler
                0x0000000008016658       0x10 H2BR1\H2BR1_inputs.o
                0x0000000008016658                Error_Handler
 .text.Get_Rank
                0x0000000008016668       0x84 H2BR1\H2BR1_inputs.o
                0x0000000008016668                Get_Rank
 .text.buttonReleasedCallback
                0x00000000080166ec       0x14 H2BR1\H2BR1_inputs.o
                0x00000000080166ec                buttonReleasedCallback
 .text.buttonClickedCallback
                0x0000000008016700       0x14 H2BR1\H2BR1_inputs.o
                0x0000000008016700                buttonClickedCallback
 .text.buttonDblClickedCallback
                0x0000000008016714       0x14 H2BR1\H2BR1_inputs.o
                0x0000000008016714                buttonDblClickedCallback
 .text.buttonPressedForXCallback
                0x0000000008016728       0x1a H2BR1\H2BR1_inputs.o
                0x0000000008016728                buttonPressedForXCallback
 .text.buttonReleasedForYCallback
                0x0000000008016742       0x1a H2BR1\H2BR1_inputs.o
                0x0000000008016742                buttonReleasedForYCallback
 .text.__NVIC_SystemReset
                0x000000000801675c       0x24 H2BR1\H2BR1_it.o
 .text.SysTick_Handler
                0x0000000008016780       0x12 H2BR1\H2BR1_it.o
                0x0000000008016780                SysTick_Handler
 *fill*         0x0000000008016792        0x2 
 .text.HardFault_Handler
                0x0000000008016794       0x40 H2BR1\H2BR1_it.o
                0x0000000008016794                HardFault_Handler
 .text.USART1_IRQHandler
                0x00000000080167d4       0x30 H2BR1\H2BR1_it.o
                0x00000000080167d4                USART1_IRQHandler
 .text.USART2_LPUART2_IRQHandler
                0x0000000008016804       0x30 H2BR1\H2BR1_it.o
                0x0000000008016804                USART2_LPUART2_IRQHandler
 .text.USART3_4_5_6_LPUART1_IRQHandler
                0x0000000008016834       0x54 H2BR1\H2BR1_it.o
                0x0000000008016834                USART3_4_5_6_LPUART1_IRQHandler
 .text.HAL_UART_TxCpltCallback
                0x0000000008016888       0x48 H2BR1\H2BR1_it.o
                0x0000000008016888                HAL_UART_TxCpltCallback
 .text.HAL_UART_ErrorCallback
                0x00000000080168d0       0xd4 H2BR1\H2BR1_it.o
                0x00000000080168d0                HAL_UART_ErrorCallback
 .text.HAL_UART_RxCpltCallback
                0x00000000080169a4       0x10 H2BR1\H2BR1_it.o
                0x00000000080169a4                HAL_UART_RxCpltCallback
 .text.vApplicationStackOverflowHook
                0x00000000080169b4       0x44 H2BR1\H2BR1_it.o
                0x00000000080169b4                vApplicationStackOverflowHook
 .text.vApplicationMallocFailedHook
                0x00000000080169f8       0x40 H2BR1\H2BR1_it.o
                0x00000000080169f8                vApplicationMallocFailedHook
 .text.EXTI0_1_IRQHandler
                0x0000000008016a38       0x18 H2BR1\H2BR1_it.o
                0x0000000008016a38                EXTI0_1_IRQHandler
 .text.RTC_Init
                0x0000000008016a50       0xc4 H2BR1\H2BR1_rtc.o
                0x0000000008016a50                RTC_Init
 .text.RTC_CalendarConfig
                0x0000000008016b14      0x18c H2BR1\H2BR1_rtc.o
                0x0000000008016b14                RTC_CalendarConfig
 .text.BOS_CalendarConfig
                0x0000000008016ca0      0x128 H2BR1\H2BR1_rtc.o
                0x0000000008016ca0                BOS_CalendarConfig
 .text.GetTimeDate
                0x0000000008016dc8       0x90 H2BR1\H2BR1_rtc.o
                0x0000000008016dc8                GetTimeDate
 .text.TIM_USEC_Init
                0x0000000008016e58       0x74 H2BR1\H2BR1_timers.o
                0x0000000008016e58                TIM_USEC_Init
 .text.TIM_MSEC_Init
                0x0000000008016ecc       0x78 H2BR1\H2BR1_timers.o
                0x0000000008016ecc                TIM_MSEC_Init
 .text.StartMicroDelay
                0x0000000008016f44       0x48 H2BR1\H2BR1_timers.o
                0x0000000008016f44                StartMicroDelay
 .text.StartMilliDelay
                0x0000000008016f8c       0x48 H2BR1\H2BR1_timers.o
                0x0000000008016f8c                StartMilliDelay
 .text.MX_USART1_UART_Init
                0x0000000008016fd4       0x58 H2BR1\H2BR1_uart.o
                0x0000000008016fd4                MX_USART1_UART_Init
 .text.MX_USART2_UART_Init
                0x000000000801702c       0x58 H2BR1\H2BR1_uart.o
                0x000000000801702c                MX_USART2_UART_Init
 .text.MX_USART3_UART_Init
                0x0000000008017084       0x58 H2BR1\H2BR1_uart.o
                0x0000000008017084                MX_USART3_UART_Init
 .text.MX_USART4_UART_Init
                0x00000000080170dc       0x58 H2BR1\H2BR1_uart.o
                0x00000000080170dc                MX_USART4_UART_Init
 .text.MX_USART5_UART_Init
                0x0000000008017134       0x58 H2BR1\H2BR1_uart.o
                0x0000000008017134                MX_USART5_UART_Init
 .text.MX_USART6_UART_Init
                0x000000000801718c       0x58 H2BR1\H2BR1_uart.o
                0x000000000801718c                MX_USART6_UART_Init
 .text.HAL_UART_MspInit
                0x00000000080171e4      0x638 H2BR1\H2BR1_uart.o
                0x00000000080171e4                HAL_UART_MspInit
 .text.writePxMutex
                0x000000000801781c       0xac H2BR1\H2BR1_uart.o
                0x000000000801781c                writePxMutex
 .text.writePxITMutex
                0x00000000080178c8       0x78 H2BR1\H2BR1_uart.o
                0x00000000080178c8                writePxITMutex
 .text.UpdateBaudrate
                0x0000000008017940       0x3e H2BR1\H2BR1_uart.o
                0x0000000008017940                UpdateBaudrate
 *fill*         0x000000000801797e        0x2 
 .text.GetUart  0x0000000008017980       0x5c H2BR1\H2BR1_uart.o
                0x0000000008017980                GetUart
 .text.SwapUartPins
                0x00000000080179dc       0xd0 H2BR1\H2BR1_uart.o
                0x00000000080179dc                SwapUartPins
 .text.ReadPortsDir
                0x0000000008017aac       0xa8 H2BR1\H2BR1_uart.o
                0x0000000008017aac                ReadPortsDir
 .text.ReadPortsDirMSG
                0x0000000008017b54       0x80 H2BR1\H2BR1_uart.o
                0x0000000008017b54                ReadPortsDirMSG
 .text.UpdateMyPortsDir
                0x0000000008017bd4       0x84 H2BR1\H2BR1_uart.o
                0x0000000008017bd4                UpdateMyPortsDir
 .text.Reset_Handler
                0x0000000008017c58       0x90 H2BR1\startup_stm32g0b1ceuxn.o
                0x0000000008017c58                Reset_Handler
 .text.Default_Handler
                0x0000000008017ce8        0x2 H2BR1\startup_stm32g0b1ceuxn.o
                0x0000000008017ce8                I2C2_3_IRQHandler
                0x0000000008017ce8                TIM1_CC_IRQHandler
                0x0000000008017ce8                ADC1_COMP_IRQHandler
                0x0000000008017ce8                NMI_Handler
                0x0000000008017ce8                I2C1_IRQHandler
                0x0000000008017ce8                TIM7_LPTIM2_IRQHandler
                0x0000000008017ce8                TIM17_FDCAN_IT1_IRQHandler
                0x0000000008017ce8                DMA1_Ch4_7_DMA2_Ch1_5_DMAMUX1_OVR_IRQHandler
                0x0000000008017ce8                RCC_CRS_IRQHandler
                0x0000000008017ce8                RTC_TAMP_IRQHandler
                0x0000000008017ce8                SPI1_IRQHandler
                0x0000000008017ce8                USB_UCPD1_2_IRQHandler
                0x0000000008017ce8                EXTI2_3_IRQHandler
                0x0000000008017ce8                PVD_VDDIO2_IRQHandler
                0x0000000008017ce8                EXTI4_15_IRQHandler
                0x0000000008017ce8                DMA1_Channel1_IRQHandler
                0x0000000008017ce8                Default_Handler
                0x0000000008017ce8                CEC_IRQHandler
                0x0000000008017ce8                TIM14_IRQHandler
                0x0000000008017ce8                TIM15_IRQHandler
                0x0000000008017ce8                TIM3_TIM4_IRQHandler
                0x0000000008017ce8                SPI2_3_IRQHandler
                0x0000000008017ce8                TIM6_DAC_LPTIM1_IRQHandler
                0x0000000008017ce8                WWDG_IRQHandler
                0x0000000008017ce8                TIM2_IRQHandler
                0x0000000008017ce8                DMA1_Channel2_3_IRQHandler
                0x0000000008017ce8                FLASH_IRQHandler
                0x0000000008017ce8                TIM16_FDCAN_IT0_IRQHandler
                0x0000000008017ce8                TIM1_BRK_UP_TRG_COM_IRQHandler
 .text.SystemInit
                0x0000000008017cea        0xa Thirdparty\CMSIS\STM32G0xx\Device\ST\STM32G0xx\Source\Templates\system_stm32g0xx.o
                0x0000000008017cea                SystemInit
 .text.inHandlerMode
                0x0000000008017cf4       0x1c Thirdparty\Middleware\STM32G0xx\FreeRTOS\Source\CMSIS_RTOS\cmsis_os.o
 .text.osKernelStart
                0x0000000008017d10       0x10 Thirdparty\Middleware\STM32G0xx\FreeRTOS\Source\CMSIS_RTOS\cmsis_os.o
                0x0000000008017d10                osKernelStart
 .text.osDelay  0x0000000008017d20       0x28 Thirdparty\Middleware\STM32G0xx\FreeRTOS\Source\CMSIS_RTOS\cmsis_os.o
                0x0000000008017d20                osDelay
 .text.osSemaphoreCreate
                0x0000000008017d48       0x4a Thirdparty\Middleware\STM32G0xx\FreeRTOS\Source\CMSIS_RTOS\cmsis_os.o
                0x0000000008017d48                osSemaphoreCreate
 *fill*         0x0000000008017d92        0x2 
 .text.osSemaphoreWait
                0x0000000008017d94       0x94 Thirdparty\Middleware\STM32G0xx\FreeRTOS\Source\CMSIS_RTOS\cmsis_os.o
                0x0000000008017d94                osSemaphoreWait
 .text.osSemaphoreRelease
                0x0000000008017e28       0x64 Thirdparty\Middleware\STM32G0xx\FreeRTOS\Source\CMSIS_RTOS\cmsis_os.o
                0x0000000008017e28                osSemaphoreRelease
 .text.osSystickHandler
                0x0000000008017e8c       0x18 Thirdparty\Middleware\STM32G0xx\FreeRTOS\Source\CMSIS_RTOS\cmsis_os.o
                0x0000000008017e8c                osSystickHandler
 .text.FreeRTOS_CLIRegisterCommand
                0x0000000008017ea4       0x50 Thirdparty\Middleware\STM32G0xx\FreeRTOS\Source\FreeRTOS_CLI.o
                0x0000000008017ea4                FreeRTOS_CLIRegisterCommand
 .text.FreeRTOS_CLIProcessCommand
                0x0000000008017ef4      0x11c Thirdparty\Middleware\STM32G0xx\FreeRTOS\Source\FreeRTOS_CLI.o
                0x0000000008017ef4                FreeRTOS_CLIProcessCommand
 .text.FreeRTOS_CLIGetOutputBuffer
                0x0000000008018010       0x10 Thirdparty\Middleware\STM32G0xx\FreeRTOS\Source\FreeRTOS_CLI.o
                0x0000000008018010                FreeRTOS_CLIGetOutputBuffer
 .text.FreeRTOS_CLIGetParameter
                0x0000000008018020       0xbc Thirdparty\Middleware\STM32G0xx\FreeRTOS\Source\FreeRTOS_CLI.o
                0x0000000008018020                FreeRTOS_CLIGetParameter
 .text.prvHelpCommand
                0x00000000080180dc      0x154 Thirdparty\Middleware\STM32G0xx\FreeRTOS\Source\FreeRTOS_CLI.o
 .text.prvGetNumberOfParameters
                0x0000000008018230       0x7a Thirdparty\Middleware\STM32G0xx\FreeRTOS\Source\FreeRTOS_CLI.o
 .text.vListInitialise
                0x00000000080182aa       0x3c Thirdparty\Middleware\STM32G0xx\FreeRTOS\Source\list.o
                0x00000000080182aa                vListInitialise
 .text.vListInitialiseItem
                0x00000000080182e6       0x16 Thirdparty\Middleware\STM32G0xx\FreeRTOS\Source\list.o
                0x00000000080182e6                vListInitialiseItem
 .text.vListInsertEnd
                0x00000000080182fc       0x44 Thirdparty\Middleware\STM32G0xx\FreeRTOS\Source\list.o
                0x00000000080182fc                vListInsertEnd
 .text.vListInsert
                0x0000000008018340       0x6c Thirdparty\Middleware\STM32G0xx\FreeRTOS\Source\list.o
                0x0000000008018340                vListInsert
 .text.uxListRemove
                0x00000000080183ac       0x50 Thirdparty\Middleware\STM32G0xx\FreeRTOS\Source\list.o
                0x00000000080183ac                uxListRemove
 .text.pxPortInitialiseStack
                0x00000000080183fc       0x54 Thirdparty\Middleware\STM32G0xx\FreeRTOS\Source\portable\GCC\ARM_CM0\port.o
                0x00000000080183fc                pxPortInitialiseStack
 .text.prvTaskExitError
                0x0000000008018450       0x1e Thirdparty\Middleware\STM32G0xx\FreeRTOS\Source\portable\GCC\ARM_CM0\port.o
 .text.SVC_Handler
                0x000000000801846e        0xa Thirdparty\Middleware\STM32G0xx\FreeRTOS\Source\portable\GCC\ARM_CM0\port.o
                0x000000000801846e                SVC_Handler
 *fill*         0x0000000008018478        0x8 
 .text.vPortStartFirstTask
                0x0000000008018480       0x38 Thirdparty\Middleware\STM32G0xx\FreeRTOS\Source\portable\GCC\ARM_CM0\port.o
 .text.xPortStartScheduler
                0x00000000080184b8       0x48 Thirdparty\Middleware\STM32G0xx\FreeRTOS\Source\portable\GCC\ARM_CM0\port.o
                0x00000000080184b8                xPortStartScheduler
 .text.vPortYield
                0x0000000008018500       0x20 Thirdparty\Middleware\STM32G0xx\FreeRTOS\Source\portable\GCC\ARM_CM0\port.o
                0x0000000008018500                vPortYield
 .text.vPortEnterCritical
                0x0000000008018520       0x24 Thirdparty\Middleware\STM32G0xx\FreeRTOS\Source\portable\GCC\ARM_CM0\port.o
                0x0000000008018520                vPortEnterCritical
 .text.vPortExitCritical
                0x0000000008018544       0x24 Thirdparty\Middleware\STM32G0xx\FreeRTOS\Source\portable\GCC\ARM_CM0\port.o
                0x0000000008018544                vPortExitCritical
 .text.ulSetInterruptMaskFromISR
                0x0000000008018568        0xc Thirdparty\Middleware\STM32G0xx\FreeRTOS\Source\portable\GCC\ARM_CM0\port.o
                0x0000000008018568                ulSetInterruptMaskFromISR
 .text.vClearInterruptMaskFromISR
                0x0000000008018574        0x8 Thirdparty\Middleware\STM32G0xx\FreeRTOS\Source\portable\GCC\ARM_CM0\port.o
                0x0000000008018574                vClearInterruptMaskFromISR
 *fill*         0x000000000801857c        0x4 
 .text.PendSV_Handler
                0x0000000008018580       0x48 Thirdparty\Middleware\STM32G0xx\FreeRTOS\Source\portable\GCC\ARM_CM0\port.o
                0x0000000008018580                PendSV_Handler
 .text.xPortSysTickHandler
                0x00000000080185c8       0x34 Thirdparty\Middleware\STM32G0xx\FreeRTOS\Source\portable\GCC\ARM_CM0\port.o
                0x00000000080185c8                xPortSysTickHandler
 .text.vPortSetupTimerInterrupt
                0x00000000080185fc       0x44 Thirdparty\Middleware\STM32G0xx\FreeRTOS\Source\portable\GCC\ARM_CM0\port.o
                0x00000000080185fc                vPortSetupTimerInterrupt
 .text.pvPortMalloc
                0x0000000008018640      0x140 Thirdparty\Middleware\STM32G0xx\FreeRTOS\Source\portable\MemMang\heap_4.o
                0x0000000008018640                pvPortMalloc
 .text.vPortFree
                0x0000000008018780       0x80 Thirdparty\Middleware\STM32G0xx\FreeRTOS\Source\portable\MemMang\heap_4.o
                0x0000000008018780                vPortFree
 .text.prvHeapInit
                0x0000000008018800       0xc0 Thirdparty\Middleware\STM32G0xx\FreeRTOS\Source\portable\MemMang\heap_4.o
 .text.prvInsertBlockIntoFreeList
                0x00000000080188c0       0xb0 Thirdparty\Middleware\STM32G0xx\FreeRTOS\Source\portable\MemMang\heap_4.o
 .text.xQueueGenericReset
                0x0000000008018970       0x9e Thirdparty\Middleware\STM32G0xx\FreeRTOS\Source\queue.o
                0x0000000008018970                xQueueGenericReset
 .text.xQueueGenericCreate
                0x0000000008018a0e       0x52 Thirdparty\Middleware\STM32G0xx\FreeRTOS\Source\queue.o
                0x0000000008018a0e                xQueueGenericCreate
 .text.prvInitialiseNewQueue
                0x0000000008018a60       0x4e Thirdparty\Middleware\STM32G0xx\FreeRTOS\Source\queue.o
 .text.xQueueCreateCountingSemaphore
                0x0000000008018aae       0x30 Thirdparty\Middleware\STM32G0xx\FreeRTOS\Source\queue.o
                0x0000000008018aae                xQueueCreateCountingSemaphore
 .text.xQueueGenericSend
                0x0000000008018ade      0x12a Thirdparty\Middleware\STM32G0xx\FreeRTOS\Source\queue.o
                0x0000000008018ade                xQueueGenericSend
 .text.xQueueGenericSendFromISR
                0x0000000008018c08       0xa6 Thirdparty\Middleware\STM32G0xx\FreeRTOS\Source\queue.o
                0x0000000008018c08                xQueueGenericSendFromISR
 .text.xQueueGiveFromISR
                0x0000000008018cae       0x96 Thirdparty\Middleware\STM32G0xx\FreeRTOS\Source\queue.o
                0x0000000008018cae                xQueueGiveFromISR
 .text.xQueueReceive
                0x0000000008018d44      0x128 Thirdparty\Middleware\STM32G0xx\FreeRTOS\Source\queue.o
                0x0000000008018d44                xQueueReceive
 .text.xQueueSemaphoreTake
                0x0000000008018e6c      0x178 Thirdparty\Middleware\STM32G0xx\FreeRTOS\Source\queue.o
                0x0000000008018e6c                xQueueSemaphoreTake
 .text.xQueueReceiveFromISR
                0x0000000008018fe4       0xa0 Thirdparty\Middleware\STM32G0xx\FreeRTOS\Source\queue.o
                0x0000000008018fe4                xQueueReceiveFromISR
 .text.prvGetDisinheritPriorityAfterTimeout
                0x0000000008019084       0x2c Thirdparty\Middleware\STM32G0xx\FreeRTOS\Source\queue.o
 .text.prvCopyDataToQueue
                0x00000000080190b0       0xd6 Thirdparty\Middleware\STM32G0xx\FreeRTOS\Source\queue.o
 .text.prvCopyDataFromQueue
                0x0000000008019186       0x4c Thirdparty\Middleware\STM32G0xx\FreeRTOS\Source\queue.o
 .text.prvUnlockQueue
                0x00000000080191d2       0xbc Thirdparty\Middleware\STM32G0xx\FreeRTOS\Source\queue.o
 .text.prvIsQueueEmpty
                0x000000000801928e       0x2c Thirdparty\Middleware\STM32G0xx\FreeRTOS\Source\queue.o
 .text.prvIsQueueFull
                0x00000000080192ba       0x30 Thirdparty\Middleware\STM32G0xx\FreeRTOS\Source\queue.o
 *fill*         0x00000000080192ea        0x2 
 .text.vQueueAddToRegistry
                0x00000000080192ec       0x50 Thirdparty\Middleware\STM32G0xx\FreeRTOS\Source\queue.o
                0x00000000080192ec                vQueueAddToRegistry
 .text.vQueueWaitForMessageRestricted
                0x000000000801933c       0x66 Thirdparty\Middleware\STM32G0xx\FreeRTOS\Source\queue.o
                0x000000000801933c                vQueueWaitForMessageRestricted
 .text.xTaskCreate
                0x00000000080193a2       0x90 Thirdparty\Middleware\STM32G0xx\FreeRTOS\Source\tasks.o
                0x00000000080193a2                xTaskCreate
 *fill*         0x0000000008019432        0x2 
 .text.prvInitialiseNewTask
                0x0000000008019434      0x10c Thirdparty\Middleware\STM32G0xx\FreeRTOS\Source\tasks.o
 .text.prvAddNewTaskToReadyList
                0x0000000008019540       0xd0 Thirdparty\Middleware\STM32G0xx\FreeRTOS\Source\tasks.o
 .text.vTaskDelay
                0x0000000008019610       0x3a Thirdparty\Middleware\STM32G0xx\FreeRTOS\Source\tasks.o
                0x0000000008019610                vTaskDelay
 *fill*         0x000000000801964a        0x2 
 .text.eTaskGetState
                0x000000000801964c       0xd0 Thirdparty\Middleware\STM32G0xx\FreeRTOS\Source\tasks.o
                0x000000000801964c                eTaskGetState
 .text.uxTaskPriorityGet
                0x000000000801971c       0x34 Thirdparty\Middleware\STM32G0xx\FreeRTOS\Source\tasks.o
                0x000000000801971c                uxTaskPriorityGet
 .text.vTaskPrioritySet
                0x0000000008019750      0x110 Thirdparty\Middleware\STM32G0xx\FreeRTOS\Source\tasks.o
                0x0000000008019750                vTaskPrioritySet
 .text.vTaskStartScheduler
                0x0000000008019860       0x74 Thirdparty\Middleware\STM32G0xx\FreeRTOS\Source\tasks.o
                0x0000000008019860                vTaskStartScheduler
 .text.vTaskSuspendAll
                0x00000000080198d4       0x18 Thirdparty\Middleware\STM32G0xx\FreeRTOS\Source\tasks.o
                0x00000000080198d4                vTaskSuspendAll
 .text.xTaskResumeAll
                0x00000000080198ec      0x10c Thirdparty\Middleware\STM32G0xx\FreeRTOS\Source\tasks.o
                0x00000000080198ec                xTaskResumeAll
 .text.xTaskGetTickCount
                0x00000000080199f8       0x1c Thirdparty\Middleware\STM32G0xx\FreeRTOS\Source\tasks.o
                0x00000000080199f8                xTaskGetTickCount
 .text.xTaskGetTickCountFromISR
                0x0000000008019a14       0x20 Thirdparty\Middleware\STM32G0xx\FreeRTOS\Source\tasks.o
                0x0000000008019a14                xTaskGetTickCountFromISR
 .text.uxTaskGetSystemState
                0x0000000008019a34      0x120 Thirdparty\Middleware\STM32G0xx\FreeRTOS\Source\tasks.o
                0x0000000008019a34                uxTaskGetSystemState
 .text.xTaskIncrementTick
                0x0000000008019b54      0x150 Thirdparty\Middleware\STM32G0xx\FreeRTOS\Source\tasks.o
                0x0000000008019b54                xTaskIncrementTick
 .text.vTaskSwitchContext
                0x0000000008019ca4      0x124 Thirdparty\Middleware\STM32G0xx\FreeRTOS\Source\tasks.o
                0x0000000008019ca4                vTaskSwitchContext
 .text.vTaskPlaceOnEventList
                0x0000000008019dc8       0x34 Thirdparty\Middleware\STM32G0xx\FreeRTOS\Source\tasks.o
                0x0000000008019dc8                vTaskPlaceOnEventList
 .text.vTaskPlaceOnEventListRestricted
                0x0000000008019dfc       0x44 Thirdparty\Middleware\STM32G0xx\FreeRTOS\Source\tasks.o
                0x0000000008019dfc                vTaskPlaceOnEventListRestricted
 .text.xTaskRemoveFromEventList
                0x0000000008019e40       0xb0 Thirdparty\Middleware\STM32G0xx\FreeRTOS\Source\tasks.o
                0x0000000008019e40                xTaskRemoveFromEventList
 .text.vTaskInternalSetTimeOutState
                0x0000000008019ef0       0x28 Thirdparty\Middleware\STM32G0xx\FreeRTOS\Source\tasks.o
                0x0000000008019ef0                vTaskInternalSetTimeOutState
 .text.xTaskCheckForTimeOut
                0x0000000008019f18       0x8c Thirdparty\Middleware\STM32G0xx\FreeRTOS\Source\tasks.o
                0x0000000008019f18                xTaskCheckForTimeOut
 .text.vTaskMissedYield
                0x0000000008019fa4       0x14 Thirdparty\Middleware\STM32G0xx\FreeRTOS\Source\tasks.o
                0x0000000008019fa4                vTaskMissedYield
 .text.prvIdleTask
                0x0000000008019fb8       0x20 Thirdparty\Middleware\STM32G0xx\FreeRTOS\Source\tasks.o
 .text.prvInitialiseTaskLists
                0x0000000008019fd8       0x88 Thirdparty\Middleware\STM32G0xx\FreeRTOS\Source\tasks.o
 .text.prvCheckTasksWaitingTermination
                0x000000000801a060       0x5c Thirdparty\Middleware\STM32G0xx\FreeRTOS\Source\tasks.o
 .text.vTaskGetInfo
                0x000000000801a0bc       0xd8 Thirdparty\Middleware\STM32G0xx\FreeRTOS\Source\tasks.o
                0x000000000801a0bc                vTaskGetInfo
 .text.prvListTasksWithinSingleList
                0x000000000801a194       0xa6 Thirdparty\Middleware\STM32G0xx\FreeRTOS\Source\tasks.o
 .text.prvTaskCheckFreeStackSpace
                0x000000000801a23a       0x34 Thirdparty\Middleware\STM32G0xx\FreeRTOS\Source\tasks.o
 .text.prvDeleteTCB
                0x000000000801a26e       0x22 Thirdparty\Middleware\STM32G0xx\FreeRTOS\Source\tasks.o
 .text.prvResetNextTaskUnblockTime
                0x000000000801a290       0x3c Thirdparty\Middleware\STM32G0xx\FreeRTOS\Source\tasks.o
 .text.xTaskGetSchedulerState
                0x000000000801a2cc       0x38 Thirdparty\Middleware\STM32G0xx\FreeRTOS\Source\tasks.o
                0x000000000801a2cc                xTaskGetSchedulerState
 .text.xTaskPriorityInherit
                0x000000000801a304       0xd0 Thirdparty\Middleware\STM32G0xx\FreeRTOS\Source\tasks.o
                0x000000000801a304                xTaskPriorityInherit
 .text.xTaskPriorityDisinherit
                0x000000000801a3d4       0x98 Thirdparty\Middleware\STM32G0xx\FreeRTOS\Source\tasks.o
                0x000000000801a3d4                xTaskPriorityDisinherit
 .text.vTaskPriorityDisinheritAfterTimeout
                0x000000000801a46c       0xc0 Thirdparty\Middleware\STM32G0xx\FreeRTOS\Source\tasks.o
                0x000000000801a46c                vTaskPriorityDisinheritAfterTimeout
 .text.prvWriteNameToBuffer
                0x000000000801a52c       0x52 Thirdparty\Middleware\STM32G0xx\FreeRTOS\Source\tasks.o
 *fill*         0x000000000801a57e        0x2 
 .text.vTaskList
                0x000000000801a580      0x14c Thirdparty\Middleware\STM32G0xx\FreeRTOS\Source\tasks.o
                0x000000000801a580                vTaskList
 .text.vTaskGetRunTimeStats
                0x000000000801a6cc      0x118 Thirdparty\Middleware\STM32G0xx\FreeRTOS\Source\tasks.o
                0x000000000801a6cc                vTaskGetRunTimeStats
 .text.pvTaskIncrementMutexHeldCount
                0x000000000801a7e4       0x24 Thirdparty\Middleware\STM32G0xx\FreeRTOS\Source\tasks.o
                0x000000000801a7e4                pvTaskIncrementMutexHeldCount
 .text.ulTaskNotifyTake
                0x000000000801a808       0x84 Thirdparty\Middleware\STM32G0xx\FreeRTOS\Source\tasks.o
                0x000000000801a808                ulTaskNotifyTake
 .text.xTaskGenericNotify
                0x000000000801a88c      0x104 Thirdparty\Middleware\STM32G0xx\FreeRTOS\Source\tasks.o
                0x000000000801a88c                xTaskGenericNotify
 .text.xTaskGenericNotifyFromISR
                0x000000000801a990      0x140 Thirdparty\Middleware\STM32G0xx\FreeRTOS\Source\tasks.o
                0x000000000801a990                xTaskGenericNotifyFromISR
 .text.prvAddCurrentTaskToDelayedList
                0x000000000801aad0       0xa8 Thirdparty\Middleware\STM32G0xx\FreeRTOS\Source\tasks.o
 .text.xTimerCreateTimerTask
                0x000000000801ab78       0x4c Thirdparty\Middleware\STM32G0xx\FreeRTOS\Source\timers.o
                0x000000000801ab78                xTimerCreateTimerTask
 .text.xTimerCreate
                0x000000000801abc4       0x46 Thirdparty\Middleware\STM32G0xx\FreeRTOS\Source\timers.o
                0x000000000801abc4                xTimerCreate
 .text.prvInitialiseNewTimer
                0x000000000801ac0a       0x5a Thirdparty\Middleware\STM32G0xx\FreeRTOS\Source\timers.o
 .text.xTimerGenericCommand
                0x000000000801ac64       0x8c Thirdparty\Middleware\STM32G0xx\FreeRTOS\Source\timers.o
                0x000000000801ac64                xTimerGenericCommand
 .text.prvProcessExpiredTimer
                0x000000000801acf0       0x80 Thirdparty\Middleware\STM32G0xx\FreeRTOS\Source\timers.o
 .text.prvTimerTask
                0x000000000801ad70       0x28 Thirdparty\Middleware\STM32G0xx\FreeRTOS\Source\timers.o
 .text.prvProcessTimerOrBlockTask
                0x000000000801ad98       0x90 Thirdparty\Middleware\STM32G0xx\FreeRTOS\Source\timers.o
 .text.prvGetNextExpireTime
                0x000000000801ae28       0x44 Thirdparty\Middleware\STM32G0xx\FreeRTOS\Source\timers.o
 .text.prvSampleTimeNow
                0x000000000801ae6c       0x40 Thirdparty\Middleware\STM32G0xx\FreeRTOS\Source\timers.o
 .text.prvInsertTimerInActiveList
                0x000000000801aeac       0x84 Thirdparty\Middleware\STM32G0xx\FreeRTOS\Source\timers.o
 .text.prvProcessReceivedCommands
                0x000000000801af30      0x16c Thirdparty\Middleware\STM32G0xx\FreeRTOS\Source\timers.o
 .text.prvSwitchTimerLists
                0x000000000801b09c       0xb0 Thirdparty\Middleware\STM32G0xx\FreeRTOS\Source\timers.o
 .text.prvCheckForValidListAndQueue
                0x000000000801b14c       0x74 Thirdparty\Middleware\STM32G0xx\FreeRTOS\Source\timers.o
 .text.pvTimerGetTimerID
                0x000000000801b1c0       0x24 Thirdparty\Middleware\STM32G0xx\FreeRTOS\Source\timers.o
                0x000000000801b1c0                pvTimerGetTimerID
 .text.HAL_Init
                0x000000000801b1e4       0x40 Thirdparty\STM32G0xx_HAL_Driver\Src\stm32g0xx_hal.o
                0x000000000801b1e4                HAL_Init
 .text.HAL_InitTick
                0x000000000801b224       0x94 Thirdparty\STM32G0xx_HAL_Driver\Src\stm32g0xx_hal.o
                0x000000000801b224                HAL_InitTick
 .text.HAL_IncTick
                0x000000000801b2b8       0x24 Thirdparty\STM32G0xx_HAL_Driver\Src\stm32g0xx_hal.o
                0x000000000801b2b8                HAL_IncTick
 .text.HAL_GetTick
                0x000000000801b2dc       0x14 Thirdparty\STM32G0xx_HAL_Driver\Src\stm32g0xx_hal.o
                0x000000000801b2dc                HAL_GetTick
 .text.HAL_Delay
                0x000000000801b2f0       0x48 Thirdparty\STM32G0xx_HAL_Driver\Src\stm32g0xx_hal.o
                0x000000000801b2f0                HAL_Delay
 .text.HAL_GetREVID
                0x000000000801b338       0x18 Thirdparty\STM32G0xx_HAL_Driver\Src\stm32g0xx_hal.o
                0x000000000801b338                HAL_GetREVID
 .text.HAL_GetDEVID
                0x000000000801b350       0x18 Thirdparty\STM32G0xx_HAL_Driver\Src\stm32g0xx_hal.o
                0x000000000801b350                HAL_GetDEVID
 .text.LL_ADC_SetCommonPathInternalCh
                0x000000000801b368       0x28 Thirdparty\STM32G0xx_HAL_Driver\Src\stm32g0xx_hal_adc.o
 .text.LL_ADC_GetCommonPathInternalCh
                0x000000000801b390       0x1a Thirdparty\STM32G0xx_HAL_Driver\Src\stm32g0xx_hal_adc.o
 .text.LL_ADC_REG_IsTriggerSourceSWStart
                0x000000000801b3aa       0x22 Thirdparty\STM32G0xx_HAL_Driver\Src\stm32g0xx_hal_adc.o
 .text.LL_ADC_REG_SetSequencerRanks
                0x000000000801b3cc       0x40 Thirdparty\STM32G0xx_HAL_Driver\Src\stm32g0xx_hal_adc.o
 .text.LL_ADC_REG_SetSequencerChAdd
                0x000000000801b40c       0x22 Thirdparty\STM32G0xx_HAL_Driver\Src\stm32g0xx_hal_adc.o
 .text.LL_ADC_REG_SetSequencerChRem
                0x000000000801b42e       0x24 Thirdparty\STM32G0xx_HAL_Driver\Src\stm32g0xx_hal_adc.o
 *fill*         0x000000000801b452        0x2 
 .text.LL_ADC_SetChannelSamplingTime
                0x000000000801b454       0x38 Thirdparty\STM32G0xx_HAL_Driver\Src\stm32g0xx_hal_adc.o
 .text.LL_ADC_Enable
                0x000000000801b48c       0x24 Thirdparty\STM32G0xx_HAL_Driver\Src\stm32g0xx_hal_adc.o
 .text.LL_ADC_Disable
                0x000000000801b4b0       0x24 Thirdparty\STM32G0xx_HAL_Driver\Src\stm32g0xx_hal_adc.o
 .text.LL_ADC_IsEnabled
                0x000000000801b4d4       0x22 Thirdparty\STM32G0xx_HAL_Driver\Src\stm32g0xx_hal_adc.o
 .text.LL_ADC_IsDisableOngoing
                0x000000000801b4f6       0x22 Thirdparty\STM32G0xx_HAL_Driver\Src\stm32g0xx_hal_adc.o
 .text.LL_ADC_REG_StartConversion
                0x000000000801b518       0x24 Thirdparty\STM32G0xx_HAL_Driver\Src\stm32g0xx_hal_adc.o
 .text.LL_ADC_REG_StopConversion
                0x000000000801b53c       0x24 Thirdparty\STM32G0xx_HAL_Driver\Src\stm32g0xx_hal_adc.o
 .text.LL_ADC_REG_IsConversionOngoing
                0x000000000801b560       0x22 Thirdparty\STM32G0xx_HAL_Driver\Src\stm32g0xx_hal_adc.o
 *fill*         0x000000000801b582        0x2 
 .text.HAL_ADC_Start
                0x000000000801b584       0x9c Thirdparty\STM32G0xx_HAL_Driver\Src\stm32g0xx_hal_adc.o
                0x000000000801b584                HAL_ADC_Start
 .text.HAL_ADC_Stop
                0x000000000801b620       0x78 Thirdparty\STM32G0xx_HAL_Driver\Src\stm32g0xx_hal_adc.o
                0x000000000801b620                HAL_ADC_Stop
 .text.HAL_ADC_PollForConversion
                0x000000000801b698      0x128 Thirdparty\STM32G0xx_HAL_Driver\Src\stm32g0xx_hal_adc.o
                0x000000000801b698                HAL_ADC_PollForConversion
 .text.HAL_ADC_GetValue
                0x000000000801b7c0       0x16 Thirdparty\STM32G0xx_HAL_Driver\Src\stm32g0xx_hal_adc.o
                0x000000000801b7c0                HAL_ADC_GetValue
 *fill*         0x000000000801b7d6        0x2 
 .text.HAL_ADC_ConfigChannel
                0x000000000801b7d8      0x3b0 Thirdparty\STM32G0xx_HAL_Driver\Src\stm32g0xx_hal_adc.o
                0x000000000801b7d8                HAL_ADC_ConfigChannel
 .text.ADC_ConversionStop
                0x000000000801bb88       0x84 Thirdparty\STM32G0xx_HAL_Driver\Src\stm32g0xx_hal_adc.o
                0x000000000801bb88                ADC_ConversionStop
 .text.ADC_Enable
                0x000000000801bc0c      0x10c Thirdparty\STM32G0xx_HAL_Driver\Src\stm32g0xx_hal_adc.o
                0x000000000801bc0c                ADC_Enable
 .text.ADC_Disable
                0x000000000801bd18       0xbc Thirdparty\STM32G0xx_HAL_Driver\Src\stm32g0xx_hal_adc.o
                0x000000000801bd18                ADC_Disable
 .text.__NVIC_EnableIRQ
                0x000000000801bdd4       0x34 Thirdparty\STM32G0xx_HAL_Driver\Src\stm32g0xx_hal_cortex.o
 .text.__NVIC_DisableIRQ
                0x000000000801be08       0x44 Thirdparty\STM32G0xx_HAL_Driver\Src\stm32g0xx_hal_cortex.o
 .text.__NVIC_SetPriority
                0x000000000801be4c       0xdc Thirdparty\STM32G0xx_HAL_Driver\Src\stm32g0xx_hal_cortex.o
 .text.SysTick_Config
                0x000000000801bf28       0x48 Thirdparty\STM32G0xx_HAL_Driver\Src\stm32g0xx_hal_cortex.o
 .text.HAL_NVIC_SetPriority
                0x000000000801bf70       0x2a Thirdparty\STM32G0xx_HAL_Driver\Src\stm32g0xx_hal_cortex.o
                0x000000000801bf70                HAL_NVIC_SetPriority
 .text.HAL_NVIC_EnableIRQ
                0x000000000801bf9a       0x20 Thirdparty\STM32G0xx_HAL_Driver\Src\stm32g0xx_hal_cortex.o
                0x000000000801bf9a                HAL_NVIC_EnableIRQ
 .text.HAL_NVIC_DisableIRQ
                0x000000000801bfba       0x20 Thirdparty\STM32G0xx_HAL_Driver\Src\stm32g0xx_hal_cortex.o
                0x000000000801bfba                HAL_NVIC_DisableIRQ
 .text.HAL_SYSTICK_Config
                0x000000000801bfda       0x1a Thirdparty\STM32G0xx_HAL_Driver\Src\stm32g0xx_hal_cortex.o
                0x000000000801bfda                HAL_SYSTICK_Config
 .text.HAL_SYSTICK_CLKSourceConfig
                0x000000000801bff4       0x34 Thirdparty\STM32G0xx_HAL_Driver\Src\stm32g0xx_hal_cortex.o
                0x000000000801bff4                HAL_SYSTICK_CLKSourceConfig
 .text.HAL_CRC_Init
                0x000000000801c028       0xcc Thirdparty\STM32G0xx_HAL_Driver\Src\stm32g0xx_hal_crc.o
                0x000000000801c028                HAL_CRC_Init
 .text.HAL_CRC_Accumulate
                0x000000000801c0f4       0x8e Thirdparty\STM32G0xx_HAL_Driver\Src\stm32g0xx_hal_crc.o
                0x000000000801c0f4                HAL_CRC_Accumulate
 .text.HAL_CRC_Calculate
                0x000000000801c182       0x9e Thirdparty\STM32G0xx_HAL_Driver\Src\stm32g0xx_hal_crc.o
                0x000000000801c182                HAL_CRC_Calculate
 .text.CRC_Handle_8
                0x000000000801c220      0x122 Thirdparty\STM32G0xx_HAL_Driver\Src\stm32g0xx_hal_crc.o
 .text.CRC_Handle_16
                0x000000000801c342       0x6e Thirdparty\STM32G0xx_HAL_Driver\Src\stm32g0xx_hal_crc.o
 .text.HAL_CRCEx_Polynomial_Set
                0x000000000801c3b0       0xda Thirdparty\STM32G0xx_HAL_Driver\Src\stm32g0xx_hal_crc_ex.o
                0x000000000801c3b0                HAL_CRCEx_Polynomial_Set
 *fill*         0x000000000801c48a        0x2 
 .text.HAL_DMA_Init
                0x000000000801c48c      0x158 Thirdparty\STM32G0xx_HAL_Driver\Src\stm32g0xx_hal_dma.o
                0x000000000801c48c                HAL_DMA_Init
 .text.HAL_DMA_Start_IT
                0x000000000801c5e4      0x10c Thirdparty\STM32G0xx_HAL_Driver\Src\stm32g0xx_hal_dma.o
                0x000000000801c5e4                HAL_DMA_Start_IT
 .text.HAL_DMA_Abort
                0x000000000801c6f0       0xc0 Thirdparty\STM32G0xx_HAL_Driver\Src\stm32g0xx_hal_dma.o
                0x000000000801c6f0                HAL_DMA_Abort
 .text.HAL_DMA_Abort_IT
                0x000000000801c7b0       0xd0 Thirdparty\STM32G0xx_HAL_Driver\Src\stm32g0xx_hal_dma.o
                0x000000000801c7b0                HAL_DMA_Abort_IT
 .text.HAL_DMA_GetError
                0x000000000801c880       0x14 Thirdparty\STM32G0xx_HAL_Driver\Src\stm32g0xx_hal_dma.o
                0x000000000801c880                HAL_DMA_GetError
 .text.DMA_SetConfig
                0x000000000801c894       0x78 Thirdparty\STM32G0xx_HAL_Driver\Src\stm32g0xx_hal_dma.o
 .text.DMA_CalcDMAMUXChannelBaseAndMask
                0x000000000801c90c       0x94 Thirdparty\STM32G0xx_HAL_Driver\Src\stm32g0xx_hal_dma.o
 .text.DMA_CalcDMAMUXRequestGenBaseAndMask
                0x000000000801c9a0       0x48 Thirdparty\STM32G0xx_HAL_Driver\Src\stm32g0xx_hal_dma.o
 .text.HAL_FLASH_Program
                0x000000000801c9e8       0x9c Thirdparty\STM32G0xx_HAL_Driver\Src\stm32g0xx_hal_flash.o
                0x000000000801c9e8                HAL_FLASH_Program
 .text.HAL_FLASH_Unlock
                0x000000000801ca84       0x48 Thirdparty\STM32G0xx_HAL_Driver\Src\stm32g0xx_hal_flash.o
                0x000000000801ca84                HAL_FLASH_Unlock
 .text.HAL_FLASH_Lock
                0x000000000801cacc       0x38 Thirdparty\STM32G0xx_HAL_Driver\Src\stm32g0xx_hal_flash.o
                0x000000000801cacc                HAL_FLASH_Lock
 .text.FLASH_WaitForLastOperation
                0x000000000801cb04       0x9c Thirdparty\STM32G0xx_HAL_Driver\Src\stm32g0xx_hal_flash.o
                0x000000000801cb04                FLASH_WaitForLastOperation
 .text.FLASH_Program_DoubleWord
                0x000000000801cba0       0x40 Thirdparty\STM32G0xx_HAL_Driver\Src\stm32g0xx_hal_flash.o
 .text.HAL_FLASHEx_Erase
                0x000000000801cbe0       0xe0 Thirdparty\STM32G0xx_HAL_Driver\Src\stm32g0xx_hal_flash_ex.o
                0x000000000801cbe0                HAL_FLASHEx_Erase
 .text.FLASH_MassErase
                0x000000000801ccc0       0x28 Thirdparty\STM32G0xx_HAL_Driver\Src\stm32g0xx_hal_flash_ex.o
 .text.FLASH_PageErase
                0x000000000801cce8      0x198 Thirdparty\STM32G0xx_HAL_Driver\Src\stm32g0xx_hal_flash_ex.o
                0x000000000801cce8                FLASH_PageErase
 .text.HAL_GPIO_Init
                0x000000000801ce80      0x2d8 Thirdparty\STM32G0xx_HAL_Driver\Src\stm32g0xx_hal_gpio.o
                0x000000000801ce80                HAL_GPIO_Init
 .text.HAL_GPIO_DeInit
                0x000000000801d158      0x1b0 Thirdparty\STM32G0xx_HAL_Driver\Src\stm32g0xx_hal_gpio.o
                0x000000000801d158                HAL_GPIO_DeInit
 .text.HAL_GPIO_ReadPin
                0x000000000801d308       0x3a Thirdparty\STM32G0xx_HAL_Driver\Src\stm32g0xx_hal_gpio.o
                0x000000000801d308                HAL_GPIO_ReadPin
 .text.HAL_GPIO_WritePin
                0x000000000801d342       0x3a Thirdparty\STM32G0xx_HAL_Driver\Src\stm32g0xx_hal_gpio.o
                0x000000000801d342                HAL_GPIO_WritePin
 .text.HAL_GPIO_TogglePin
                0x000000000801d37c       0x36 Thirdparty\STM32G0xx_HAL_Driver\Src\stm32g0xx_hal_gpio.o
                0x000000000801d37c                HAL_GPIO_TogglePin
 *fill*         0x000000000801d3b2        0x2 
 .text.HAL_GPIO_EXTI_IRQHandler
                0x000000000801d3b4       0x54 Thirdparty\STM32G0xx_HAL_Driver\Src\stm32g0xx_hal_gpio.o
                0x000000000801d3b4                HAL_GPIO_EXTI_IRQHandler
 .text.HAL_GPIO_EXTI_Rising_Callback
                0x000000000801d408       0x14 Thirdparty\STM32G0xx_HAL_Driver\Src\stm32g0xx_hal_gpio.o
                0x000000000801d408                HAL_GPIO_EXTI_Rising_Callback
 .text.HAL_GPIO_EXTI_Falling_Callback
                0x000000000801d41c       0x14 Thirdparty\STM32G0xx_HAL_Driver\Src\stm32g0xx_hal_gpio.o
                0x000000000801d41c                HAL_GPIO_EXTI_Falling_Callback
 .text.HAL_I2C_Init
                0x000000000801d430      0x12c Thirdparty\STM32G0xx_HAL_Driver\Src\stm32g0xx_hal_i2c.o
                0x000000000801d430                HAL_I2C_Init
 .text.HAL_I2C_Master_Transmit
                0x000000000801d55c      0x210 Thirdparty\STM32G0xx_HAL_Driver\Src\stm32g0xx_hal_i2c.o
                0x000000000801d55c                HAL_I2C_Master_Transmit
 .text.HAL_I2C_Master_Receive
                0x000000000801d76c      0x210 Thirdparty\STM32G0xx_HAL_Driver\Src\stm32g0xx_hal_i2c.o
                0x000000000801d76c                HAL_I2C_Master_Receive
 .text.I2C_Flush_TXDR
                0x000000000801d97c       0x44 Thirdparty\STM32G0xx_HAL_Driver\Src\stm32g0xx_hal_i2c.o
 .text.I2C_WaitOnFlagUntilTimeout
                0x000000000801d9c0       0x7e Thirdparty\STM32G0xx_HAL_Driver\Src\stm32g0xx_hal_i2c.o
 .text.I2C_WaitOnTXISFlagUntilTimeout
                0x000000000801da3e       0x7e Thirdparty\STM32G0xx_HAL_Driver\Src\stm32g0xx_hal_i2c.o
 .text.I2C_WaitOnSTOPFlagUntilTimeout
                0x000000000801dabc       0x78 Thirdparty\STM32G0xx_HAL_Driver\Src\stm32g0xx_hal_i2c.o
 .text.I2C_WaitOnRXNEFlagUntilTimeout
                0x000000000801db34       0xf4 Thirdparty\STM32G0xx_HAL_Driver\Src\stm32g0xx_hal_i2c.o
 .text.I2C_IsErrorOccurred
                0x000000000801dc28      0x200 Thirdparty\STM32G0xx_HAL_Driver\Src\stm32g0xx_hal_i2c.o
 .text.I2C_TransferConfig
                0x000000000801de28       0x74 Thirdparty\STM32G0xx_HAL_Driver\Src\stm32g0xx_hal_i2c.o
 .text.HAL_I2CEx_ConfigAnalogFilter
                0x000000000801de9c       0x98 Thirdparty\STM32G0xx_HAL_Driver\Src\stm32g0xx_hal_i2c_ex.o
                0x000000000801de9c                HAL_I2CEx_ConfigAnalogFilter
 .text.HAL_I2CEx_ConfigDigitalFilter
                0x000000000801df34       0x98 Thirdparty\STM32G0xx_HAL_Driver\Src\stm32g0xx_hal_i2c_ex.o
                0x000000000801df34                HAL_I2CEx_ConfigDigitalFilter
 .text.HAL_MspInit
                0x000000000801dfcc        0xa Thirdparty\STM32G0xx_HAL_Driver\Src\stm32g0xx_hal_msp_template.o
                0x000000000801dfcc                HAL_MspInit
 *fill*         0x000000000801dfd6        0x2 
 .text.HAL_PWR_EnableBkUpAccess
                0x000000000801dfd8       0x1c Thirdparty\STM32G0xx_HAL_Driver\Src\stm32g0xx_hal_pwr.o
                0x000000000801dfd8                HAL_PWR_EnableBkUpAccess
 .text.HAL_PWREx_ControlVoltageScaling
                0x000000000801dff4       0x80 Thirdparty\STM32G0xx_HAL_Driver\Src\stm32g0xx_hal_pwr_ex.o
                0x000000000801dff4                HAL_PWREx_ControlVoltageScaling
 .text.LL_RCC_GetAPB1Prescaler
                0x000000000801e074       0x18 Thirdparty\STM32G0xx_HAL_Driver\Src\stm32g0xx_hal_rcc.o
 .text.HAL_RCC_OscConfig
                0x000000000801e08c      0x6c0 Thirdparty\STM32G0xx_HAL_Driver\Src\stm32g0xx_hal_rcc.o
                0x000000000801e08c                HAL_RCC_OscConfig
 .text.HAL_RCC_ClockConfig
                0x000000000801e74c      0x210 Thirdparty\STM32G0xx_HAL_Driver\Src\stm32g0xx_hal_rcc.o
                0x000000000801e74c                HAL_RCC_ClockConfig
 .text.HAL_RCC_GetSysClockFreq
                0x000000000801e95c      0x104 Thirdparty\STM32G0xx_HAL_Driver\Src\stm32g0xx_hal_rcc.o
                0x000000000801e95c                HAL_RCC_GetSysClockFreq
 .text.HAL_RCC_GetHCLKFreq
                0x000000000801ea60       0x14 Thirdparty\STM32G0xx_HAL_Driver\Src\stm32g0xx_hal_rcc.o
                0x000000000801ea60                HAL_RCC_GetHCLKFreq
 .text.HAL_RCC_GetPCLK1Freq
                0x000000000801ea74       0x2c Thirdparty\STM32G0xx_HAL_Driver\Src\stm32g0xx_hal_rcc.o
                0x000000000801ea74                HAL_RCC_GetPCLK1Freq
 .text.HAL_RCCEx_PeriphCLKConfig
                0x000000000801eaa0      0x478 Thirdparty\STM32G0xx_HAL_Driver\Src\stm32g0xx_hal_rcc_ex.o
                0x000000000801eaa0                HAL_RCCEx_PeriphCLKConfig
 .text.HAL_RTC_Init
                0x000000000801ef18      0x144 Thirdparty\STM32G0xx_HAL_Driver\Src\stm32g0xx_hal_rtc.o
                0x000000000801ef18                HAL_RTC_Init
 .text.HAL_RTC_MspInit
                0x000000000801f05c       0x10 Thirdparty\STM32G0xx_HAL_Driver\Src\stm32g0xx_hal_rtc.o
                0x000000000801f05c                HAL_RTC_MspInit
 .text.HAL_RTC_SetTime
                0x000000000801f06c      0x150 Thirdparty\STM32G0xx_HAL_Driver\Src\stm32g0xx_hal_rtc.o
                0x000000000801f06c                HAL_RTC_SetTime
 .text.HAL_RTC_GetTime
                0x000000000801f1bc       0xb8 Thirdparty\STM32G0xx_HAL_Driver\Src\stm32g0xx_hal_rtc.o